Archive member included to satisfy reference by file (symbol)

d:/stm32/stm32cubeide_1.12.0/stm32cubeide/plugins/com.st.stm32cube.ide.mcu.externaltools.gnu-tools-for-stm32.11.3.rel1.win32_1.0.100.202301251239/tools/bin/../lib/gcc/arm-none-eabi/11.3.1/../../../../arm-none-eabi/lib/thumb/v7-m/nofp\libc_nano.a(libc_a-exit.o)
                              d:/stm32/stm32cubeide_1.12.0/stm32cubeide/plugins/com.st.stm32cube.ide.mcu.externaltools.gnu-tools-for-stm32.11.3.rel1.win32_1.0.100.202301251239/tools/bin/../lib/gcc/arm-none-eabi/11.3.1/../../../../arm-none-eabi/lib/thumb/v7-m/nofp/crt0.o (exit)
d:/stm32/stm32cubeide_1.12.0/stm32cubeide/plugins/com.st.stm32cube.ide.mcu.externaltools.gnu-tools-for-stm32.11.3.rel1.win32_1.0.100.202301251239/tools/bin/../lib/gcc/arm-none-eabi/11.3.1/../../../../arm-none-eabi/lib/thumb/v7-m/nofp\libc_nano.a(libc_a-findfp.o)
                              d:/stm32/stm32cubeide_1.12.0/stm32cubeide/plugins/com.st.stm32cube.ide.mcu.externaltools.gnu-tools-for-stm32.11.3.rel1.win32_1.0.100.202301251239/tools/bin/../lib/gcc/arm-none-eabi/11.3.1/../../../../arm-none-eabi/lib/thumb/v7-m/nofp\libc_nano.a(libc_a-exit.o) (__stdio_exit_handler)
d:/stm32/stm32cubeide_1.12.0/stm32cubeide/plugins/com.st.stm32cube.ide.mcu.externaltools.gnu-tools-for-stm32.11.3.rel1.win32_1.0.100.202301251239/tools/bin/../lib/gcc/arm-none-eabi/11.3.1/../../../../arm-none-eabi/lib/thumb/v7-m/nofp\libc_nano.a(libc_a-fwalk.o)
                              d:/stm32/stm32cubeide_1.12.0/stm32cubeide/plugins/com.st.stm32cube.ide.mcu.externaltools.gnu-tools-for-stm32.11.3.rel1.win32_1.0.100.202301251239/tools/bin/../lib/gcc/arm-none-eabi/11.3.1/../../../../arm-none-eabi/lib/thumb/v7-m/nofp\libc_nano.a(libc_a-findfp.o) (_fwalk_sglue)
d:/stm32/stm32cubeide_1.12.0/stm32cubeide/plugins/com.st.stm32cube.ide.mcu.externaltools.gnu-tools-for-stm32.11.3.rel1.win32_1.0.100.202301251239/tools/bin/../lib/gcc/arm-none-eabi/11.3.1/../../../../arm-none-eabi/lib/thumb/v7-m/nofp\libc_nano.a(libc_a-stdio.o)
                              d:/stm32/stm32cubeide_1.12.0/stm32cubeide/plugins/com.st.stm32cube.ide.mcu.externaltools.gnu-tools-for-stm32.11.3.rel1.win32_1.0.100.202301251239/tools/bin/../lib/gcc/arm-none-eabi/11.3.1/../../../../arm-none-eabi/lib/thumb/v7-m/nofp\libc_nano.a(libc_a-findfp.o) (__sread)
d:/stm32/stm32cubeide_1.12.0/stm32cubeide/plugins/com.st.stm32cube.ide.mcu.externaltools.gnu-tools-for-stm32.11.3.rel1.win32_1.0.100.202301251239/tools/bin/../lib/gcc/arm-none-eabi/11.3.1/../../../../arm-none-eabi/lib/thumb/v7-m/nofp\libc_nano.a(libc_a-memset.o)
                              d:/stm32/stm32cubeide_1.12.0/stm32cubeide/plugins/com.st.stm32cube.ide.mcu.externaltools.gnu-tools-for-stm32.11.3.rel1.win32_1.0.100.202301251239/tools/bin/../lib/gcc/arm-none-eabi/11.3.1/../../../../arm-none-eabi/lib/thumb/v7-m/nofp/crt0.o (memset)
d:/stm32/stm32cubeide_1.12.0/stm32cubeide/plugins/com.st.stm32cube.ide.mcu.externaltools.gnu-tools-for-stm32.11.3.rel1.win32_1.0.100.202301251239/tools/bin/../lib/gcc/arm-none-eabi/11.3.1/../../../../arm-none-eabi/lib/thumb/v7-m/nofp\libc_nano.a(libc_a-closer.o)
                              d:/stm32/stm32cubeide_1.12.0/stm32cubeide/plugins/com.st.stm32cube.ide.mcu.externaltools.gnu-tools-for-stm32.11.3.rel1.win32_1.0.100.202301251239/tools/bin/../lib/gcc/arm-none-eabi/11.3.1/../../../../arm-none-eabi/lib/thumb/v7-m/nofp\libc_nano.a(libc_a-stdio.o) (_close_r)
d:/stm32/stm32cubeide_1.12.0/stm32cubeide/plugins/com.st.stm32cube.ide.mcu.externaltools.gnu-tools-for-stm32.11.3.rel1.win32_1.0.100.202301251239/tools/bin/../lib/gcc/arm-none-eabi/11.3.1/../../../../arm-none-eabi/lib/thumb/v7-m/nofp\libc_nano.a(libc_a-reent.o)
                              d:/stm32/stm32cubeide_1.12.0/stm32cubeide/plugins/com.st.stm32cube.ide.mcu.externaltools.gnu-tools-for-stm32.11.3.rel1.win32_1.0.100.202301251239/tools/bin/../lib/gcc/arm-none-eabi/11.3.1/../../../../arm-none-eabi/lib/thumb/v7-m/nofp\libc_nano.a(libc_a-closer.o) (errno)
d:/stm32/stm32cubeide_1.12.0/stm32cubeide/plugins/com.st.stm32cube.ide.mcu.externaltools.gnu-tools-for-stm32.11.3.rel1.win32_1.0.100.202301251239/tools/bin/../lib/gcc/arm-none-eabi/11.3.1/../../../../arm-none-eabi/lib/thumb/v7-m/nofp\libc_nano.a(libc_a-impure.o)
                              d:/stm32/stm32cubeide_1.12.0/stm32cubeide/plugins/com.st.stm32cube.ide.mcu.externaltools.gnu-tools-for-stm32.11.3.rel1.win32_1.0.100.202301251239/tools/bin/../lib/gcc/arm-none-eabi/11.3.1/../../../../arm-none-eabi/lib/thumb/v7-m/nofp\libc_nano.a(libc_a-reent.o) (_impure_ptr)
d:/stm32/stm32cubeide_1.12.0/stm32cubeide/plugins/com.st.stm32cube.ide.mcu.externaltools.gnu-tools-for-stm32.11.3.rel1.win32_1.0.100.202301251239/tools/bin/../lib/gcc/arm-none-eabi/11.3.1/../../../../arm-none-eabi/lib/thumb/v7-m/nofp\libc_nano.a(libc_a-lseekr.o)
[...]
Memory Configuration

Name             Origin             Length             Attributes
RAM              0x0000000020000000 0x0000000000005000 xrw
FLASH            0x0000000008000000 0x0000000000020000 xr
*default*        0x0000000000000000 0xffffffffffffffff

Linker script and memory map

LOAD d:/stm32/stm32cubeide_1.12.0/stm32cubeide/plugins/com.st.stm32cube.ide.mcu.externaltools.gnu-tools-for-stm32.11.3.rel1.win32_1.0.100.202301251239/tools/bin/../lib/gcc/arm-none-eabi/11.3.1/thumb/v7-m/nofp/crti.o
LOAD d:/stm32/stm32cubeide_1.12.0/stm32cubeide/plugins/com.st.stm32cube.ide.mcu.externaltools.gnu-tools-for-stm32.11.3.rel1.win32_1.0.100.202301251239/tools/bin/../lib/gcc/arm-none-eabi/11.3.1/thumb/v7-m/nofp/crtbegin.o
LOAD d:/stm32/stm32cubeide_1.12.0/stm32cubeide/plugins/com.st.stm32cube.ide.mcu.externaltools.gnu-tools-for-stm32.11.3.rel1.win32_1.0.100.202301251239/tools/bin/../lib/gcc/arm-none-eabi/11.3.1/../../../../arm-none-eabi/lib/thumb/v7-m/nofp/crt0.o
LOAD ./Core/Src/adc.o
LOAD ./Core/Src/can.o
LOAD ./Core/Src/dma.o
LOAD ./Core/Src/gpio.o
LOAD ./Core/Src/main.o
LOAD ./Core/Src/stm32f1xx_hal_msp.o
LOAD ./Core/Src/stm32f1xx_it.o
LOAD ./Core/Src/syscalls.o
LOAD ./Core/Src/sysmem.o
LOAD ./Core/Src/system_stm32f1xx.o
LOAD ./Core/Src/tim.o
LOAD ./Core/Src/usart.o
LOAD ./Core/Src/conf/ndsconf.o
LOAD ./Core/Src/eeprom/eeprom.o
LOAD ./Core/Src/io/CO_fifo.o
LOAD ./Core/Src/io/canport.o
LOAD ./Core/Src/io/process.o
LOAD ./Core/Src/io/usartport.o
LOAD ./Core/Src/sensors/gpioexti.o
LOAD ./Core/Src/sensors/hx711.o
LOAD ./Core/Src/sensors/modbus.o
LOAD ./Core/Startup/startup_stm32f103cbtx.o
LOAD ./Drivers/STM32F1xx_HAL_Driver/Src/stm32f1xx_hal.o
LOAD ./Drivers/STM32F1xx_HAL_Driver/Src/stm32f1xx_hal_adc.o
LOAD ./Drivers/STM32F1xx_HAL_Driver/Src/stm32f1xx_hal_adc_ex.o
LOAD ./Drivers/STM32F1xx_HAL_Driver/Src/stm32f1xx_hal_can.o
LOAD ./Drivers/STM32F1xx_HAL_Driver/Src/stm32f1xx_hal_cortex.o
LOAD ./Drivers/STM32F1xx_HAL_Driver/Src/stm32f1xx_hal_dma.o
LOAD ./Drivers/STM32F1xx_HAL_Driver/Src/stm32f1xx_hal_exti.o
LOAD ./Drivers/STM32F1xx_HAL_Driver/Src/stm32f1xx_hal_flash.o
LOAD ./Drivers/STM32F1xx_HAL_Driver/Src/stm32f1xx_hal_flash_ex.o
LOAD ./Drivers/STM32F1xx_HAL_Driver/Src/stm32f1xx_hal_gpio.o
LOAD ./Drivers/STM32F1xx_HAL_Driver/Src/stm32f1xx_hal_gpio_ex.o
LOAD ./Drivers/STM32F1xx_HAL_Driver/Src/stm32f1xx_hal_pwr.o
LOAD ./Drivers/STM32F1xx_HAL_Driver/Src/stm32f1xx_hal_rcc.o
LOAD ./Drivers/STM32F1xx_HAL_Driver/Src/stm32f1xx_hal_rcc_ex.o
LOAD ./Drivers/STM32F1xx_HAL_Driver/Src/stm32f1xx_hal_tim.o
LOAD ./Drivers/STM32F1xx_HAL_Driver/Src/stm32f1xx_hal_tim_ex.o
LOAD ./Drivers/STM32F1xx_HAL_Driver/Src/stm32f1xx_hal_uart.o
START GROUP
LOAD d:/stm32/stm32cubeide_1.12.0/stm32cubeide/plugins/com.st.stm32cube.ide.mcu.externaltools.gnu-tools-for-stm32.11.3.rel1.win32_1.0.100.202301251239/tools/bin/../lib/gcc/arm-none-eabi/11.3.1/../../../../arm-none-eabi/lib/thumb/v7-m/nofp\libc_nano.a
LOAD d:/stm32/stm32cubeide_1.12.0/stm32cubeide/plugins/com.st.stm32cube.ide.mcu.externaltools.gnu-tools-for-stm32.11.3.rel1.win32_1.0.100.202301251239/tools/bin/../lib/gcc/arm-none-eabi/11.3.1/../../../../arm-none-eabi/lib/thumb/v7-m/nofp\libm.a
END GROUP
START GROUP
LOAD d:/stm32/stm32cubeide_1.12.0/stm32cubeide/plugins/com.st.stm32cube.ide.mcu.externaltools.gnu-tools-for-stm32.11.3.rel1.win32_1.0.100.202301251239/tools/bin/../lib/gcc/arm-none-eabi/11.3.1/thumb/v7-m/nofp\libgcc.a
LOAD d:/stm32/stm32cubeide_1.12.0/stm32cubeide/plugins/com.st.stm32cube.ide.mcu.externaltools.gnu-tools-for-stm32.11.3.rel1.win32_1.0.100.202301251239/tools/bin/../lib/gcc/arm-none-eabi/11.3.1/../../../../arm-none-eabi/lib/thumb/v7-m/nofp\libc_nano.a
END GROUP
START GROUP
LOAD d:/stm32/stm32cubeide_1.12.0/stm32cubeide/plugins/com.st.stm32cube.ide.mcu.externaltools.gnu-tools-for-stm32.11.3.rel1.win32_1.0.100.202301251239/tools/bin/../lib/gcc/arm-none-eabi/11.3.1/thumb/v7-m/nofp\libgcc.a
LOAD d:/stm32/stm32cubeide_1.12.0/stm32cubeide/plugins/com.st.stm32cube.ide.mcu.externaltools.gnu-tools-for-stm32.11.3.rel1.win32_1.0.100.202301251239/tools/bin/../lib/gcc/arm-none-eabi/11.3.1/../../../../arm-none-eabi/lib/thumb/v7-m/nofp\libc_nano.a
LOAD d:/stm32/stm32cubeide_1.12.0/stm32cubeide/plugins/com.st.stm32cube.ide.mcu.externaltools.gnu-tools-for-stm32.11.3.rel1.win32_1.0.100.202301251239/tools/bin/../lib/gcc/arm-none-eabi/11.3.1/../../../../arm-none-eabi/lib/thumb/v7-m/nofp\libnosys.a
END GROUP
START GROUP
LOAD d:/stm32/stm32cubeide_1.12.0/stm32cubeide/plugins/com.st.stm32cube.ide.mcu.externaltools.gnu-tools-for-stm32.11.3.rel1.win32_1.0.100.202301251239/tools/bin/../lib/gcc/arm-none-eabi/11.3.1/thumb/v7-m/nofp\libgcc.a
LOAD d:/stm32/stm32cubeide_1.12.0/stm32cubeide/plugins/com.st.stm32cube.ide.mcu.externaltools.gnu-tools-for-stm32.11.3.rel1.win32_1.0.100.202301251239/tools/bin/../lib/gcc/arm-none-eabi/11.3.1/../../../../arm-none-eabi/lib/thumb/v7-m/nofp\libc_nano.a
LOAD d:/stm32/stm32cubeide_1.12.0/stm32cubeide/plugins/com.st.stm32cube.ide.mcu.externaltools.gnu-tools-for-stm32.11.3.rel1.win32_1.0.100.202301251239/tools/bin/../lib/gcc/arm-none-eabi/11.3.1/../../../../arm-none-eabi/lib/thumb/v7-m/nofp\libnosys.a
END GROUP
LOAD d:/stm32/stm32cubeide_1.12.0/stm32cubeide/plugins/com.st.stm32cube.ide.mcu.externaltools.gnu-tools-for-stm32.11.3.rel1.win32_1.0.100.202301251239/tools/bin/../lib/gcc/arm-none-eabi/11.3.1/thumb/v7-m/nofp/crtend.o
LOAD d:/stm32/stm32cubeide_1.12.0/stm32cubeide/plugins/com.st.stm32cube.ide.mcu.externaltools.gnu-tools-for-stm32.11.3.rel1.win32_1.0.100.202301251239/tools/bin/../lib/gcc/arm-none-eabi/11.3.1/thumb/v7-m/nofp/crtn.o
                0x0000000020005000                _estack = (ORIGIN (RAM) + LENGTH (RAM))
                0x0000000000000200                _Min_Heap_Size = 0x200
                0x0000000000000400                _Min_Stack_Size = 0x400

.isr_vector     0x0000000008000000      0x10c
                0x0000000008000000                . = ALIGN (0x4)
 *(.isr_vector)
 .isr_vector    0x0000000008000000      0x10c ./Core/Startup/startup_stm32f103cbtx.o
                0x0000000008000000                g_pfnVectors
                0x000000000800010c                . = ALIGN (0x4)

.text           0x000000000800010c     0x787c
                0x000000000800010c                . = ALIGN (0x4)
 *(.text)
 .text          0x000000000800010c       0x40 d:/stm32/stm32cubeide_1.12.0/stm32cubeide/plugins/com.st.stm32cube.ide.mcu.externaltools.gnu-tools-for-stm32.11.3.rel1.win32_1.0.100.202301251239/tools/bin/../lib/gcc/arm-none-eabi/11.3.1/thumb/v7-m/nofp/crtbegin.o
 .text          0x000000000800014c      0x21c d:/stm32/stm32cubeide_1.12.0/stm32cubeide/plugins/com.st.stm32cube.ide.mcu.externaltools.gnu-tools-for-stm32.11.3.rel1.win32_1.0.100.202301251239/tools/bin/../lib/gcc/arm-none-eabi/11.3.1/thumb/v7-m/nofp\libgcc.a(_arm_addsubsf3.o)
                0x000000000800014c                __aeabi_frsub
                0x0000000008000154                __subsf3
                0x0000000008000154                __aeabi_fsub
                0x0000000008000158                __aeabi_fadd
                0x0000000008000158                __addsf3
                0x00000000080002b8                __aeabi_ui2f
                0x00000000080002b8                __floatunsisf
                0x00000000080002c0                __aeabi_i2f
                0x00000000080002c0                __floatsisf
                0x00000000080002dc                __aeabi_ul2f
                0x00000000080002dc                __floatundisf
                0x00000000080002ec                __aeabi_l2f
                0x00000000080002ec                __floatdisf
 .text          0x0000000008000368      0x2a0 d:/stm32/stm32cubeide_1.12.0/stm32cubeide/plugins/com.st.stm32cube.ide.mcu.externaltools.gnu-tools-for-stm32.11.3.rel1.win32_1.0.100.202301251239/tools/bin/../lib/gcc/arm-none-eabi/11.3.1/thumb/v7-m/nofp\libgcc.a(_arm_muldivsf3.o)
                0x0000000008000368                __mulsf3
                0x0000000008000368                __aeabi_fmul
                0x00000000080004d0                __aeabi_fdiv
                0x00000000080004d0                __divsf3
 .text          0x0000000008000608       0xec d:/stm32/stm32cubeide_1.12.0/stm32cubeide/plugins/com.st.stm32cube.ide.mcu.externaltools.gnu-tools-for-stm32.11.3.rel1.win32_1.0.100.202301251239/tools/bin/../lib/gcc/arm-none-eabi/11.3.1/thumb/v7-m/nofp\libgcc.a(_arm_cmpsf2.o)
                0x0000000008000608                __gesf2
                0x0000000008000608                __gtsf2
                0x0000000008000610                __lesf2
                0x0000000008000610                __ltsf2
                0x0000000008000618                __nesf2
                0x0000000008000618                __eqsf2
                0x0000000008000618                __cmpsf2
                0x0000000008000678                __aeabi_cfrcmple
                0x0000000008000680                __aeabi_cfcmpeq
                0x0000000008000680                __aeabi_cfcmple
                0x0000000008000690                __aeabi_fcmpeq
                0x00000000080006a4                __aeabi_fcmplt
                0x00000000080006b8                __aeabi_fcmple
                0x00000000080006cc                __aeabi_fcmpge
                0x00000000080006e0                __aeabi_fcmpgt
 .text          0x00000000080006f4       0x4c d:/stm32/stm32cubeide_1.12.0/stm32cubeide/plugins/com.st.stm32cube.ide.mcu.externaltools.gnu-tools-for-stm32.11.3.rel1.win32_1.0.100.202301251239/tools/bin/../lib/gcc/arm-none-eabi/11.3.1/thumb/v7-m/nofp\libgcc.a(_arm_fixsfsi.o)
                0x00000000080006f4                __aeabi_f2iz
                0x00000000080006f4                __fixsfsi
 *(.text*)
 .text.MX_ADC1_Init
                0x0000000008000740       0x7c ./Core/Src/adc.o
                0x0000000008000740                MX_ADC1_Init
 .text.HAL_ADC_MspInit
                0x00000000080007bc       0xd0 ./Core/Src/adc.o
                0x00000000080007bc                HAL_ADC_MspInit
 .text.MX_CAN_Init
                0x000000000800088c       0x70 ./Core/Src/can.o
                0x000000000800088c                MX_CAN_Init
 .text.HAL_CAN_MspInit
                0x00000000080008fc       0xc8 ./Core/Src/can.o
                0x00000000080008fc                HAL_CAN_MspInit
 .text.MX_DMA_Init
                0x00000000080009c4       0x3c ./Core/Src/dma.o
                0x00000000080009c4                MX_DMA_Init
 .text.MX_GPIO_Init
                0x0000000008000a00       0xf0 ./Core/Src/gpio.o
                0x0000000008000a00                MX_GPIO_Init
 .text.main     0x0000000008000af0       0x88 ./Core/Src/main.o
                0x0000000008000af0                main
 .text.SystemClock_Config
                0x0000000008000b78       0xb6 ./Core/Src/main.o
                0x0000000008000b78                SystemClock_Config
 .text.Error_Handler
                0x0000000008000c2e        0xa ./Core/Src/main.o
                0x0000000008000c2e                Error_Handler
 .text.HAL_MspInit
                0x0000000008000c38       0x64 ./Core/Src/stm32f1xx_hal_msp.o
                0x0000000008000c38                HAL_MspInit
 .text.NMI_Handler
                0x0000000008000c9c        0x6 ./Core/Src/stm32f1xx_it.o
                0x0000000008000c9c                NMI_Handler
 .text.HardFault_Handler
                0x0000000008000ca2        0x6 ./Core/Src/stm32f1xx_it.o
                0x0000000008000ca2                HardFault_Handler
 .text.MemManage_Handler
                0x0000000008000ca8        0x6 ./Core/Src/stm32f1xx_it.o
                0x0000000008000ca8                MemManage_Handler
 .text.BusFault_Handler
                0x0000000008000cae        0x6 ./Core/Src/stm32f1xx_it.o
                0x0000000008000cae                BusFault_Handler
 .text.UsageFault_Handler
                0x0000000008000cb4        0x6 ./Core/Src/stm32f1xx_it.o
                0x0000000008000cb4                UsageFault_Handler
 .text.SVC_Handler
                0x0000000008000cba        0xc ./Core/Src/stm32f1xx_it.o
                0x0000000008000cba                SVC_Handler
 .text.DebugMon_Handler
                0x0000000008000cc6        0xc ./Core/Src/stm32f1xx_it.o
                0x0000000008000cc6                DebugMon_Handler
 .text.PendSV_Handler
                0x0000000008000cd2        0xc ./Core/Src/stm32f1xx_it.o
                0x0000000008000cd2                PendSV_Handler
 .text.SysTick_Handler
                0x0000000008000cde        0xc ./Core/Src/stm32f1xx_it.o
                0x0000000008000cde                SysTick_Handler
 *fill*         0x0000000008000cea        0x2 
 .text.DMA1_Channel1_IRQHandler
                0x0000000008000cec       0x14 ./Core/Src/stm32f1xx_it.o
                0x0000000008000cec                DMA1_Channel1_IRQHandler
 .text.USB_LP_CAN1_RX0_IRQHandler
                0x0000000008000d00       0x14 ./Core/Src/stm32f1xx_it.o
                0x0000000008000d00                USB_LP_CAN1_RX0_IRQHandler
 .text.CAN1_RX1_IRQHandler
                0x0000000008000d14       0x14 ./Core/Src/stm32f1xx_it.o
                0x0000000008000d14                CAN1_RX1_IRQHandler
 .text.CAN1_SCE_IRQHandler
                0x0000000008000d28       0x14 ./Core/Src/stm32f1xx_it.o
                0x0000000008000d28                CAN1_SCE_IRQHandler
 .text.TIM2_IRQHandler
                0x0000000008000d3c       0x14 ./Core/Src/stm32f1xx_it.o
                0x0000000008000d3c                TIM2_IRQHandler
 .text.TIM4_IRQHandler
                0x0000000008000d50       0x14 ./Core/Src/stm32f1xx_it.o
                0x0000000008000d50                TIM4_IRQHandler
 .text.USART1_IRQHandler
                0x0000000008000d64       0x14 ./Core/Src/stm32f1xx_it.o
                0x0000000008000d64                USART1_IRQHandler
 .text.USART2_IRQHandler
                0x0000000008000d78       0x14 ./Core/Src/stm32f1xx_it.o
                0x0000000008000d78                USART2_IRQHandler
 .text.EXTI15_10_IRQHandler
                0x0000000008000d8c       0x20 ./Core/Src/stm32f1xx_it.o
                0x0000000008000d8c                EXTI15_10_IRQHandler
 .text.SystemInit
                0x0000000008000dac        0xc ./Core/Src/system_stm32f1xx.o
                0x0000000008000dac                SystemInit
 .text.MX_TIM1_Init
                0x0000000008000db8      0x108 ./Core/Src/tim.o
                0x0000000008000db8                MX_TIM1_Init
 .text.MX_TIM2_Init
                0x0000000008000ec0       0x9c ./Core/Src/tim.o
                0x0000000008000ec0                MX_TIM2_Init
 .text.MX_TIM4_Init
                0x0000000008000f5c       0x9c ./Core/Src/tim.o
                0x0000000008000f5c                MX_TIM4_Init
 .text.HAL_TIM_PWM_MspInit
                0x0000000008000ff8       0x3c ./Core/Src/tim.o
                0x0000000008000ff8                HAL_TIM_PWM_MspInit
 .text.HAL_TIM_Base_MspInit
                0x0000000008001034       0x80 ./Core/Src/tim.o
                0x0000000008001034                HAL_TIM_Base_MspInit
 .text.HAL_TIM_MspPostInit
                0x00000000080010b4       0x68 ./Core/Src/tim.o
                0x00000000080010b4                HAL_TIM_MspPostInit
 .text.MX_USART1_UART_Init
                0x000000000800111c       0x54 ./Core/Src/usart.o
                0x000000000800111c                MX_USART1_UART_Init
 .text.MX_USART2_UART_Init
                0x0000000008001170       0x54 ./Core/Src/usart.o
                0x0000000008001170                MX_USART2_UART_Init
 .text.MX_USART3_UART_Init
                0x00000000080011c4       0x54 ./Core/Src/usart.o
                0x00000000080011c4                MX_USART3_UART_Init
 .text.HAL_UART_MspInit
                0x0000000008001218      0x1a0 ./Core/Src/usart.o
                0x0000000008001218                HAL_UART_MspInit
 .text.CONF_init
                0x00000000080013b8       0x2c ./Core/Src/conf/ndsconf.o
                0x00000000080013b8                CONF_init
 .text.CONF_load
                0x00000000080013e4      0x28c ./Core/Src/conf/ndsconf.o
                0x00000000080013e4                CONF_load
 .text.CONF_setID
                0x0000000008001670       0x50 ./Core/Src/conf/ndsconf.o
                0x0000000008001670                CONF_setID
 .text.EE_Init  0x00000000080016c0      0x3e8 ./Core/Src/eeprom/eeprom.o
                0x00000000080016c0                EE_Init
 .text.EE_ReadVariable
                0x0000000008001aa8       0x98 ./Core/Src/eeprom/eeprom.o
                0x0000000008001aa8                EE_ReadVariable
 .text.EE_WriteVariable
                0x0000000008001b40       0x4c ./Core/Src/eeprom/eeprom.o
                0x0000000008001b40                EE_WriteVariable
 .text.EE_Format
                0x0000000008001b8c       0x94 ./Core/Src/eeprom/eeprom.o
 .text.EE_FindValidPage
                0x0000000008001c20       0x88 ./Core/Src/eeprom/eeprom.o
 .text.EE_VerifyPageFullWriteVariable
                0x0000000008001ca8       0xc8 ./Core/Src/eeprom/eeprom.o
 .text.EE_PageTransfer
                0x0000000008001d70      0x190 ./Core/Src/eeprom/eeprom.o
 .text.EE_VerifyPageFullyErased
                0x0000000008001f00       0x4c ./Core/Src/eeprom/eeprom.o
 .text.CO_fifo_init
                0x0000000008001f4c       0x42 ./Core/Src/io/CO_fifo.o
                0x0000000008001f4c                CO_fifo_init
 .text.CO_fifo_write
                0x0000000008001f8e       0xa6 ./Core/Src/io/CO_fifo.o
                0x0000000008001f8e                CO_fifo_write
 .text.CO_fifo_read
                0x0000000008002034       0xae ./Core/Src/io/CO_fifo.o
                0x0000000008002034                CO_fifo_read
 .text.CO_fifo_getOccupied
                0x00000000080020e2       0x30 ./Core/Src/io/canport.o
 *fill*         0x0000000008002112        0x2 
 .text.CANsetNormalMode
                0x0000000008002114       0x30 ./Core/Src/io/canport.o
                0x0000000008002114                CANsetNormalMode
 .text.CANmodule_init
                0x0000000008002144       0xf4 ./Core/Src/io/canport.o
                0x0000000008002144                CANmodule_init
 .text.prv_send_can_message
                0x0000000008002238       0x80 ./Core/Src/io/canport.o
 .text.CANsend  0x00000000080022b8       0x8c ./Core/Src/io/canport.o
                0x00000000080022b8                CANsend
 .text.CANclearPendingSync
                0x0000000008002344       0xc4 ./Core/Src/io/canport.o
                0x0000000008002344                CANclearPendingSync
 .text.CANmodule_process
                0x0000000008002408       0x90 ./Core/Src/io/canport.o
                0x0000000008002408                CANmodule_process
 .text.prv_read_can_received_msg
                0x0000000008002498       0x84 ./Core/Src/io/canport.o
 .text.HAL_CAN_RxFifo0MsgPendingCallback
                0x000000000800251c       0x28 ./Core/Src/io/canport.o
                0x000000000800251c                HAL_CAN_RxFifo0MsgPendingCallback
 .text.HAL_CAN_RxFifo1MsgPendingCallback
                0x0000000008002544       0x28 ./Core/Src/io/canport.o
                0x0000000008002544                HAL_CAN_RxFifo1MsgPendingCallback
 .text.CANinterrupt_TX
                0x000000000800256c       0xb0 ./Core/Src/io/canport.o
                0x000000000800256c                CANinterrupt_TX
 .text.HAL_CAN_TxMailbox0CompleteCallback
                0x000000000800261c       0x18 ./Core/Src/io/canport.o
                0x000000000800261c                HAL_CAN_TxMailbox0CompleteCallback
 .text.HAL_CAN_TxMailbox1CompleteCallback
                0x0000000008002634       0x18 ./Core/Src/io/canport.o
                0x0000000008002634                HAL_CAN_TxMailbox1CompleteCallback
 .text.HAL_CAN_TxMailbox2CompleteCallback
                0x000000000800264c       0x18 ./Core/Src/io/canport.o
                0x000000000800264c                HAL_CAN_TxMailbox2CompleteCallback
 .text.CANreadMsg
                0x0000000008002664       0x40 ./Core/Src/io/canport.o
                0x0000000008002664                CANreadMsg
 .text.Proc_init
                0x00000000080026a4       0x24 ./Core/Src/io/process.o
                0x00000000080026a4                Proc_init
 .text.Proc_report_strength
                0x00000000080026c8       0x48 ./Core/Src/io/process.o
                0x00000000080026c8                Proc_report_strength
 .text.Proc_report_touched
                0x0000000008002710       0x68 ./Core/Src/io/process.o
                0x0000000008002710                Proc_report_touched
 .text.Proc_report_stationAng
                0x0000000008002778      0x104 ./Core/Src/io/process.o
                0x0000000008002778                Proc_report_stationAng
 .text.Proc_handle
                0x000000000800287c       0xf4 ./Core/Src/io/process.o
                0x000000000800287c                Proc_handle
 .text.Proc_loop
                0x0000000008002970       0xf8 ./Core/Src/io/process.o
                0x0000000008002970                Proc_loop
 .text.HAL_UART_RxCpltCallback
                0x0000000008002a68       0x4c ./Core/Src/io/usartport.o
                0x0000000008002a68                HAL_UART_RxCpltCallback
 .text.HAL_UART_ErrorCallback
                0x0000000008002ab4       0x6c ./Core/Src/io/usartport.o
                0x0000000008002ab4                HAL_UART_ErrorCallback
 .text.GPIO_updateTouchedState
                0x0000000008002b20       0x7c ./Core/Src/sensors/gpioexti.o
                0x0000000008002b20                GPIO_updateTouchedState
 .text.HAL_GPIO_EXTI_Callback
                0x0000000008002b9c       0x50 ./Core/Src/sensors/gpioexti.o
                0x0000000008002b9c                HAL_GPIO_EXTI_Callback
 .text.hx711_delay_us
                0x0000000008002bec       0x30 ./Core/Src/sensors/hx711.o
                0x0000000008002bec                hx711_delay_us
 .text.hx711_init
                0x0000000008002c1c       0xbc ./Core/Src/sensors/hx711.o
                0x0000000008002c1c                hx711_init
 .text.hx711_value
                0x0000000008002cd8       0xe0 ./Core/Src/sensors/hx711.o
                0x0000000008002cd8                hx711_value
 .text.hx711_is_ready
                0x0000000008002db8       0x2c ./Core/Src/sensors/hx711.o
                0x0000000008002db8                hx711_is_ready
 .text.hx711_proc
                0x0000000008002de4       0x98 ./Core/Src/sensors/hx711.o
                0x0000000008002de4                hx711_proc
 .text.modbus_crc16
                0x0000000008002e7c       0x78 ./Core/Src/sensors/modbus.o
                0x0000000008002e7c                modbus_crc16
 .text.Modbus_init
                0x0000000008002ef4       0x94 ./Core/Src/sensors/modbus.o
                0x0000000008002ef4                Modbus_init
 .text.HAL_TIM_PeriodElapsedCallback
                0x0000000008002f88       0x4c ./Core/Src/sensors/modbus.o
                0x0000000008002f88                HAL_TIM_PeriodElapsedCallback
 .text.HAL_UARTEx_RxEventCallback
                0x0000000008002fd4       0x4c ./Core/Src/sensors/modbus.o
                0x0000000008002fd4                HAL_UARTEx_RxEventCallback
 .text.Process_Modbus_Frame
                0x0000000008003020      0x15c ./Core/Src/sensors/modbus.o
                0x0000000008003020                Process_Modbus_Frame
 .text.Modbus_proc
                0x000000000800317c       0x44 ./Core/Src/sensors/modbus.o
                0x000000000800317c                Modbus_proc
 .text.Reset_Handler
                0x00000000080031c0       0x48 ./Core/Startup/startup_stm32f103cbtx.o
                0x00000000080031c0                Reset_Handler
 .text.Default_Handler
                0x0000000008003208        0x2 ./Core/Startup/startup_stm32f103cbtx.o
                0x0000000008003208                RTC_Alarm_IRQHandler
                0x0000000008003208                EXTI2_IRQHandler
                0x0000000008003208                TIM1_CC_IRQHandler
                0x0000000008003208                PVD_IRQHandler
                0x0000000008003208                EXTI3_IRQHandler
                0x0000000008003208                EXTI0_IRQHandler
                0x0000000008003208                I2C2_EV_IRQHandler
                0x0000000008003208                ADC1_2_IRQHandler
                0x0000000008003208                SPI1_IRQHandler
                0x0000000008003208                TAMPER_IRQHandler
                0x0000000008003208                DMA1_Channel4_IRQHandler
                0x0000000008003208                USART3_IRQHandler
                0x0000000008003208                RTC_IRQHandler
                0x0000000008003208                DMA1_Channel7_IRQHandler
                0x0000000008003208                I2C1_EV_IRQHandler
                0x0000000008003208                DMA1_Channel6_IRQHandler
                0x0000000008003208                TIM3_IRQHandler
                0x0000000008003208                RCC_IRQHandler
                0x0000000008003208                TIM1_TRG_COM_IRQHandler
                0x0000000008003208                Default_Handler
                0x0000000008003208                EXTI9_5_IRQHandler
                0x0000000008003208                SPI2_IRQHandler
                0x0000000008003208                DMA1_Channel5_IRQHandler
                0x0000000008003208                EXTI4_IRQHandler
                0x0000000008003208                USB_HP_CAN1_TX_IRQHandler
                0x0000000008003208                DMA1_Channel3_IRQHandler
                0x0000000008003208                TIM1_UP_IRQHandler
                0x0000000008003208                WWDG_IRQHandler
                0x0000000008003208                TIM1_BRK_IRQHandler
                0x0000000008003208                EXTI1_IRQHandler
                0x0000000008003208                I2C2_ER_IRQHandler
                0x0000000008003208                DMA1_Channel2_IRQHandler
                0x0000000008003208                FLASH_IRQHandler
                0x0000000008003208                I2C1_ER_IRQHandler
                0x0000000008003208                USBWakeUp_IRQHandler
 *fill*         0x000000000800320a        0x2 
 .text.HAL_Init
                0x000000000800320c       0x2c ./Drivers/STM32F1xx_HAL_Driver/Src/stm32f1xx_hal.o
                0x000000000800320c                HAL_Init
 .text.HAL_InitTick
                0x0000000008003238       0x60 ./Drivers/STM32F1xx_HAL_Driver/Src/stm32f1xx_hal.o
                0x0000000008003238                HAL_InitTick
 .text.HAL_IncTick
                0x0000000008003298       0x24 ./Drivers/STM32F1xx_HAL_Driver/Src/stm32f1xx_hal.o
                0x0000000008003298                HAL_IncTick
 .text.HAL_GetTick
                0x00000000080032bc       0x14 ./Drivers/STM32F1xx_HAL_Driver/Src/stm32f1xx_hal.o
                0x00000000080032bc                HAL_GetTick
 .text.HAL_Delay
                0x00000000080032d0       0x48 ./Drivers/STM32F1xx_HAL_Driver/Src/stm32f1xx_hal.o
                0x00000000080032d0                HAL_Delay
 .text.HAL_ADC_Init
                0x0000000008003318      0x1b0 ./Drivers/STM32F1xx_HAL_Driver/Src/stm32f1xx_hal_adc.o
                0x0000000008003318                HAL_ADC_Init
 .text.HAL_ADC_ConfigChannel
                0x00000000080034c8      0x1f0 ./Drivers/STM32F1xx_HAL_Driver/Src/stm32f1xx_hal_adc.o
                0x00000000080034c8                HAL_ADC_ConfigChannel
 .text.ADC_ConversionStop_Disable
                0x00000000080036b8       0x82 ./Drivers/STM32F1xx_HAL_Driver/Src/stm32f1xx_hal_adc.o
                0x00000000080036b8                ADC_ConversionStop_Disable
 .text.HAL_CAN_Init
                0x000000000800373a      0x1f6 ./Drivers/STM32F1xx_HAL_Driver/Src/stm32f1xx_hal_can.o
                0x000000000800373a                HAL_CAN_Init
 .text.HAL_CAN_ConfigFilter
                0x0000000008003930      0x192 ./Drivers/STM32F1xx_HAL_Driver/Src/stm32f1xx_hal_can.o
                0x0000000008003930                HAL_CAN_ConfigFilter
 .text.HAL_CAN_Start
                0x0000000008003ac2       0x88 ./Drivers/STM32F1xx_HAL_Driver/Src/stm32f1xx_hal_can.o
                0x0000000008003ac2                HAL_CAN_Start
 .text.HAL_CAN_AddTxMessage
                0x0000000008003b4a      0x19e ./Drivers/STM32F1xx_HAL_Driver/Src/stm32f1xx_hal_can.o
                0x0000000008003b4a                HAL_CAN_AddTxMessage
 .text.HAL_CAN_GetTxMailboxesFreeLevel
                0x0000000008003ce8       0x68 ./Drivers/STM32F1xx_HAL_Driver/Src/stm32f1xx_hal_can.o
                0x0000000008003ce8                HAL_CAN_GetTxMailboxesFreeLevel
 .text.HAL_CAN_GetRxMessage
                0x0000000008003d50      0x242 ./Drivers/STM32F1xx_HAL_Driver/Src/stm32f1xx_hal_can.o
                0x0000000008003d50                HAL_CAN_GetRxMessage
 .text.HAL_CAN_ActivateNotification
                0x0000000008003f92       0x4a ./Drivers/STM32F1xx_HAL_Driver/Src/stm32f1xx_hal_can.o
                0x0000000008003f92                HAL_CAN_ActivateNotification
 .text.HAL_CAN_IRQHandler
                0x0000000008003fdc      0x36e ./Drivers/STM32F1xx_HAL_Driver/Src/stm32f1xx_hal_can.o
                0x0000000008003fdc                HAL_CAN_IRQHandler
 .text.HAL_CAN_TxMailbox0AbortCallback
                0x000000000800434a       0x12 ./Drivers/STM32F1xx_HAL_Driver/Src/stm32f1xx_hal_can.o
                0x000000000800434a                HAL_CAN_TxMailbox0AbortCallback
 .text.HAL_CAN_TxMailbox1AbortCallback
                0x000000000800435c       0x12 ./Drivers/STM32F1xx_HAL_Driver/Src/stm32f1xx_hal_can.o
                0x000000000800435c                HAL_CAN_TxMailbox1AbortCallback
 .text.HAL_CAN_TxMailbox2AbortCallback
                0x000000000800436e       0x12 ./Drivers/STM32F1xx_HAL_Driver/Src/stm32f1xx_hal_can.o
                0x000000000800436e                HAL_CAN_TxMailbox2AbortCallback
 .text.HAL_CAN_RxFifo0FullCallback
                0x0000000008004380       0x12 ./Drivers/STM32F1xx_HAL_Driver/Src/stm32f1xx_hal_can.o
                0x0000000008004380                HAL_CAN_RxFifo0FullCallback
 .text.HAL_CAN_RxFifo1FullCallback
                0x0000000008004392       0x12 ./Drivers/STM32F1xx_HAL_Driver/Src/stm32f1xx_hal_can.o
                0x0000000008004392                HAL_CAN_RxFifo1FullCallback
 .text.HAL_CAN_SleepCallback
                0x00000000080043a4       0x12 ./Drivers/STM32F1xx_HAL_Driver/Src/stm32f1xx_hal_can.o
                0x00000000080043a4                HAL_CAN_SleepCallback
 .text.HAL_CAN_WakeUpFromRxMsgCallback
                0x00000000080043b6       0x12 ./Drivers/STM32F1xx_HAL_Driver/Src/stm32f1xx_hal_can.o
                0x00000000080043b6                HAL_CAN_WakeUpFromRxMsgCallback
 .text.HAL_CAN_ErrorCallback
                0x00000000080043c8       0x12 ./Drivers/STM32F1xx_HAL_Driver/Src/stm32f1xx_hal_can.o
                0x00000000080043c8                HAL_CAN_ErrorCallback
 *fill*         0x00000000080043da        0x2 
 .text.__NVIC_SetPriorityGrouping
                0x00000000080043dc       0x48 ./Drivers/STM32F1xx_HAL_Driver/Src/stm32f1xx_hal_cortex.o
 .text.__NVIC_GetPriorityGrouping
                0x0000000008004424       0x1c ./Drivers/STM32F1xx_HAL_Driver/Src/stm32f1xx_hal_cortex.o
 .text.__NVIC_EnableIRQ
                0x0000000008004440       0x38 ./Drivers/STM32F1xx_HAL_Driver/Src/stm32f1xx_hal_cortex.o
 .text.__NVIC_SetPriority
                0x0000000008004478       0x54 ./Drivers/STM32F1xx_HAL_Driver/Src/stm32f1xx_hal_cortex.o
 .text.NVIC_EncodePriority
                0x00000000080044cc       0x64 ./Drivers/STM32F1xx_HAL_Driver/Src/stm32f1xx_hal_cortex.o
 .text.SysTick_Config
                0x0000000008004530       0x44 ./Drivers/STM32F1xx_HAL_Driver/Src/stm32f1xx_hal_cortex.o
 .text.HAL_NVIC_SetPriorityGrouping
                0x0000000008004574       0x16 ./Drivers/STM32F1xx_HAL_Driver/Src/stm32f1xx_hal_cortex.o
                0x0000000008004574                HAL_NVIC_SetPriorityGrouping
 .text.HAL_NVIC_SetPriority
                0x000000000800458a       0x38 ./Drivers/STM32F1xx_HAL_Driver/Src/stm32f1xx_hal_cortex.o
                0x000000000800458a                HAL_NVIC_SetPriority
 .text.HAL_NVIC_EnableIRQ
                0x00000000080045c2       0x1c ./Drivers/STM32F1xx_HAL_Driver/Src/stm32f1xx_hal_cortex.o
                0x00000000080045c2                HAL_NVIC_EnableIRQ
 .text.HAL_SYSTICK_Config
                0x00000000080045de       0x18 ./Drivers/STM32F1xx_HAL_Driver/Src/stm32f1xx_hal_cortex.o
                0x00000000080045de                HAL_SYSTICK_Config
 *fill*         0x00000000080045f6        0x2 
 .text.HAL_DMA_Init
                0x00000000080045f8       0xb4 ./Drivers/STM32F1xx_HAL_Driver/Src/stm32f1xx_hal_dma.o
                0x00000000080045f8                HAL_DMA_Init
 .text.HAL_DMA_Abort
                0x00000000080046ac       0x76 ./Drivers/STM32F1xx_HAL_Driver/Src/stm32f1xx_hal_dma.o
                0x00000000080046ac                HAL_DMA_Abort
 *fill*         0x0000000008004722        0x2 
 .text.HAL_DMA_Abort_IT
                0x0000000008004724       0xf0 ./Drivers/STM32F1xx_HAL_Driver/Src/stm32f1xx_hal_dma.o
                0x0000000008004724                HAL_DMA_Abort_IT
 .text.HAL_DMA_IRQHandler
                0x0000000008004814      0x20c ./Drivers/STM32F1xx_HAL_Driver/Src/stm32f1xx_hal_dma.o
                0x0000000008004814                HAL_DMA_IRQHandler
 .text.HAL_DMA_GetError
                0x0000000008004a20       0x16 ./Drivers/STM32F1xx_HAL_Driver/Src/stm32f1xx_hal_dma.o
                0x0000000008004a20                HAL_DMA_GetError
 *fill*         0x0000000008004a36        0x2 
 .text.HAL_FLASH_Program
                0x0000000008004a38       0xe0 ./Drivers/STM32F1xx_HAL_Driver/Src/stm32f1xx_hal_flash.o
                0x0000000008004a38                HAL_FLASH_Program
 .text.HAL_FLASH_Unlock
                0x0000000008004b18       0x4c ./Drivers/STM32F1xx_HAL_Driver/Src/stm32f1xx_hal_flash.o
                0x0000000008004b18                HAL_FLASH_Unlock
 .text.HAL_FLASH_Lock
                0x0000000008004b64       0x20 ./Drivers/STM32F1xx_HAL_Driver/Src/stm32f1xx_hal_flash.o
                0x0000000008004b64                HAL_FLASH_Lock
 .text.FLASH_Program_HalfWord
                0x0000000008004b84       0x38 ./Drivers/STM32F1xx_HAL_Driver/Src/stm32f1xx_hal_flash.o
 .text.FLASH_WaitForLastOperation
                0x0000000008004bbc       0x8c ./Drivers/STM32F1xx_HAL_Driver/Src/stm32f1xx_hal_flash.o
                0x0000000008004bbc                FLASH_WaitForLastOperation
 .text.FLASH_SetErrorCode
                0x0000000008004c48       0xa0 ./Drivers/STM32F1xx_HAL_Driver/Src/stm32f1xx_hal_flash.o
 .text.HAL_FLASHEx_Erase
                0x0000000008004ce8       0xd8 ./Drivers/STM32F1xx_HAL_Driver/Src/stm32f1xx_hal_flash_ex.o
                0x0000000008004ce8                HAL_FLASHEx_Erase
 .text.FLASH_MassErase
                0x0000000008004dc0       0x38 ./Drivers/STM32F1xx_HAL_Driver/Src/stm32f1xx_hal_flash_ex.o
 .text.FLASH_PageErase
                0x0000000008004df8       0x40 ./Drivers/STM32F1xx_HAL_Driver/Src/stm32f1xx_hal_flash_ex.o
                0x0000000008004df8                FLASH_PageErase
 .text.HAL_GPIO_Init
                0x0000000008004e38      0x308 ./Drivers/STM32F1xx_HAL_Driver/Src/stm32f1xx_hal_gpio.o
                0x0000000008004e38                HAL_GPIO_Init
 .text.HAL_GPIO_ReadPin
                0x0000000008005140       0x2e ./Drivers/STM32F1xx_HAL_Driver/Src/stm32f1xx_hal_gpio.o
                0x0000000008005140                HAL_GPIO_ReadPin
 .text.HAL_GPIO_WritePin
                0x000000000800516e       0x30 ./Drivers/STM32F1xx_HAL_Driver/Src/stm32f1xx_hal_gpio.o
                0x000000000800516e                HAL_GPIO_WritePin
 .text.HAL_GPIO_TogglePin
                0x000000000800519e       0x32 ./Drivers/STM32F1xx_HAL_Driver/Src/stm32f1xx_hal_gpio.o
                0x000000000800519e                HAL_GPIO_TogglePin
 .text.HAL_GPIO_EXTI_IRQHandler
                0x00000000080051d0       0x30 ./Drivers/STM32F1xx_HAL_Driver/Src/stm32f1xx_hal_gpio.o
                0x00000000080051d0                HAL_GPIO_EXTI_IRQHandler
 .text.HAL_RCC_OscConfig
                0x0000000008005200      0x504 ./Drivers/STM32F1xx_HAL_Driver/Src/stm32f1xx_hal_rcc.o
                0x0000000008005200                HAL_RCC_OscConfig
 .text.HAL_RCC_ClockConfig
                0x0000000008005704      0x1d4 ./Drivers/STM32F1xx_HAL_Driver/Src/stm32f1xx_hal_rcc.o
                0x0000000008005704                HAL_RCC_ClockConfig
 .text.HAL_RCC_GetSysClockFreq
                0x00000000080058d8       0xa8 ./Drivers/STM32F1xx_HAL_Driver/Src/stm32f1xx_hal_rcc.o
                0x00000000080058d8                HAL_RCC_GetSysClockFreq
 .text.HAL_RCC_GetHCLKFreq
                0x0000000008005980       0x14 ./Drivers/STM32F1xx_HAL_Driver/Src/stm32f1xx_hal_rcc.o
                0x0000000008005980                HAL_RCC_GetHCLKFreq
 .text.HAL_RCC_GetPCLK1Freq
                0x0000000008005994       0x28 ./Drivers/STM32F1xx_HAL_Driver/Src/stm32f1xx_hal_rcc.o
                0x0000000008005994                HAL_RCC_GetPCLK1Freq
 .text.HAL_RCC_GetPCLK2Freq
                0x00000000080059bc       0x28 ./Drivers/STM32F1xx_HAL_Driver/Src/stm32f1xx_hal_rcc.o
                0x00000000080059bc                HAL_RCC_GetPCLK2Freq
 .text.RCC_Delay
                0x00000000080059e4       0x3c ./Drivers/STM32F1xx_HAL_Driver/Src/stm32f1xx_hal_rcc.o
 .text.HAL_RCCEx_PeriphCLKConfig
                0x0000000008005a20      0x16c ./Drivers/STM32F1xx_HAL_Driver/Src/stm32f1xx_hal_rcc_ex.o
                0x0000000008005a20                HAL_RCCEx_PeriphCLKConfig
 .text.HAL_TIM_Base_Init
                0x0000000008005b8c       0x9e ./Drivers/STM32F1xx_HAL_Driver/Src/stm32f1xx_hal_tim.o
                0x0000000008005b8c                HAL_TIM_Base_Init
 *fill*         0x0000000008005c2a        0x2 
 .text.HAL_TIM_Base_Start
                0x0000000008005c2c       0x94 ./Drivers/STM32F1xx_HAL_Driver/Src/stm32f1xx_hal_tim.o
                0x0000000008005c2c                HAL_TIM_Base_Start
 .text.HAL_TIM_Base_Start_IT
                0x0000000008005cc0       0xa4 ./Drivers/STM32F1xx_HAL_Driver/Src/stm32f1xx_hal_tim.o
                0x0000000008005cc0                HAL_TIM_Base_Start_IT
 .text.HAL_TIM_PWM_Init
                0x0000000008005d64       0x9e ./Drivers/STM32F1xx_HAL_Driver/Src/stm32f1xx_hal_tim.o
                0x0000000008005d64                HAL_TIM_PWM_Init
 .text.HAL_TIM_IRQHandler
                0x0000000008005e02      0x1e0 ./Drivers/STM32F1xx_HAL_Driver/Src/stm32f1xx_hal_tim.o
                0x0000000008005e02                HAL_TIM_IRQHandler
 *fill*         0x0000000008005fe2        0x2 
 .text.HAL_TIM_PWM_ConfigChannel
                0x0000000008005fe4      0x184 ./Drivers/STM32F1xx_HAL_Driver/Src/stm32f1xx_hal_tim.o
                0x0000000008005fe4                HAL_TIM_PWM_ConfigChannel
 .text.HAL_TIM_ConfigClockSource
                0x0000000008006168      0x18e ./Drivers/STM32F1xx_HAL_Driver/Src/stm32f1xx_hal_tim.o
                0x0000000008006168                HAL_TIM_ConfigClockSource
 .text.HAL_TIM_OC_DelayElapsedCallback
                0x00000000080062f6       0x12 ./Drivers/STM32F1xx_HAL_Driver/Src/stm32f1xx_hal_tim.o
                0x00000000080062f6                HAL_TIM_OC_DelayElapsedCallback
 .text.HAL_TIM_IC_CaptureCallback
                0x0000000008006308       0x12 ./Drivers/STM32F1xx_HAL_Driver/Src/stm32f1xx_hal_tim.o
                0x0000000008006308                HAL_TIM_IC_CaptureCallback
 .text.HAL_TIM_PWM_PulseFinishedCallback
                0x000000000800631a       0x12 ./Drivers/STM32F1xx_HAL_Driver/Src/stm32f1xx_hal_tim.o
                0x000000000800631a                HAL_TIM_PWM_PulseFinishedCallback
 .text.HAL_TIM_TriggerCallback
                0x000000000800632c       0x12 ./Drivers/STM32F1xx_HAL_Driver/Src/stm32f1xx_hal_tim.o
                0x000000000800632c                HAL_TIM_TriggerCallback
 *fill*         0x000000000800633e        0x2 
 .text.TIM_Base_SetConfig
                0x0000000008006340       0xdc ./Drivers/STM32F1xx_HAL_Driver/Src/stm32f1xx_hal_tim.o
                0x0000000008006340                TIM_Base_SetConfig
 .text.TIM_OC1_SetConfig
                0x000000000800641c       0xcc ./Drivers/STM32F1xx_HAL_Driver/Src/stm32f1xx_hal_tim.o
 .text.TIM_OC2_SetConfig
                0x00000000080064e8       0xd4 ./Drivers/STM32F1xx_HAL_Driver/Src/stm32f1xx_hal_tim.o
                0x00000000080064e8                TIM_OC2_SetConfig
 .text.TIM_OC3_SetConfig
                0x00000000080065bc       0xd4 ./Drivers/STM32F1xx_HAL_Driver/Src/stm32f1xx_hal_tim.o
 .text.TIM_OC4_SetConfig
                0x0000000008006690       0x9c ./Drivers/STM32F1xx_HAL_Driver/Src/stm32f1xx_hal_tim.o
 .text.TIM_TI1_ConfigInputStage
                0x000000000800672c       0x5c ./Drivers/STM32F1xx_HAL_Driver/Src/stm32f1xx_hal_tim.o
 .text.TIM_TI2_ConfigInputStage
                0x0000000008006788       0x5e ./Drivers/STM32F1xx_HAL_Driver/Src/stm32f1xx_hal_tim.o
 .text.TIM_ITRx_SetConfig
                0x00000000080067e6       0x34 ./Drivers/STM32F1xx_HAL_Driver/Src/stm32f1xx_hal_tim.o
 .text.TIM_ETR_SetConfig
                0x000000000800681a       0x3e ./Drivers/STM32F1xx_HAL_Driver/Src/stm32f1xx_hal_tim.o
                0x000000000800681a                TIM_ETR_SetConfig
 .text.HAL_TIMEx_MasterConfigSynchronization
                0x0000000008006858       0xbc ./Drivers/STM32F1xx_HAL_Driver/Src/stm32f1xx_hal_tim_ex.o
                0x0000000008006858                HAL_TIMEx_MasterConfigSynchronization
 .text.HAL_TIMEx_ConfigBreakDeadTime
                0x0000000008006914       0xa2 ./Drivers/STM32F1xx_HAL_Driver/Src/stm32f1xx_hal_tim_ex.o
                0x0000000008006914                HAL_TIMEx_ConfigBreakDeadTime
 .text.HAL_TIMEx_CommutCallback
                0x00000000080069b6       0x12 ./Drivers/STM32F1xx_HAL_Driver/Src/stm32f1xx_hal_tim_ex.o
                0x00000000080069b6                HAL_TIMEx_CommutCallback
 .text.HAL_TIMEx_BreakCallback
                0x00000000080069c8       0x12 ./Drivers/STM32F1xx_HAL_Driver/Src/stm32f1xx_hal_tim_ex.o
                0x00000000080069c8                HAL_TIMEx_BreakCallback
 .text.HAL_UART_Init
                0x00000000080069da       0xa0 ./Drivers/STM32F1xx_HAL_Driver/Src/stm32f1xx_hal_uart.o
                0x00000000080069da                HAL_UART_Init
 .text.HAL_UART_Transmit
                0x0000000008006a7a      0x116 ./Drivers/STM32F1xx_HAL_Driver/Src/stm32f1xx_hal_uart.o
                0x0000000008006a7a                HAL_UART_Transmit
 .text.HAL_UART_Receive_IT
                0x0000000008006b90       0x4a ./Drivers/STM32F1xx_HAL_Driver/Src/stm32f1xx_hal_uart.o
                0x0000000008006b90                HAL_UART_Receive_IT
 .text.HAL_UARTEx_ReceiveToIdle_IT
                0x0000000008006bda       0xba ./Drivers/STM32F1xx_HAL_Driver/Src/stm32f1xx_hal_uart.o
                0x0000000008006bda                HAL_UARTEx_ReceiveToIdle_IT
 .text.HAL_UART_Abort
                0x0000000008006c94      0x1d6 ./Drivers/STM32F1xx_HAL_Driver/Src/stm32f1xx_hal_uart.o
                0x0000000008006c94                HAL_UART_Abort
 *fill*         0x0000000008006e6a        0x2 
 .text.HAL_UART_IRQHandler
                0x0000000008006e6c      0x524 ./Drivers/STM32F1xx_HAL_Driver/Src/stm32f1xx_hal_uart.o
                0x0000000008006e6c                HAL_UART_IRQHandler
 .text.HAL_UART_TxCpltCallback
                0x0000000008007390       0x12 ./Drivers/STM32F1xx_HAL_Driver/Src/stm32f1xx_hal_uart.o
                0x0000000008007390                HAL_UART_TxCpltCallback
 .text.UART_WaitOnFlagUntilTimeout
                0x00000000080073a2       0xb2 ./Drivers/STM32F1xx_HAL_Driver/Src/stm32f1xx_hal_uart.o
 .text.UART_Start_Receive_IT
                0x0000000008007454       0x72 ./Drivers/STM32F1xx_HAL_Driver/Src/stm32f1xx_hal_uart.o
                0x0000000008007454                UART_Start_Receive_IT
 .text.UART_EndRxTransfer
                0x00000000080074c6       0xc4 ./Drivers/STM32F1xx_HAL_Driver/Src/stm32f1xx_hal_uart.o
 .text.UART_DMAAbortOnError
                0x000000000800758a       0x28 ./Drivers/STM32F1xx_HAL_Driver/Src/stm32f1xx_hal_uart.o
 .text.UART_Transmit_IT
                0x00000000080075b2       0x9e ./Drivers/STM32F1xx_HAL_Driver/Src/stm32f1xx_hal_uart.o
 .text.UART_EndTransmit_IT
                0x0000000008007650       0x30 ./Drivers/STM32F1xx_HAL_Driver/Src/stm32f1xx_hal_uart.o
 .text.UART_Receive_IT
                0x0000000008007680      0x17c ./Drivers/STM32F1xx_HAL_Driver/Src/stm32f1xx_hal_uart.o
 .text.UART_SetConfig
                0x00000000080077fc      0x11c ./Drivers/STM32F1xx_HAL_Driver/Src/stm32f1xx_hal_uart.o
 .text.memset   0x0000000008007918       0x10 d:/stm32/stm32cubeide_1.12.0/stm32cubeide/plugins/com.st.stm32cube.ide.mcu.externaltools.gnu-tools-for-stm32.11.3.rel1.win32_1.0.100.202301251239/tools/bin/../lib/gcc/arm-none-eabi/11.3.1/../../../../arm-none-eabi/lib/thumb/v7-m/nofp\libc_nano.a(libc_a-memset.o)
                0x0000000008007918                memset
 .text.__libc_init_array
                0x0000000008007928       0x48 d:/stm32/stm32cubeide_1.12.0/stm32cubeide/plugins/com.st.stm32cube.ide.mcu.externaltools.gnu-tools-for-stm32.11.3.rel1.win32_1.0.100.202301251239/tools/bin/../lib/gcc/arm-none-eabi/11.3.1/../../../../arm-none-eabi/lib/thumb/v7-m/nofp\libc_nano.a(libc_a-init.o)
                0x0000000008007928                __libc_init_array
 *(.glue_7)
 .glue_7        0x0000000008007970        0x0 linker stubs
 *(.glue_7t)
 .glue_7t       0x0000000008007970        0x0 linker stubs
 *(.eh_frame)
 .eh_frame      0x0000000008007970        0x0 d:/stm32/stm32cubeide_1.12.0/stm32cubeide/plugins/com.st.stm32cube.ide.mcu.externaltools.gnu-tools-for-stm32.11.3.rel1.win32_1.0.100.202301251239/tools/bin/../lib/gcc/arm-none-eabi/11.3.1/thumb/v7-m/nofp/crtbegin.o
 *(.init)
 .init          0x0000000008007970        0x4 d:/stm32/stm32cubeide_1.12.0/stm32cubeide/plugins/com.st.stm32cube.ide.mcu.externaltools.gnu-tools-for-stm32.11.3.rel1.win32_1.0.100.202301251239/tools/bin/../lib/gcc/arm-none-eabi/11.3.1/thumb/v7-m/nofp/crti.o
                0x0000000008007970                _init
 .init          0x0000000008007974        0x8 d:/stm32/stm32cubeide_1.12.0/stm32cubeide/plugins/com.st.stm32cube.ide.mcu.externaltools.gnu-tools-for-stm32.11.3.rel1.win32_1.0.100.202301251239/tools/bin/../lib/gcc/arm-none-eabi/11.3.1/thumb/v7-m/nofp/crtn.o
 *(.fini)
 .fini          0x000000000800797c        0x4 d:/stm32/stm32cubeide_1.12.0/stm32cubeide/plugins/com.st.stm32cube.ide.mcu.externaltools.gnu-tools-for-stm32.11.3.rel1.win32_1.0.100.202301251239/tools/bin/../lib/gcc/arm-none-eabi/11.3.1/thumb/v7-m/nofp/crti.o
                0x000000000800797c                _fini
 .fini          0x0000000008007980        0x8 d:/stm32/stm32cubeide_1.12.0/stm32cubeide/plugins/com.st.stm32cube.ide.mcu.externaltools.gnu-tools-for-stm32.11.3.rel1.win32_1.0.100.202301251239/tools/bin/../lib/gcc/arm-none-eabi/11.3.1/thumb/v7-m/nofp/crtn.o
                0x0000000008007988                . = ALIGN (0x4)
                0x0000000008007988                _etext = .

.vfp11_veneer   0x0000000008007988        0x0
 .vfp11_veneer  0x0000000008007988        0x0 linker stubs

.v4_bx          0x0000000008007988        0x0
 .v4_bx         0x0000000008007988        0x0 linker stubs

.iplt           0x0000000008007988        0x0
 .iplt          0x0000000008007988        0x0 d:/stm32/stm32cubeide_1.12.0/stm32cubeide/plugins/com.st.stm32cube.ide.mcu.externaltools.gnu-tools-for-stm32.11.3.rel1.win32_1.0.100.202301251239/tools/bin/../lib/gcc/arm-none-eabi/11.3.1/thumb/v7-m/nofp/crtbegin.o

.rodata         0x0000000008007988       0x2c
                0x0000000008007988                . = ALIGN (0x4)
 *(.rodata)
 *(.rodata*)
 .rodata.AHBPrescTable
                0x0000000008007988       0x10 ./Core/Src/system_stm32f1xx.o
                0x0000000008007988                AHBPrescTable
 .rodata.APBPrescTable
                0x0000000008007998        0x8 ./Core/Src/system_stm32f1xx.o
                0x0000000008007998                APBPrescTable
 .rodata.aPLLMULFactorTable.1
                0x00000000080079a0       0x10 ./Drivers/STM32F1xx_HAL_Driver/Src/stm32f1xx_hal_rcc.o
 .rodata.aPredivFactorTable.0
                0x00000000080079b0        0x2 ./Drivers/STM32F1xx_HAL_Driver/Src/stm32f1xx_hal_rcc.o
                0x00000000080079b4                . = ALIGN (0x4)
 *fill*         0x00000000080079b2        0x2 

.rel.dyn        0x00000000080079b4        0x0
 .rel.iplt      0x00000000080079b4        0x0 d:/stm32/stm32cubeide_1.12.0/stm32cubeide/plugins/com.st.stm32cube.ide.mcu.externaltools.gnu-tools-for-stm32.11.3.rel1.win32_1.0.100.202301251239/tools/bin/../lib/gcc/arm-none-eabi/11.3.1/thumb/v7-m/nofp/crtbegin.o

.ARM.extab      0x00000000080079b4        0x0
                0x00000000080079b4                . = ALIGN (0x4)
 *(.ARM.extab* .gnu.linkonce.armextab.*)
                0x00000000080079b4                . = ALIGN (0x4)

.ARM            0x00000000080079b4        0x0
                0x00000000080079b4                . = ALIGN (0x4)
                0x00000000080079b4                __exidx_start = .
 *(.ARM.exidx*)
                0x00000000080079b4                __exidx_end = .
                0x00000000080079b4                . = ALIGN (0x4)

.preinit_array  0x00000000080079b4        0x0
                0x00000000080079b4                . = ALIGN (0x4)
                0x00000000080079b4                PROVIDE (__preinit_array_start = .)
 *(.preinit_array*)
                0x00000000080079b4                PROVIDE (__preinit_array_end = .)
                0x00000000080079b4                . = ALIGN (0x4)

.init_array     0x00000000080079b4        0x4
                0x00000000080079b4                . = ALIGN (0x4)
                0x00000000080079b4                PROVIDE (__init_array_start = .)
 *(SORT_BY_NAME(.init_array.*))
 *(.init_array*)
 .init_array    0x00000000080079b4        0x4 d:/stm32/stm32cubeide_1.12.0/stm32cubeide/plugins/com.st.stm32cube.ide.mcu.externaltools.gnu-tools-for-stm32.11.3.rel1.win32_1.0.100.202301251239/tools/bin/../lib/gcc/arm-none-eabi/11.3.1/thumb/v7-m/nofp/crtbegin.o
                0x00000000080079b8                PROVIDE (__init_array_end = .)
                0x00000000080079b8                . = ALIGN (0x4)

.fini_array     0x00000000080079b8        0x4
                0x00000000080079b8                . = ALIGN (0x4)
                [!provide]                        PROVIDE (__fini_array_start = .)
 *(SORT_BY_NAME(.fini_array.*))
 *(.fini_array*)
 .fini_array    0x00000000080079b8        0x4 d:/stm32/stm32cubeide_1.12.0/stm32cubeide/plugins/com.st.stm32cube.ide.mcu.externaltools.gnu-tools-for-stm32.11.3.rel1.win32_1.0.100.202301251239/tools/bin/../lib/gcc/arm-none-eabi/11.3.1/thumb/v7-m/nofp/crtbegin.o
                [!provide]                        PROVIDE (__fini_array_end = .)
                0x00000000080079bc                . = ALIGN (0x4)
                0x00000000080079bc                _sidata = LOADADDR (.data)

.data           0x0000000020000000       0xb0 load address 0x00000000080079bc
                0x0000000020000000                . = ALIGN (0x4)
                0x0000000020000000                _sdata = .
 *(.data)
 *(.data*)
 .data.SystemCoreClock
                0x0000000020000000        0x4 ./Core/Src/system_stm32f1xx.o
                0x0000000020000000                SystemCoreClock
 .data.nds_conf
                0x0000000020000004       0x4a ./Core/Src/conf/ndsconf.o
                0x0000000020000004                nds_conf
 *fill*         0x000000002000004e        0x2 
 .data.rom_virtaddr
                0x0000000020000050       0x50 ./Core/Src/conf/ndsconf.o
                0x0000000020000050                rom_virtaddr
 .data.control_dur
                0x00000000200000a0        0x2 ./Core/Src/io/process.o
                0x00000000200000a0                control_dur
 .data.report_strength_sth
                0x00000000200000a2        0x2 ./Core/Src/io/process.o
                0x00000000200000a2                report_strength_sth
 .data.report_touched_sth
                0x00000000200000a4        0x2 ./Core/Src/io/process.o
                0x00000000200000a4                report_touched_sth
 .data.report_stationAng_sth
                0x00000000200000a6        0x2 ./Core/Src/io/process.o
                0x00000000200000a6                report_stationAng_sth
 .data.uwTickPrio
                0x00000000200000a8        0x4 ./Drivers/STM32F1xx_HAL_Driver/Src/stm32f1xx_hal.o
                0x00000000200000a8                uwTickPrio
 .data.uwTickFreq
                0x00000000200000ac        0x1 ./Drivers/STM32F1xx_HAL_Driver/Src/stm32f1xx_hal.o
                0x00000000200000ac                uwTickFreq
 *(.RamFunc)
 *(.RamFunc*)
                0x00000000200000b0                . = ALIGN (0x4)
 *fill*         0x00000000200000ad        0x3 
                0x00000000200000b0                _edata = .

.igot.plt       0x00000000200000b0        0x0 load address 0x0000000008007a6c
 .igot.plt      0x00000000200000b0        0x0 d:/stm32/stm32cubeide_1.12.0/stm32cubeide/plugins/com.st.stm32cube.ide.mcu.externaltools.gnu-tools-for-stm32.11.3.rel1.win32_1.0.100.202301251239/tools/bin/../lib/gcc/arm-none-eabi/11.3.1/thumb/v7-m/nofp/crtbegin.o
                0x00000000200000b0                . = ALIGN (0x4)

.bss            0x00000000200000b0      0x5e8 load address 0x0000000008007a6c
                0x00000000200000b0                _sbss = .
                0x00000000200000b0                __bss_start__ = _sbss
 *(.bss)
 .bss           0x00000000200000b0       0x1c d:/stm32/stm32cubeide_1.12.0/stm32cubeide/plugins/com.st.stm32cube.ide.mcu.externaltools.gnu-tools-for-stm32.11.3.rel1.win32_1.0.100.202301251239/tools/bin/../lib/gcc/arm-none-eabi/11.3.1/thumb/v7-m/nofp/crtbegin.o
 *(.bss*)
 .bss.hadc1     0x00000000200000cc       0x30 ./Core/Src/adc.o
                0x00000000200000cc                hadc1
 .bss.hdma_adc1
                0x00000000200000fc       0x44 ./Core/Src/adc.o
                0x00000000200000fc                hdma_adc1
 .bss.hcan      0x0000000020000140       0x28 ./Core/Src/can.o
                0x0000000020000140                hcan
 .bss.htim1     0x0000000020000168       0x48 ./Core/Src/tim.o
                0x0000000020000168                htim1
 .bss.htim2     0x00000000200001b0       0x48 ./Core/Src/tim.o
                0x00000000200001b0                htim2
 .bss.htim4     0x00000000200001f8       0x48 ./Core/Src/tim.o
                0x00000000200001f8                htim4
 .bss.huart1    0x0000000020000240       0x48 ./Core/Src/usart.o
                0x0000000020000240                huart1
 .bss.huart2    0x0000000020000288       0x48 ./Core/Src/usart.o
                0x0000000020000288                huart2
 .bss.huart3    0x00000000200002d0       0x48 ./Core/Src/usart.o
                0x00000000200002d0                huart3
 .bss.VirtAddVarTab
                0x0000000020000318        0x4 ./Core/Src/conf/ndsconf.o
                0x0000000020000318                VirtAddVarTab
 .bss.NumbOfVar
                0x000000002000031c        0x2 ./Core/Src/conf/ndsconf.o
                0x000000002000031c                NumbOfVar
 .bss.DataVar   0x000000002000031e        0x2 ./Core/Src/eeprom/eeprom.o
                0x000000002000031e                DataVar
 .bss.CANDataBuf
                0x0000000020000320      0x12c ./Core/Src/io/canport.o
                0x0000000020000320                CANDataBuf
 .bss.canport   0x000000002000044c       0x70 ./Core/Src/io/canport.o
                0x000000002000044c                canport
 .bss.tx_hdr.1  0x00000000200004bc       0x18 ./Core/Src/io/canport.o
 .bss.rx_hdr.0  0x00000000200004d4       0x1c ./Core/Src/io/canport.o
 .bss.loop_tick.2
                0x00000000200004f0        0x4 ./Core/Src/io/process.o
 .bss.lastEventTick.1
                0x00000000200004f4        0x4 ./Core/Src/io/process.o
 .bss.curTick.0
                0x00000000200004f8        0x4 ./Core/Src/io/process.o
 .bss.usart_rcvData
                0x00000000200004fc        0x1 ./Core/Src/io/usartport.o
                0x00000000200004fc                usart_rcvData
 *fill*         0x00000000200004fd        0x3 
 .bss.rcvPort   0x0000000020000500       0x14 ./Core/Src/io/usartport.o
                0x0000000020000500                rcvPort
 .bss.portHdl   0x0000000020000514        0x4 ./Core/Src/io/usartport.o
                0x0000000020000514                portHdl
 .bss.g_touchedEvent
                0x0000000020000518        0x1 ./Core/Src/sensors/gpioexti.o
                0x0000000020000518                g_touchedEvent
 *fill*         0x0000000020000519        0x3 
 .bss.g_touchedState
                0x000000002000051c        0x3 ./Core/Src/sensors/gpioexti.o
                0x000000002000051c                g_touchedState
 *fill*         0x000000002000051f        0x1 
 .bss.g_hx711   0x0000000020000520       0x18 ./Core/Src/sensors/hx711.o
                0x0000000020000520                g_hx711
 .bss.hx711_value_sum
                0x0000000020000538        0x4 ./Core/Src/sensors/hx711.o
                0x0000000020000538                hx711_value_sum
 .bss.hx711_ave_samples
                0x000000002000053c        0x4 ./Core/Src/sensors/hx711.o
                0x000000002000053c                hx711_ave_samples
 .bss.hx711_eo_data
                0x0000000020000540        0x4 ./Core/Src/sensors/hx711.o
                0x0000000020000540                hx711_eo_data
 .bss.lastTick.1
                0x0000000020000544        0x4 ./Core/Src/sensors/hx711.o
 .bss.samples.0
                0x0000000020000548        0x4 ./Core/Src/sensors/hx711.o
 .bss.mb_rxBuffer
                0x000000002000054c      0x100 ./Core/Src/sensors/modbus.o
                0x000000002000054c                mb_rxBuffer
 .bss.mb_txBuffer
                0x000000002000064c       0x10 ./Core/Src/sensors/modbus.o
                0x000000002000064c                mb_txBuffer
 .bss.mb_rxLen  0x000000002000065c        0x2 ./Core/Src/sensors/modbus.o
                0x000000002000065c                mb_rxLen
 .bss.mb_frameReceived
                0x000000002000065e        0x1 ./Core/Src/sensors/modbus.o
                0x000000002000065e                mb_frameReceived
 *fill*         0x000000002000065f        0x1 
 .bss.deviceAngle
                0x0000000020000660        0x8 ./Core/Src/sensors/modbus.o
                0x0000000020000660                deviceAngle
 .bss.deviceSpeed
                0x0000000020000668        0x8 ./Core/Src/sensors/modbus.o
                0x0000000020000668                deviceSpeed
 .bss.iD.0      0x0000000020000670        0x1 ./Core/Src/sensors/modbus.o
 *fill*         0x0000000020000671        0x3 
 .bss.uwTick    0x0000000020000674        0x4 ./Drivers/STM32F1xx_HAL_Driver/Src/stm32f1xx_hal.o
                0x0000000020000674                uwTick
 .bss.pFlash    0x0000000020000678       0x20 ./Drivers/STM32F1xx_HAL_Driver/Src/stm32f1xx_hal_flash.o
                0x0000000020000678                pFlash
 *(COMMON)
                0x0000000020000698                . = ALIGN (0x4)
                0x0000000020000698                _ebss = .
                0x0000000020000698                __bss_end__ = _ebss

._user_heap_stack
                0x0000000020000698      0x600 load address 0x0000000008007a6c
                0x0000000020000698                . = ALIGN (0x8)
                [!provide]                        PROVIDE (end = .)
                0x0000000020000698                PROVIDE (_end = .)
                0x0000000020000898                . = (. + _Min_Heap_Size)
 *fill*         0x0000000020000698      0x200 
                0x0000000020000c98                . = (. + _Min_Stack_Size)
 *fill*         0x0000000020000898      0x400 
                0x0000000020000c98                . = ALIGN (0x8)

/DISCARD/
 libc.a(*)
 libm.a(*)
 libgcc.a(*)

.ARM.attributes
                0x0000000000000000       0x29
 *(.ARM.attributes)
 .ARM.attributes
                0x0000000000000000       0x1d d:/stm32/stm32cubeide_1.12.0/stm32cubeide/plugins/com.st.stm32cube.ide.mcu.externaltools.gnu-tools-for-stm32.11.3.rel1.win32_1.0.100.202301251239/tools/bin/../lib/gcc/arm-none-eabi/11.3.1/thumb/v7-m/nofp/crti.o
 .ARM.attributes
                0x000000000000001d       0x2d d:/stm32/stm32cubeide_1.12.0/stm32cubeide/plugins/com.st.stm32cube.ide.mcu.externaltools.gnu-tools-for-stm32.11.3.rel1.win32_1.0.100.202301251239/tools/bin/../lib/gcc/arm-none-eabi/11.3.1/thumb/v7-m/nofp/crtbegin.o
 .ARM.attributes
                0x000000000000004a       0x2d ./Core/Src/adc.o
 .ARM.attributes
                0x0000000000000077       0x2d ./Core/Src/can.o
 .ARM.attributes
                0x00000000000000a4       0x2d ./Core/Src/dma.o
 .ARM.attributes
                0x00000000000000d1       0x2d ./Core/Src/gpio.o
 .ARM.attributes
                0x00000000000000fe       0x2d ./Core/Src/main.o
 .ARM.attributes
                0x000000000000012b       0x2d ./Core/Src/stm32f1xx_hal_msp.o
 .ARM.attributes
                0x0000000000000158       0x2d ./Core/Src/stm32f1xx_it.o
 .ARM.attributes
                0x0000000000000185       0x2d ./Core/Src/system_stm32f1xx.o
 .ARM.attributes
                0x00000000000001b2       0x2d ./Core/Src/tim.o
 .ARM.attributes
                0x00000000000001df       0x2d ./Core/Src/usart.o
 .ARM.attributes
                0x000000000000020c       0x2d ./Core/Src/conf/ndsconf.o
 .ARM.attributes
                0x0000000000000239       0x2d ./Core/Src/eeprom/eeprom.o
 .ARM.attributes
                0x0000000000000266       0x2d ./Core/Src/io/CO_fifo.o
 .ARM.attributes
                0x0000000000000293       0x2d ./Core/Src/io/canport.o
 .ARM.attributes
                0x00000000000002c0       0x2d ./Core/Src/io/process.o
 .ARM.attributes
                0x00000000000002ed       0x2d ./Core/Src/io/usartport.o
 .ARM.attributes
                0x000000000000031a       0x2d ./Core/Src/sensors/gpioexti.o
 .ARM.attributes
                0x0000000000000347       0x2d ./Core/Src/sensors/hx711.o
 .ARM.attributes
                0x0000000000000374       0x2d ./Core/Src/sensors/modbus.o
 .ARM.attributes
                0x00000000000003a1       0x21 ./Core/Startup/startup_stm32f103cbtx.o
 .ARM.attributes
                0x00000000000003c2       0x2d ./Drivers/STM32F1xx_HAL_Driver/Src/stm32f1xx_hal.o
 .ARM.attributes
                0x00000000000003ef       0x2d ./Drivers/STM32F1xx_HAL_Driver/Src/stm32f1xx_hal_adc.o
 .ARM.attributes
                0x000000000000041c       0x2d ./Drivers/STM32F1xx_HAL_Driver/Src/stm32f1xx_hal_can.o
 .ARM.attributes
                0x0000000000000449       0x2d ./Drivers/STM32F1xx_HAL_Driver/Src/stm32f1xx_hal_cortex.o
 .ARM.attributes
                0x0000000000000476       0x2d ./Drivers/STM32F1xx_HAL_Driver/Src/stm32f1xx_hal_dma.o
 .ARM.attributes
                0x00000000000004a3       0x2d ./Drivers/STM32F1xx_HAL_Driver/Src/stm32f1xx_hal_flash.o
 .ARM.attributes
                0x00000000000004d0       0x2d ./Drivers/STM32F1xx_HAL_Driver/Src/stm32f1xx_hal_flash_ex.o
 .ARM.attributes
                0x00000000000004fd       0x2d ./Drivers/STM32F1xx_HAL_Driver/Src/stm32f1xx_hal_gpio.o
 .ARM.attributes
                0x000000000000052a       0x2d ./Drivers/STM32F1xx_HAL_Driver/Src/stm32f1xx_hal_rcc.o
 .ARM.attributes
                0x0000000000000557       0x2d ./Drivers/STM32F1xx_HAL_Driver/Src/stm32f1xx_hal_rcc_ex.o
 .ARM.attributes
                0x0000000000000584       0x2d ./Drivers/STM32F1xx_HAL_Driver/Src/stm32f1xx_hal_tim.o
 .ARM.attributes
                0x00000000000005b1       0x2d ./Drivers/STM32F1xx_HAL_Driver/Src/stm32f1xx_hal_tim_ex.o
 .ARM.attributes
                0x00000000000005de       0x2d ./Drivers/STM32F1xx_HAL_Driver/Src/stm32f1xx_hal_uart.o
 .ARM.attributes
                0x000000000000060b       0x2d d:/stm32/stm32cubeide_1.12.0/stm32cubeide/plugins/com.st.stm32cube.ide.mcu.externaltools.gnu-tools-for-stm32.11.3.rel1.win32_1.0.100.202301251239/tools/bin/../lib/gcc/arm-none-eabi/11.3.1/../../../../arm-none-eabi/lib/thumb/v7-m/nofp\libc_nano.a(libc_a-memset.o)
 .ARM.attributes
                0x0000000000000638       0x2d d:/stm32/stm32cubeide_1.12.0/stm32cubeide/plugins/com.st.stm32cube.ide.mcu.externaltools.gnu-tools-for-stm32.11.3.rel1.win32_1.0.100.202301251239/tools/bin/../lib/gcc/arm-none-eabi/11.3.1/../../../../arm-none-eabi/lib/thumb/v7-m/nofp\libc_nano.a(libc_a-init.o)
 .ARM.attributes
                0x0000000000000665       0x1d d:/stm32/stm32cubeide_1.12.0/stm32cubeide/plugins/com.st.stm32cube.ide.mcu.externaltools.gnu-tools-for-stm32.11.3.rel1.win32_1.0.100.202301251239/tools/bin/../lib/gcc/arm-none-eabi/11.3.1/thumb/v7-m/nofp\libgcc.a(_arm_addsubsf3.o)
 .ARM.attributes
                0x0000000000000682       0x1d d:/stm32/stm32cubeide_1.12.0/stm32cubeide/plugins/com.st.stm32cube.ide.mcu.externaltools.gnu-tools-for-stm32.11.3.rel1.win32_1.0.100.202301251239/tools/bin/../lib/gcc/arm-none-eabi/11.3.1/thumb/v7-m/nofp\libgcc.a(_arm_muldivsf3.o)
 .ARM.attributes
                0x000000000000069f       0x1d d:/stm32/stm32cubeide_1.12.0/stm32cubeide/plugins/com.st.stm32cube.ide.mcu.externaltools.gnu-tools-for-stm32.11.3.rel1.win32_1.0.100.202301251239/tools/bin/../lib/gcc/arm-none-eabi/11.3.1/thumb/v7-m/nofp\libgcc.a(_arm_cmpsf2.o)
 .ARM.attributes
                0x00000000000006bc       0x1d d:/stm32/stm32cubeide_1.12.0/stm32cubeide/plugins/com.st.stm32cube.ide.mcu.externaltools.gnu-tools-for-stm32.11.3.rel1.win32_1.0.100.202301251239/tools/bin/../lib/gcc/arm-none-eabi/11.3.1/thumb/v7-m/nofp\libgcc.a(_arm_fixsfsi.o)
 .ARM.attributes
                0x00000000000006d9       0x1d d:/stm32/stm32cubeide_1.12.0/stm32cubeide/plugins/com.st.stm32cube.ide.mcu.externaltools.gnu-tools-for-stm32.11.3.rel1.win32_1.0.100.202301251239/tools/bin/../lib/gcc/arm-none-eabi/11.3.1/thumb/v7-m/nofp/crtn.o
OUTPUT(SBSensor.elf elf32-littlearm)
LOAD linker stubs
LOAD d:/stm32/stm32cubeide_1.12.0/stm32cubeide/plugins/com.st.stm32cube.ide.mcu.externaltools.gnu-tools-for-stm32.11.3.rel1.win32_1.0.100.202301251239/tools/bin/../lib/gcc/arm-none-eabi/11.3.1/../../../../arm-none-eabi/lib/thumb/v7-m/nofp\libc.a
LOAD d:/stm32/stm32cubeide_1.12.0/stm32cubeide/plugins/com.st.stm32cube.ide.mcu.externaltools.gnu-tools-for-stm32.11.3.rel1.win32_1.0.100.202301251239/tools/bin/../lib/gcc/arm-none-eabi/11.3.1/../../../../arm-none-eabi/lib/thumb/v7-m/nofp\libm.a
LOAD d:/stm32/stm32cubeide_1.12.0/stm32cubeide/plugins/com.st.stm32cube.ide.mcu.externaltools.gnu-tools-for-stm32.11.3.rel1.win32_1.0.100.202301251239/tools/bin/../lib/gcc/arm-none-eabi/11.3.1/thumb/v7-m/nofp\libgcc.a

.comment        0x0000000000000000       0x43
 .comment       0x0000000000000000       0x43 d:/stm32/stm32cubeide_1.12.0/stm32cubeide/plugins/com.st.stm32cube.ide.mcu.externaltools.gnu-tools-for-stm32.11.3.rel1.win32_1.0.100.202301251239/tools/bin/../lib/gcc/arm-none-eabi/11.3.1/thumb/v7-m/nofp/crtbegin.o
                                         0x44 (size before relaxing)
 .comment       0x0000000000000043       0x44 ./Core/Src/adc.o
 .comment       0x0000000000000043       0x44 ./Core/Src/can.o
 .comment       0x0000000000000043       0x44 ./Core/Src/dma.o
 .comment       0x0000000000000043       0x44 ./Core/Src/gpio.o
 .comment       0x0000000000000043       0x44 ./Core/Src/main.o
 .comment       0x0000000000000043       0x44 ./Core/Src/stm32f1xx_hal_msp.o
 .comment       0x0000000000000043       0x44 ./Core/Src/stm32f1xx_it.o
 .comment       0x0000000000000043       0x44 ./Core/Src/system_stm32f1xx.o
 .comment       0x0000000000000043       0x44 ./Core/Src/tim.o
 .comment       0x0000000000000043       0x44 ./Core/Src/usart.o
 .comment       0x0000000000000043       0x44 ./Core/Src/conf/ndsconf.o
 .comment       0x0000000000000043       0x44 ./Core/Src/eeprom/eeprom.o
 .comment       0x0000000000000043       0x44 ./Core/Src/io/CO_fifo.o
 .comment       0x0000000000000043       0x44 ./Core/Src/io/canport.o
 .comment       0x0000000000000043       0x44 ./Core/Src/io/process.o
 .comment       0x0000000000000043       0x44 ./Core/Src/io/usartport.o
 .comment       0x0000000000000043       0x44 ./Core/Src/sensors/gpioexti.o
 .comment       0x0000000000000043       0x44 ./Core/Src/sensors/hx711.o
 .comment       0x0000000000000043       0x44 ./Core/Src/sensors/modbus.o
 .comment       0x0000000000000043       0x44 ./Drivers/STM32F1xx_HAL_Driver/Src/stm32f1xx_hal.o
 .comment       0x0000000000000043       0x44 ./Drivers/STM32F1xx_HAL_Driver/Src/stm32f1xx_hal_adc.o
 .comment       0x0000000000000043       0x44 ./Drivers/STM32F1xx_HAL_Driver/Src/stm32f1xx_hal_can.o
 .comment       0x0000000000000043       0x44 ./Drivers/STM32F1xx_HAL_Driver/Src/stm32f1xx_hal_cortex.o
 .comment       0x0000000000000043       0x44 ./Drivers/STM32F1xx_HAL_Driver/Src/stm32f1xx_hal_dma.o
 .comment       0x0000000000000043       0x44 ./Drivers/STM32F1xx_HAL_Driver/Src/stm32f1xx_hal_flash.o
 .comment       0x0000000000000043       0x44 ./Drivers/STM32F1xx_HAL_Driver/Src/stm32f1xx_hal_flash_ex.o
 .comment       0x0000000000000043       0x44 ./Drivers/STM32F1xx_HAL_Driver/Src/stm32f1xx_hal_gpio.o
 .comment       0x0000000000000043       0x44 ./Drivers/STM32F1xx_HAL_Driver/Src/stm32f1xx_hal_rcc.o
 .comment       0x0000000000000043       0x44 ./Drivers/STM32F1xx_HAL_Driver/Src/stm32f1xx_hal_rcc_ex.o
 .comment       0x0000000000000043       0x44 ./Drivers/STM32F1xx_HAL_Driver/Src/stm32f1xx_hal_tim.o
 .comment       0x0000000000000043       0x44 ./Drivers/STM32F1xx_HAL_Driver/Src/stm32f1xx_hal_tim_ex.o
 .comment       0x0000000000000043       0x44 ./Drivers/STM32F1xx_HAL_Driver/Src/stm32f1xx_hal_uart.o

.debug_info     0x0000000000000000    0x15dff
 .debug_info    0x0000000000000000      0x7fc ./Core/Src/adc.o
 .debug_info    0x00000000000007fc      0x867 ./Core/Src/can.o
 .debug_info    0x0000000000001063      0x2cf ./Core/Src/dma.o
 .debug_info    0x0000000000001332      0x432 ./Core/Src/gpio.o
 .debug_info    0x0000000000001764      0xaa1 ./Core/Src/main.o
 .debug_info    0x0000000000002205      0x1f1 ./Core/Src/stm32f1xx_hal_msp.o
 .debug_info    0x00000000000023f6      0xdc7 ./Core/Src/stm32f1xx_it.o
 .debug_info    0x00000000000031bd      0x222 ./Core/Src/system_stm32f1xx.o
 .debug_info    0x00000000000033df      0xd63 ./Core/Src/tim.o
 .debug_info    0x0000000000004142      0x9e0 ./Core/Src/usart.o
 .debug_info    0x0000000000004b22      0x834 ./Core/Src/conf/ndsconf.o
 .debug_info    0x0000000000005356      0x558 ./Core/Src/eeprom/eeprom.o
 .debug_info    0x00000000000058ae      0x3a2 ./Core/Src/io/CO_fifo.o
 .debug_info    0x0000000000005c50     0x13be ./Core/Src/io/canport.o
 .debug_info    0x000000000000700e      0xcc3 ./Core/Src/io/process.o
 .debug_info    0x0000000000007cd1      0x907 ./Core/Src/io/usartport.o
 .debug_info    0x00000000000085d8      0x1fb ./Core/Src/sensors/gpioexti.o
 .debug_info    0x00000000000087d3      0xc40 ./Core/Src/sensors/hx711.o
 .debug_info    0x0000000000009413      0xb79 ./Core/Src/sensors/modbus.o
 .debug_info    0x0000000000009f8c       0x23 ./Core/Startup/startup_stm32f103cbtx.o
 .debug_info    0x0000000000009faf      0x704 ./Drivers/STM32F1xx_HAL_Driver/Src/stm32f1xx_hal.o
 .debug_info    0x000000000000a6b3      0xc50 ./Drivers/STM32F1xx_HAL_Driver/Src/stm32f1xx_hal_adc.o
 .debug_info    0x000000000000b303      0xf13 ./Drivers/STM32F1xx_HAL_Driver/Src/stm32f1xx_hal_can.o
 .debug_info    0x000000000000c216      0xa87 ./Drivers/STM32F1xx_HAL_Driver/Src/stm32f1xx_hal_cortex.o
 .debug_info    0x000000000000cc9d      0x6d2 ./Drivers/STM32F1xx_HAL_Driver/Src/stm32f1xx_hal_dma.o
 .debug_info    0x000000000000d36f      0x4f8 ./Drivers/STM32F1xx_HAL_Driver/Src/stm32f1xx_hal_flash.o
 .debug_info    0x000000000000d867      0x777 ./Drivers/STM32F1xx_HAL_Driver/Src/stm32f1xx_hal_flash_ex.o
 .debug_info    0x000000000000dfde      0x5ab ./Drivers/STM32F1xx_HAL_Driver/Src/stm32f1xx_hal_gpio.o
 .debug_info    0x000000000000e589      0x7d5 ./Drivers/STM32F1xx_HAL_Driver/Src/stm32f1xx_hal_rcc.o
 .debug_info    0x000000000000ed5e      0x3c0 ./Drivers/STM32F1xx_HAL_Driver/Src/stm32f1xx_hal_rcc_ex.o
 .debug_info    0x000000000000f11e     0x2959 ./Drivers/STM32F1xx_HAL_Driver/Src/stm32f1xx_hal_tim.o
 .debug_info    0x0000000000011a77     0x149b ./Drivers/STM32F1xx_HAL_Driver/Src/stm32f1xx_hal_tim_ex.o
 .debug_info    0x0000000000012f12     0x2eed ./Drivers/STM32F1xx_HAL_Driver/Src/stm32f1xx_hal_uart.o

.debug_abbrev   0x0000000000000000     0x4443
 .debug_abbrev  0x0000000000000000      0x1f2 ./Core/Src/adc.o
 .debug_abbrev  0x00000000000001f2      0x232 ./Core/Src/can.o
 .debug_abbrev  0x0000000000000424       0xfc ./Core/Src/dma.o
 .debug_abbrev  0x0000000000000520      0x161 ./Core/Src/gpio.o
 .debug_abbrev  0x0000000000000681      0x24c ./Core/Src/main.o
 .debug_abbrev  0x00000000000008cd       0xdb ./Core/Src/stm32f1xx_hal_msp.o
 .debug_abbrev  0x00000000000009a8      0x222 ./Core/Src/stm32f1xx_it.o
 .debug_abbrev  0x0000000000000bca      0x13f ./Core/Src/system_stm32f1xx.o
 .debug_abbrev  0x0000000000000d09      0x28e ./Core/Src/tim.o
 .debug_abbrev  0x0000000000000f97      0x20b ./Core/Src/usart.o
 .debug_abbrev  0x00000000000011a2      0x202 ./Core/Src/conf/ndsconf.o
 .debug_abbrev  0x00000000000013a4      0x199 ./Core/Src/eeprom/eeprom.o
 .debug_abbrev  0x000000000000153d      0x1aa ./Core/Src/io/CO_fifo.o
 .debug_abbrev  0x00000000000016e7      0x444 ./Core/Src/io/canport.o
 .debug_abbrev  0x0000000000001b2b      0x26a ./Core/Src/io/process.o
 .debug_abbrev  0x0000000000001d95      0x296 ./Core/Src/io/usartport.o
 .debug_abbrev  0x000000000000202b      0x144 ./Core/Src/sensors/gpioexti.o
 .debug_abbrev  0x000000000000216f      0x2b2 ./Core/Src/sensors/hx711.o
 .debug_abbrev  0x0000000000002421      0x23e ./Core/Src/sensors/modbus.o
 .debug_abbrev  0x000000000000265f       0x12 ./Core/Startup/startup_stm32f103cbtx.o
 .debug_abbrev  0x0000000000002671      0x201 ./Drivers/STM32F1xx_HAL_Driver/Src/stm32f1xx_hal.o
 .debug_abbrev  0x0000000000002872      0x225 ./Drivers/STM32F1xx_HAL_Driver/Src/stm32f1xx_hal_adc.o
 .debug_abbrev  0x0000000000002a97      0x21c ./Drivers/STM32F1xx_HAL_Driver/Src/stm32f1xx_hal_can.o
 .debug_abbrev  0x0000000000002cb3      0x2f8 ./Drivers/STM32F1xx_HAL_Driver/Src/stm32f1xx_hal_cortex.o
 .debug_abbrev  0x0000000000002fab      0x20b ./Drivers/STM32F1xx_HAL_Driver/Src/stm32f1xx_hal_dma.o
 .debug_abbrev  0x00000000000031b6      0x250 ./Drivers/STM32F1xx_HAL_Driver/Src/stm32f1xx_hal_flash.o
 .debug_abbrev  0x0000000000003406      0x247 ./Drivers/STM32F1xx_HAL_Driver/Src/stm32f1xx_hal_flash_ex.o
 .debug_abbrev  0x000000000000364d      0x1ca ./Drivers/STM32F1xx_HAL_Driver/Src/stm32f1xx_hal_gpio.o
 .debug_abbrev  0x0000000000003817      0x2b3 ./Drivers/STM32F1xx_HAL_Driver/Src/stm32f1xx_hal_rcc.o
 .debug_abbrev  0x0000000000003aca      0x188 ./Drivers/STM32F1xx_HAL_Driver/Src/stm32f1xx_hal_rcc_ex.o
 .debug_abbrev  0x0000000000003c52      0x277 ./Drivers/STM32F1xx_HAL_Driver/Src/stm32f1xx_hal_tim.o
 .debug_abbrev  0x0000000000003ec9      0x282 ./Drivers/STM32F1xx_HAL_Driver/Src/stm32f1xx_hal_tim_ex.o
 .debug_abbrev  0x000000000000414b      0x2f8 ./Drivers/STM32F1xx_HAL_Driver/Src/stm32f1xx_hal_uart.o

.debug_aranges  0x0000000000000000     0x1410
 .debug_aranges
                0x0000000000000000       0x30 ./Core/Src/adc.o
 .debug_aranges
                0x0000000000000030       0x30 ./Core/Src/can.o
 .debug_aranges
                0x0000000000000060       0x20 ./Core/Src/dma.o
 .debug_aranges
                0x0000000000000080       0x20 ./Core/Src/gpio.o
 .debug_aranges
                0x00000000000000a0       0x30 ./Core/Src/main.o
 .debug_aranges
                0x00000000000000d0       0x20 ./Core/Src/stm32f1xx_hal_msp.o
 .debug_aranges
                0x00000000000000f0       0xa8 ./Core/Src/stm32f1xx_it.o
 .debug_aranges
                0x0000000000000198       0x28 ./Core/Src/system_stm32f1xx.o
 .debug_aranges
                0x00000000000001c0       0x58 ./Core/Src/tim.o
 .debug_aranges
                0x0000000000000218       0x40 ./Core/Src/usart.o
 .debug_aranges
                0x0000000000000258       0x98 ./Core/Src/conf/ndsconf.o
 .debug_aranges
                0x00000000000002f0       0x58 ./Core/Src/eeprom/eeprom.o
 .debug_aranges
                0x0000000000000348       0x50 ./Core/Src/io/CO_fifo.o
 .debug_aranges
                0x0000000000000398       0xb0 ./Core/Src/io/canport.o
 .debug_aranges
                0x0000000000000448       0x48 ./Core/Src/io/process.o
 .debug_aranges
                0x0000000000000490       0x60 ./Core/Src/io/usartport.o
 .debug_aranges
                0x00000000000004f0       0x28 ./Core/Src/sensors/gpioexti.o
 .debug_aranges
                0x0000000000000518       0x88 ./Core/Src/sensors/hx711.o
 .debug_aranges
                0x00000000000005a0       0x48 ./Core/Src/sensors/modbus.o
 .debug_aranges
                0x00000000000005e8       0x28 ./Core/Startup/startup_stm32f103cbtx.o
 .debug_aranges
                0x0000000000000610       0xe0 ./Drivers/STM32F1xx_HAL_Driver/Src/stm32f1xx_hal.o
 .debug_aranges
                0x00000000000006f0       0xf0 ./Drivers/STM32F1xx_HAL_Driver/Src/stm32f1xx_hal_adc.o
 .debug_aranges
                0x00000000000007e0      0x138 ./Drivers/STM32F1xx_HAL_Driver/Src/stm32f1xx_hal_can.o
 .debug_aranges
                0x0000000000000918      0x100 ./Drivers/STM32F1xx_HAL_Driver/Src/stm32f1xx_hal_cortex.o
 .debug_aranges
                0x0000000000000a18       0x80 ./Drivers/STM32F1xx_HAL_Driver/Src/stm32f1xx_hal_dma.o
 .debug_aranges
                0x0000000000000a98       0x88 ./Drivers/STM32F1xx_HAL_Driver/Src/stm32f1xx_hal_flash.o
 .debug_aranges
                0x0000000000000b20       0x98 ./Drivers/STM32F1xx_HAL_Driver/Src/stm32f1xx_hal_flash_ex.o
 .debug_aranges
                0x0000000000000bb8       0x58 ./Drivers/STM32F1xx_HAL_Driver/Src/stm32f1xx_hal_gpio.o
 .debug_aranges
                0x0000000000000c10       0x90 ./Drivers/STM32F1xx_HAL_Driver/Src/stm32f1xx_hal_rcc.o
 .debug_aranges
                0x0000000000000ca0       0x30 ./Drivers/STM32F1xx_HAL_Driver/Src/stm32f1xx_hal_rcc_ex.o
 .debug_aranges
                0x0000000000000cd0      0x3d0 ./Drivers/STM32F1xx_HAL_Driver/Src/stm32f1xx_hal_tim.o
 .debug_aranges
                0x00000000000010a0      0x168 ./Drivers/STM32F1xx_HAL_Driver/Src/stm32f1xx_hal_tim_ex.o
 .debug_aranges
                0x0000000000001208      0x208 ./Drivers/STM32F1xx_HAL_Driver/Src/stm32f1xx_hal_uart.o

.debug_rnglists
                0x0000000000000000      0xf74
 .debug_rnglists
                0x0000000000000000       0x20 ./Core/Src/adc.o
 .debug_rnglists
                0x0000000000000020       0x20 ./Core/Src/can.o
 .debug_rnglists
                0x0000000000000040       0x13 ./Core/Src/dma.o
 .debug_rnglists
                0x0000000000000053       0x14 ./Core/Src/gpio.o
 .debug_rnglists
                0x0000000000000067       0x21 ./Core/Src/main.o
 .debug_rnglists
                0x0000000000000088       0x13 ./Core/Src/stm32f1xx_hal_msp.o
 .debug_rnglists
                0x000000000000009b       0x79 ./Core/Src/stm32f1xx_it.o
 .debug_rnglists
                0x0000000000000114       0x1a ./Core/Src/system_stm32f1xx.o
 .debug_rnglists
                0x000000000000012e       0x41 ./Core/Src/tim.o
 .debug_rnglists
                0x000000000000016f       0x2d ./Core/Src/usart.o
 .debug_rnglists
                0x000000000000019c       0x70 ./Core/Src/conf/ndsconf.o
 .debug_rnglists
                0x000000000000020c       0x43 ./Core/Src/eeprom/eeprom.o
 .debug_rnglists
                0x000000000000024f       0x52 ./Core/Src/io/CO_fifo.o
 .debug_rnglists
                0x00000000000002a1       0x87 ./Core/Src/io/canport.o
 .debug_rnglists
                0x0000000000000328       0x34 ./Core/Src/io/process.o
 .debug_rnglists
                0x000000000000035c       0x43 ./Core/Src/io/usartport.o
 .debug_rnglists
                0x000000000000039f       0x19 ./Core/Src/sensors/gpioexti.o
 .debug_rnglists
                0x00000000000003b8       0x65 ./Core/Src/sensors/hx711.o
 .debug_rnglists
                0x000000000000041d       0x33 ./Core/Src/sensors/modbus.o
 .debug_rnglists
                0x0000000000000450       0x19 ./Core/Startup/startup_stm32f103cbtx.o
 .debug_rnglists
                0x0000000000000469       0xa3 ./Drivers/STM32F1xx_HAL_Driver/Src/stm32f1xx_hal.o
 .debug_rnglists
                0x000000000000050c       0xbc ./Drivers/STM32F1xx_HAL_Driver/Src/stm32f1xx_hal_adc.o
 .debug_rnglists
                0x00000000000005c8       0xed ./Drivers/STM32F1xx_HAL_Driver/Src/stm32f1xx_hal_can.o
 .debug_rnglists
                0x00000000000006b5       0xbb ./Drivers/STM32F1xx_HAL_Driver/Src/stm32f1xx_hal_cortex.o
 .debug_rnglists
                0x0000000000000770       0x64 ./Drivers/STM32F1xx_HAL_Driver/Src/stm32f1xx_hal_dma.o
 .debug_rnglists
                0x00000000000007d4       0x66 ./Drivers/STM32F1xx_HAL_Driver/Src/stm32f1xx_hal_flash.o
 .debug_rnglists
                0x000000000000083a       0x73 ./Drivers/STM32F1xx_HAL_Driver/Src/stm32f1xx_hal_flash_ex.o
 .debug_rnglists
                0x00000000000008ad       0x3f ./Drivers/STM32F1xx_HAL_Driver/Src/stm32f1xx_hal_gpio.o
 .debug_rnglists
                0x00000000000008ec       0x6c ./Drivers/STM32F1xx_HAL_Driver/Src/stm32f1xx_hal_rcc.o
 .debug_rnglists
                0x0000000000000958       0x21 ./Drivers/STM32F1xx_HAL_Driver/Src/stm32f1xx_hal_rcc_ex.o
 .debug_rnglists
                0x0000000000000979      0x31a ./Drivers/STM32F1xx_HAL_Driver/Src/stm32f1xx_hal_tim.o
 .debug_rnglists
                0x0000000000000c93      0x125 ./Drivers/STM32F1xx_HAL_Driver/Src/stm32f1xx_hal_tim_ex.o
 .debug_rnglists
                0x0000000000000db8      0x1bc ./Drivers/STM32F1xx_HAL_Driver/Src/stm32f1xx_hal_uart.o

.debug_macro    0x0000000000000000    0x1acc0
 .debug_macro   0x0000000000000000      0x1da ./Core/Src/adc.o
 .debug_macro   0x00000000000001da      0xa9c ./Core/Src/adc.o
 .debug_macro   0x0000000000000c76      0x22d ./Core/Src/adc.o
 .debug_macro   0x0000000000000ea3       0x2e ./Core/Src/adc.o
 .debug_macro   0x0000000000000ed1       0x22 ./Core/Src/adc.o
 .debug_macro   0x0000000000000ef3       0x22 ./Core/Src/adc.o
 .debug_macro   0x0000000000000f15       0x8e ./Core/Src/adc.o
 .debug_macro   0x0000000000000fa3       0x51 ./Core/Src/adc.o
 .debug_macro   0x0000000000000ff4      0x103 ./Core/Src/adc.o
 .debug_macro   0x00000000000010f7       0x6a ./Core/Src/adc.o
 .debug_macro   0x0000000000001161      0x1df ./Core/Src/adc.o
 .debug_macro   0x0000000000001340       0x1c ./Core/Src/adc.o
 .debug_macro   0x000000000000135c       0x22 ./Core/Src/adc.o
 .debug_macro   0x000000000000137e       0xbd ./Core/Src/adc.o
 .debug_macro   0x000000000000143b      0xd23 ./Core/Src/adc.o
 .debug_macro   0x000000000000215e     0xe09e ./Core/Src/adc.o
 .debug_macro   0x00000000000101fc       0x6d ./Core/Src/adc.o
 .debug_macro   0x0000000000010269     0x34a2 ./Core/Src/adc.o
 .debug_macro   0x000000000001370b      0x174 ./Core/Src/adc.o
 .debug_macro   0x000000000001387f       0x5c ./Core/Src/adc.o
 .debug_macro   0x00000000000138db      0x5bc ./Core/Src/adc.o
 .debug_macro   0x0000000000013e97      0x289 ./Core/Src/adc.o
 .debug_macro   0x0000000000014120      0x1cb ./Core/Src/adc.o
 .debug_macro   0x00000000000142eb      0x114 ./Core/Src/adc.o
 .debug_macro   0x00000000000143ff      0x1b2 ./Core/Src/adc.o
 .debug_macro   0x00000000000145b1       0x27 ./Core/Src/adc.o
 .debug_macro   0x00000000000145d8      0x136 ./Core/Src/adc.o
 .debug_macro   0x000000000001470e      0x1bc ./Core/Src/adc.o
 .debug_macro   0x00000000000148ca       0x34 ./Core/Src/adc.o
 .debug_macro   0x00000000000148fe       0x3c ./Core/Src/adc.o
 .debug_macro   0x000000000001493a      0x408 ./Core/Src/adc.o
 .debug_macro   0x0000000000014d42       0x57 ./Core/Src/adc.o
 .debug_macro   0x0000000000014d99      0x46a ./Core/Src/adc.o
 .debug_macro   0x0000000000015203      0x1b5 ./Core/Src/adc.o
 .debug_macro   0x00000000000153b8       0x87 ./Core/Src/adc.o
 .debug_macro   0x000000000001543f      0x240 ./Core/Src/adc.o
 .debug_macro   0x000000000001567f      0x140 ./Core/Src/adc.o
 .debug_macro   0x00000000000157bf      0x8ed ./Core/Src/adc.o
 .debug_macro   0x00000000000160ac      0x28e ./Core/Src/adc.o
 .debug_macro   0x000000000001633a       0x83 ./Core/Src/adc.o
 .debug_macro   0x00000000000163bd       0x4c ./Core/Src/adc.o
 .debug_macro   0x0000000000016409      0x1da ./Core/Src/can.o
 .debug_macro   0x00000000000165e3      0x1da ./Core/Src/dma.o
 .debug_macro   0x00000000000167bd      0x1da ./Core/Src/gpio.o
 .debug_macro   0x0000000000016997      0x237 ./Core/Src/main.o
 .debug_macro   0x0000000000016bce      0x184 ./Core/Src/main.o
 .debug_macro   0x0000000000016d52      0x1d0 ./Core/Src/stm32f1xx_hal_msp.o
 .debug_macro   0x0000000000016f22      0x1da ./Core/Src/stm32f1xx_it.o
 .debug_macro   0x00000000000170fc      0x1c1 ./Core/Src/system_stm32f1xx.o
 .debug_macro   0x00000000000172bd      0x1da ./Core/Src/tim.o
 .debug_macro   0x0000000000017497      0x1da ./Core/Src/usart.o
 .debug_macro   0x0000000000017671      0x300 ./Core/Src/conf/ndsconf.o
 .debug_macro   0x0000000000017971       0x16 ./Core/Src/conf/ndsconf.o
 .debug_macro   0x0000000000017987       0x97 ./Core/Src/conf/ndsconf.o
 .debug_macro   0x0000000000017a1e       0xfd ./Core/Src/conf/ndsconf.o
 .debug_macro   0x0000000000017b1b       0x16 ./Core/Src/conf/ndsconf.o
 .debug_macro   0x0000000000017b31       0x56 ./Core/Src/conf/ndsconf.o
 .debug_macro   0x0000000000017b87       0x6a ./Core/Src/conf/ndsconf.o
 .debug_macro   0x0000000000017bf1      0x1d0 ./Core/Src/eeprom/eeprom.o
 .debug_macro   0x0000000000017dc1       0x64 ./Core/Src/eeprom/eeprom.o
 .debug_macro   0x0000000000017e25      0x1c0 ./Core/Src/io/CO_fifo.o
 .debug_macro   0x0000000000017fe5       0x16 ./Core/Src/io/CO_fifo.o
 .debug_macro   0x0000000000017ffb       0x20 ./Core/Src/io/CO_fifo.o
 .debug_macro   0x000000000001801b       0x22 ./Core/Src/io/CO_fifo.o
 .debug_macro   0x000000000001803d      0x11f ./Core/Src/io/CO_fifo.o
 .debug_macro   0x000000000001815c      0x347 ./Core/Src/io/canport.o
 .debug_macro   0x00000000000184a3      0x17e ./Core/Src/io/canport.o
 .debug_macro   0x0000000000018621       0x35 ./Core/Src/io/canport.o
 .debug_macro   0x0000000000018656      0x374 ./Core/Src/io/process.o
 .debug_macro   0x00000000000189ca       0x10 ./Core/Src/io/process.o
 .debug_macro   0x00000000000189da       0x10 ./Core/Src/io/process.o
 .debug_macro   0x00000000000189ea       0x2f ./Core/Src/io/process.o
 .debug_macro   0x0000000000018a19       0x94 ./Core/Src/io/process.o
 .debug_macro   0x0000000000018aad      0x33d ./Core/Src/io/usartport.o
 .debug_macro   0x0000000000018dea      0x1de ./Core/Src/sensors/gpioexti.o
 .debug_macro   0x0000000000018fc8      0x201 ./Core/Src/sensors/hx711.o
 .debug_macro   0x00000000000191c9       0x16 ./Core/Src/sensors/hx711.o
 .debug_macro   0x00000000000191df      0x2c2 ./Core/Src/sensors/modbus.o
 .debug_macro   0x00000000000194a1       0x61 ./Core/Src/sensors/modbus.o
 .debug_macro   0x0000000000019502       0x10 ./Core/Src/sensors/modbus.o
 .debug_macro   0x0000000000019512      0x1e5 ./Drivers/STM32F1xx_HAL_Driver/Src/stm32f1xx_hal.o
 .debug_macro   0x00000000000196f7      0x1de ./Drivers/STM32F1xx_HAL_Driver/Src/stm32f1xx_hal_adc.o
 .debug_macro   0x00000000000198d5      0x1d0 ./Drivers/STM32F1xx_HAL_Driver/Src/stm32f1xx_hal_can.o
 .debug_macro   0x0000000000019aa5      0x1c1 ./Drivers/STM32F1xx_HAL_Driver/Src/stm32f1xx_hal_cortex.o
 .debug_macro   0x0000000000019c66      0x1c1 ./Drivers/STM32F1xx_HAL_Driver/Src/stm32f1xx_hal_dma.o
 .debug_macro   0x0000000000019e27      0x1c1 ./Drivers/STM32F1xx_HAL_Driver/Src/stm32f1xx_hal_flash.o
 .debug_macro   0x0000000000019fe8      0x1d3 ./Drivers/STM32F1xx_HAL_Driver/Src/stm32f1xx_hal_flash_ex.o
 .debug_macro   0x000000000001a1bb      0x22c ./Drivers/STM32F1xx_HAL_Driver/Src/stm32f1xx_hal_gpio.o
 .debug_macro   0x000000000001a3e7      0x1d3 ./Drivers/STM32F1xx_HAL_Driver/Src/stm32f1xx_hal_rcc.o
 .debug_macro   0x000000000001a5ba      0x1c1 ./Drivers/STM32F1xx_HAL_Driver/Src/stm32f1xx_hal_rcc_ex.o
 .debug_macro   0x000000000001a77b      0x1c2 ./Drivers/STM32F1xx_HAL_Driver/Src/stm32f1xx_hal_tim.o
 .debug_macro   0x000000000001a93d      0x1c1 ./Drivers/STM32F1xx_HAL_Driver/Src/stm32f1xx_hal_tim_ex.o
 .debug_macro   0x000000000001aafe      0x1c2 ./Drivers/STM32F1xx_HAL_Driver/Src/stm32f1xx_hal_uart.o

.debug_line     0x0000000000000000    0x1961f
 .debug_line    0x0000000000000000      0x754 ./Core/Src/adc.o
 .debug_line    0x0000000000000754      0x73e ./Core/Src/can.o
 .debug_line    0x0000000000000e92      0x6bd ./Core/Src/dma.o
 .debug_line    0x000000000000154f      0x6ea ./Core/Src/gpio.o
 .debug_line    0x0000000000001c39      0x859 ./Core/Src/main.o
 .debug_line    0x0000000000002492      0x6c2 ./Core/Src/stm32f1xx_hal_msp.o
 .debug_line    0x0000000000002b54      0x85e ./Core/Src/stm32f1xx_it.o
 .debug_line    0x00000000000033b2      0x740 ./Core/Src/system_stm32f1xx.o
 .debug_line    0x0000000000003af2      0x88e ./Core/Src/tim.o
 .debug_line    0x0000000000004380      0x816 ./Core/Src/usart.o
 .debug_line    0x0000000000004b96      0xafe ./Core/Src/conf/ndsconf.o
 .debug_line    0x0000000000005694      0xaac ./Core/Src/eeprom/eeprom.o
 .debug_line    0x0000000000006140      0x7e8 ./Core/Src/io/CO_fifo.o
 .debug_line    0x0000000000006928      0xe0d ./Core/Src/io/canport.o
 .debug_line    0x0000000000007735      0xb29 ./Core/Src/io/process.o
 .debug_line    0x000000000000825e      0xa28 ./Core/Src/io/usartport.o
 .debug_line    0x0000000000008c86      0x715 ./Core/Src/sensors/gpioexti.o
 .debug_line    0x000000000000939b      0x9e9 ./Core/Src/sensors/hx711.o
 .debug_line    0x0000000000009d84      0x9d8 ./Core/Src/sensors/modbus.o
 .debug_line    0x000000000000a75c       0x78 ./Core/Startup/startup_stm32f103cbtx.o
 .debug_line    0x000000000000a7d4      0x96d ./Drivers/STM32F1xx_HAL_Driver/Src/stm32f1xx_hal.o
 .debug_line    0x000000000000b141      0xfea ./Drivers/STM32F1xx_HAL_Driver/Src/stm32f1xx_hal_adc.o
 .debug_line    0x000000000000c12b     0x1111 ./Drivers/STM32F1xx_HAL_Driver/Src/stm32f1xx_hal_can.o
 .debug_line    0x000000000000d23c      0xb55 ./Drivers/STM32F1xx_HAL_Driver/Src/stm32f1xx_hal_cortex.o
 .debug_line    0x000000000000dd91      0xdc6 ./Drivers/STM32F1xx_HAL_Driver/Src/stm32f1xx_hal_dma.o
 .debug_line    0x000000000000eb57      0xa2c ./Drivers/STM32F1xx_HAL_Driver/Src/stm32f1xx_hal_flash.o
 .debug_line    0x000000000000f583      0xb0e ./Drivers/STM32F1xx_HAL_Driver/Src/stm32f1xx_hal_flash_ex.o
 .debug_line    0x0000000000010091      0xa06 ./Drivers/STM32F1xx_HAL_Driver/Src/stm32f1xx_hal_gpio.o
 .debug_line    0x0000000000010a97      0xd76 ./Drivers/STM32F1xx_HAL_Driver/Src/stm32f1xx_hal_rcc.o
 .debug_line    0x000000000001180d      0x8b1 ./Drivers/STM32F1xx_HAL_Driver/Src/stm32f1xx_hal_rcc_ex.o
 .debug_line    0x00000000000120be     0x3474 ./Drivers/STM32F1xx_HAL_Driver/Src/stm32f1xx_hal_tim.o
 .debug_line    0x0000000000015532     0x18bc ./Drivers/STM32F1xx_HAL_Driver/Src/stm32f1xx_hal_tim_ex.o
 .debug_line    0x0000000000016dee     0x2831 ./Drivers/STM32F1xx_HAL_Driver/Src/stm32f1xx_hal_uart.o

.debug_str      0x0000000000000000    0x94700
 .debug_str     0x0000000000000000    0x8a374 ./Core/Src/adc.o
                                      0x8a72b (size before relaxing)
 .debug_str     0x000000000008a374      0x546 ./Core/Src/can.o
                                      0x8a951 (size before relaxing)
 .debug_str     0x000000000008a8ba       0x29 ./Core/Src/dma.o
                                      0x8a5be (size before relaxing)
 .debug_str     0x000000000008a8e3       0x68 ./Core/Src/gpio.o
                                      0x8a667 (size before relaxing)
 .debug_str     0x000000000008a94b      0xb88 ./Core/Src/main.o
                                      0x8b10d (size before relaxing)
 .debug_str     0x000000000008b4d3       0x50 ./Core/Src/stm32f1xx_hal_msp.o
                                      0x8a2e8 (size before relaxing)
 .debug_str     0x000000000008b523      0x3bb ./Core/Src/stm32f1xx_it.o
                                      0x8ad85 (size before relaxing)
 .debug_str     0x000000000008b8de       0x7e ./Core/Src/system_stm32f1xx.o
                                      0x8a21c (size before relaxing)
 .debug_str     0x000000000008b95c      0x2da ./Core/Src/tim.o
                                      0x8ae35 (size before relaxing)
 .debug_str     0x000000000008bc36       0x58 ./Core/Src/usart.o
                                      0x8aaf9 (size before relaxing)
 .debug_str     0x000000000008bc8e     0x3eca ./Core/Src/conf/ndsconf.o
                                      0x8e767 (size before relaxing)
 .debug_str     0x000000000008fb58      0x1b2 ./Core/Src/eeprom/eeprom.o
                                      0x8a683 (size before relaxing)
 .debug_str     0x000000000008fd0a      0x9ea ./Core/Src/io/CO_fifo.o
                                       0x81b4 (size before relaxing)
 .debug_str     0x00000000000906f4      0x929 ./Core/Src/io/canport.o
                                      0x8ef3e (size before relaxing)
 .debug_str     0x000000000009101d      0x3f9 ./Core/Src/io/process.o
                                      0x8ee55 (size before relaxing)
 .debug_str     0x0000000000091416      0x113 ./Core/Src/io/usartport.o
                                      0x8e160 (size before relaxing)
 .debug_str     0x0000000000091529       0x59 ./Core/Src/sensors/gpioexti.o
                                      0x8a34a (size before relaxing)
 .debug_str     0x0000000000091582      0x198 ./Core/Src/sensors/hx711.o
                                      0x8aa54 (size before relaxing)
 .debug_str     0x000000000009171a      0x16b ./Core/Src/sensors/modbus.o
                                      0x8dc8c (size before relaxing)
 .debug_str     0x0000000000091885       0x34 ./Core/Startup/startup_stm32f103cbtx.o