../Core/Src/io/CO_fifo.h:160:22:CO_fifo_getOccupied	24	static
../Core/Src/io/canport.c:35:1:CANsetConfigurationMode	16	static
../Core/Src/io/canport.c:48:1:CANsetNormalMode	16	static
../Core/Src/io/canport.c:63:1:CANmodule_init	64	static
../Core/Src/io/canport.c:150:1:CANmodule_disable	8	static
../Core/Src/io/canport.c:163:1:CANtxBufferInit	16	static
../Core/Src/io/canport.c:176:1:CANrxBufferInit	32	static
../Core/Src/io/canport.c:209:1:prv_send_can_message	24	static
../Core/Src/io/canport.c:294:1:CANsend	32	static,ignoring_inline_asm
../Core/Src/io/canport.c:325:1:CANclearPendingSync	24	static,ignoring_inline_asm
../Core/Src/io/canport.c:358:1:CANmodule_process	16	static
../Core/Src/io/canport.c:438:1:prv_read_can_received_msg	40	static
../Core/Src/io/canport.c:587:1:HAL_CAN_RxFifo0MsgPendingCallback	16	static
../Core/Src/io/canport.c:598:1:HAL_CAN_RxFifo1MsgPendingCallback	16	static
../Core/Src/io/canport.c:610:1:CANinterrupt_TX	32	static,ignoring_inline_asm
../Core/Src/io/canport.c:647:1:HAL_CAN_TxMailbox0CompleteCallback	16	static
../Core/Src/io/canport.c:652:1:HAL_CAN_TxMailbox1CompleteCallback	16	static
../Core/Src/io/canport.c:657:1:HAL_CAN_TxMailbox2CompleteCallback	16	static
../Core/Src/io/canport.c:662:9:CANreadMsg	24	static
