../Core/Src/io/CO_fifo.h:123:20:CO_fifo_reset	16	static
../Core/Src/io/CO_fifo.h:160:22:CO_fifo_getOccupied	24	static
../Core/Src/io/usartport.c:31:6:Port_reset	8	static
../Core/Src/io/usartport.c:36:19:Port_init	16	static
../Core/Src/io/usartport.c:51:10:Port_read	24	static
../Core/Src/io/usartport.c:64:10:Port_recvData_len	16	static
../Core/Src/io/usartport.c:70:6:Port_send	16	static
../Core/Src/io/usartport.c:76:6:HAL_UART_RxCpltCallback	16	static
../Core/Src/io/usartport.c:90:6:HAL_UART_ErrorCallback	24	static
