../Core/Src/io/canport.c:212:1:prv_send_can_message	24	static
../Core/Src/io/canport.c:441:1:prv_read_can_received_msg.constprop	24	static
../Core/Src/io/canport.c:38:1:CANsetConfigurationMode	8	static
../Core/Src/io/canport.c:51:1:CANsetNormalMode	8	static
../Core/Src/io/canport.c:66:1:CANmodule_init	56	static
../Core/Src/io/canport.c:153:1:CANmodule_disable	0	static
../Core/Src/io/canport.c:166:1:CANtxBufferInit	8	static
../Core/Src/io/canport.c:179:1:CANrxBufferInit	16	static
../Core/Src/io/canport.c:297:1:CANsend	16	static,ignoring_inline_asm
../Core/Src/io/canport.c:328:1:CANclearPendingSync	8	static,ignoring_inline_asm
../Core/Src/io/canport.c:361:1:CANmodule_process	0	static
../Core/Src/io/canport.c:591:1:HAL_CAN_RxFifo0MsgPendingCallback	0	static
../Core/Src/io/canport.c:602:1:HAL_CAN_RxFifo1MsgPendingCallback	0	static
../Core/Src/io/canport.c:614:1:CANinterrupt_TX	24	static,ignoring_inline_asm
../Core/Src/io/canport.c:651:1:HAL_CAN_TxMailbox0CompleteCallback	0	static
../Core/Src/io/canport.c:656:1:HAL_CAN_TxMailbox1CompleteCallback	0	static
../Core/Src/io/canport.c:661:1:HAL_CAN_TxMailbox2CompleteCallback	0	static
../Core/Src/io/canport.c:666:9:CANreadMsg	8	static
