../Core/Src/io/canport.c:209:1:prv_send_can_message	24	static
../Core/Src/io/canport.c:438:1:prv_read_can_received_msg.constprop	24	static
../Core/Src/io/canport.c:35:1:CANsetConfigurationMode	8	static
../Core/Src/io/canport.c:48:1:CANsetNormalMode	8	static
../Core/Src/io/canport.c:63:1:CANmodule_init	56	static
../Core/Src/io/canport.c:150:1:CANmodule_disable	0	static
../Core/Src/io/canport.c:163:1:CANtxBufferInit	8	static
../Core/Src/io/canport.c:176:1:CANrxBufferInit	16	static
../Core/Src/io/canport.c:294:1:CANsend	16	static,ignoring_inline_asm
../Core/Src/io/canport.c:325:1:CANclearPendingSync	20	static,ignoring_inline_asm
../Core/Src/io/canport.c:358:1:CANmodule_process	0	static
../Core/Src/io/canport.c:587:1:HAL_CAN_RxFifo0MsgPendingCallback	0	static
../Core/Src/io/canport.c:598:1:HAL_CAN_RxFifo1MsgPendingCallback	0	static
../Core/Src/io/canport.c:610:1:CANinterrupt_TX	24	static,ignoring_inline_asm
../Core/Src/io/canport.c:647:1:HAL_CAN_TxMailbox0CompleteCallback	0	static
../Core/Src/io/canport.c:652:1:HAL_CAN_TxMailbox1CompleteCallback	0	static
../Core/Src/io/canport.c:657:1:HAL_CAN_TxMailbox2CompleteCallback	0	static
../Core/Src/io/canport.c:662:9:CANreadMsg	8	static
