../Core/Src/conf/ndsconf.c:150:6:CONF_init	8	static
../Core/Src/conf/ndsconf.c:160:6:CONF_load	8	static
../Core/Src/conf/ndsconf.c:280:10:CONF_setID	24	static
../Core/Src/conf/ndsconf.c:293:10:CONF_setBaudrate	24	static
../Core/Src/conf/ndsconf.c:304:6:CONF_setMaxVel	16	static
../Core/Src/conf/ndsconf.c:310:6:CONF_setMaxAcce	16	static
../Core/Src/conf/ndsconf.c:320:9:CONF_setPWMFreq	16	static
../Core/Src/conf/ndsconf.c:357:6:CONF_setPWMController	16	static
../Core/Src/conf/ndsconf.c:385:6:CONF_setSpeedSample	16	static
../Core/Src/conf/ndsconf.c:395:6:CONF_setPolarity	16	static
../Core/Src/conf/ndsconf.c:401:6:CONF_setPID	24	static
../Core/Src/conf/ndsconf.c:410:6:CONF_setPIDMaxVel	16	static
../Core/Src/conf/ndsconf.c:416:6:CONF_setPosLimit	16	static
../Core/Src/conf/ndsconf.c:424:6:CONF_setPosPID	16	static
../Core/Src/conf/ndsconf.c:434:6:CONF_setVelPID	16	static
../Core/Src/conf/ndsconf.c:444:6:CONF_setUpgrade	48	static
