Archive member included to satisfy reference by file (symbol)

D:/tools/ST/STM32CubeIDE_2.0.0/STM32CubeIDE/plugins/com.st.stm32cube.ide.mcu.externaltools.gnu-tools-for-stm32.13.3.rel1.win32_1.0.100.202509120712/tools/bin/../lib/gcc/arm-none-eabi/13.3.1/../../../../arm-none-eabi/lib/thumb/v7-m/nofp\libc_nano.a(libc_a-exit.o)
                              D:/tools/ST/STM32CubeIDE_2.0.0/STM32CubeIDE/plugins/com.st.stm32cube.ide.mcu.externaltools.gnu-tools-for-stm32.13.3.rel1.win32_1.0.100.202509120712/tools/bin/../lib/gcc/arm-none-eabi/13.3.1/../../../../arm-none-eabi/lib/thumb/v7-m/nofp/crt0.o (exit)
D:/tools/ST/STM32CubeIDE_2.0.0/STM32CubeIDE/plugins/com.st.stm32cube.ide.mcu.externaltools.gnu-tools-for-stm32.13.3.rel1.win32_1.0.100.202509120712/tools/bin/../lib/gcc/arm-none-eabi/13.3.1/../../../../arm-none-eabi/lib/thumb/v7-m/nofp\libc_nano.a(libc_a-nano-vfprintf_float.o)
                              (_printf_float)
D:/tools/ST/STM32CubeIDE_2.0.0/STM32CubeIDE/plugins/com.st.stm32cube.ide.mcu.externaltools.gnu-tools-for-stm32.13.3.rel1.win32_1.0.100.202509120712/tools/bin/../lib/gcc/arm-none-eabi/13.3.1/../../../../arm-none-eabi/lib/thumb/v7-m/nofp\libc_nano.a(libc_a-nano-vfprintf_i.o)
                              D:/tools/ST/STM32CubeIDE_2.0.0/STM32CubeIDE/plugins/com.st.stm32cube.ide.mcu.externaltools.gnu-tools-for-stm32.13.3.rel1.win32_1.0.100.202509120712/tools/bin/../lib/gcc/arm-none-eabi/13.3.1/../../../../arm-none-eabi/lib/thumb/v7-m/nofp\libc_nano.a(libc_a-nano-vfprintf_float.o) (_printf_common)
D:/tools/ST/STM32CubeIDE_2.0.0/STM32CubeIDE/plugins/com.st.stm32cube.ide.mcu.externaltools.gnu-tools-for-stm32.13.3.rel1.win32_1.0.100.202509120712/tools/bin/../lib/gcc/arm-none-eabi/13.3.1/../../../../arm-none-eabi/lib/thumb/v7-m/nofp\libc_nano.a(libc_a-findfp.o)
                              D:/tools/ST/STM32CubeIDE_2.0.0/STM32CubeIDE/plugins/com.st.stm32cube.ide.mcu.externaltools.gnu-tools-for-stm32.13.3.rel1.win32_1.0.100.202509120712/tools/bin/../lib/gcc/arm-none-eabi/13.3.1/../../../../arm-none-eabi/lib/thumb/v7-m/nofp\libc_nano.a(libc_a-exit.o) (__stdio_exit_handler)
D:/tools/ST/STM32CubeIDE_2.0.0/STM32CubeIDE/plugins/com.st.stm32cube.ide.mcu.externaltools.gnu-tools-for-stm32.13.3.rel1.win32_1.0.100.202509120712/tools/bin/../lib/gcc/arm-none-eabi/13.3.1/../../../../arm-none-eabi/lib/thumb/v7-m/nofp\libc_nano.a(libc_a-fwalk.o)
                              D:/tools/ST/STM32CubeIDE_2.0.0/STM32CubeIDE/plugins/com.st.stm32cube.ide.mcu.externaltools.gnu-tools-for-stm32.13.3.rel1.win32_1.0.100.202509120712/tools/bin/../lib/gcc/arm-none-eabi/13.3.1/../../../../arm-none-eabi/lib/thumb/v7-m/nofp\libc_nano.a(libc_a-findfp.o) (_fwalk_sglue)
D:/tools/ST/STM32CubeIDE_2.0.0/STM32CubeIDE/plugins/com.st.stm32cube.ide.mcu.externaltools.gnu-tools-for-stm32.13.3.rel1.win32_1.0.100.202509120712/tools/bin/../lib/gcc/arm-none-eabi/13.3.1/../../../../arm-none-eabi/lib/thumb/v7-m/nofp\libc_nano.a(libc_a-stdio.o)
                              D:/tools/ST/STM32CubeIDE_2.0.0/STM32CubeIDE/plugins/com.st.stm32cube.ide.mcu.externaltools.gnu-tools-for-stm32.13.3.rel1.win32_1.0.100.202509120712/tools/bin/../lib/gcc/arm-none-eabi/13.3.1/../../../../arm-none-eabi/lib/thumb/v7-m/nofp\libc_nano.a(libc_a-findfp.o) (__sread)
D:/tools/ST/STM32CubeIDE_2.0.0/STM32CubeIDE/plugins/com.st.stm32cube.ide.mcu.externaltools.gnu-tools-for-stm32.13.3.rel1.win32_1.0.100.202509120712/tools/bin/../lib/gcc/arm-none-eabi/13.3.1/../../../../arm-none-eabi/lib/thumb/v7-m/nofp\libc_nano.a(libc_a-memset.o)
                              D:/tools/ST/STM32CubeIDE_2.0.0/STM32CubeIDE/plugins/com.st.stm32cube.ide.mcu.externaltools.gnu-tools-for-stm32.13.3.rel1.win32_1.0.100.202509120712/tools/bin/../lib/gcc/arm-none-eabi/13.3.1/../../../../arm-none-eabi/lib/thumb/v7-m/nofp/crt0.o (memset)
D:/tools/ST/STM32CubeIDE_2.0.0/STM32CubeIDE/plugins/com.st.stm32cube.ide.mcu.externaltools.gnu-tools-for-stm32.13.3.rel1.win32_1.0.100.202509120712/tools/bin/../lib/gcc/arm-none-eabi/13.3.1/../../../../arm-none-eabi/lib/thumb/v7-m/nofp\libc_nano.a(libc_a-localeconv.o)
                              D:/tools/ST/STM32CubeIDE_2.0.0/STM32CubeIDE/plugins/com.st.stm32cube.ide.mcu.externaltools.gnu-tools-for-stm32.13.3.rel1.win32_1.0.100.202509120712/tools/bin/../lib/gcc/arm-none-eabi/13.3.1/../../../../arm-none-eabi/lib/thumb/v7-m/nofp\libc_nano.a(libc_a-nano-vfprintf_float.o) (_localeconv_r)
D:/tools/ST/STM32CubeIDE_2.0.0/STM32CubeIDE/plugins/com.st.stm32cube.ide.mcu.externaltools.gnu-tools-for-stm32.13.3.rel1.win32_1.0.100.202509120712/tools/bin/../lib/gcc/arm-none-eabi/13.3.1/../../../../arm-none-eabi/lib/thumb/v7-m/nofp\libc_nano.a(libc_a-closer.o)
                              D:/tools/ST/STM32CubeIDE_2.0.0/STM32CubeIDE/plugins/com.st.stm32cube.ide.mcu.externaltools.gnu-tools-for-stm32.13.3.rel1.win32_1.0.100.202509120712/tools/bin/../lib/gcc/arm-none-eabi/13.3.1/../../../../arm-none-eabi/lib/thumb/v7-m/nofp\libc_nano.a(libc_a-stdio.o) (_close_r)
[...]
Memory Configuration

Name             Origin             Length             Attributes
RAM              0x20000000         0x00005000         xrw
FLASH            0x08000000         0x00020000         xr
*default*        0x00000000         0xffffffff

Linker script and memory map

LOAD D:/tools/ST/STM32CubeIDE_2.0.0/STM32CubeIDE/plugins/com.st.stm32cube.ide.mcu.externaltools.gnu-tools-for-stm32.13.3.rel1.win32_1.0.100.202509120712/tools/bin/../lib/gcc/arm-none-eabi/13.3.1/thumb/v7-m/nofp/crti.o
LOAD D:/tools/ST/STM32CubeIDE_2.0.0/STM32CubeIDE/plugins/com.st.stm32cube.ide.mcu.externaltools.gnu-tools-for-stm32.13.3.rel1.win32_1.0.100.202509120712/tools/bin/../lib/gcc/arm-none-eabi/13.3.1/thumb/v7-m/nofp/crtbegin.o
LOAD D:/tools/ST/STM32CubeIDE_2.0.0/STM32CubeIDE/plugins/com.st.stm32cube.ide.mcu.externaltools.gnu-tools-for-stm32.13.3.rel1.win32_1.0.100.202509120712/tools/bin/../lib/gcc/arm-none-eabi/13.3.1/../../../../arm-none-eabi/lib/thumb/v7-m/nofp/crt0.o
LOAD ./Core/Src/adc.o
LOAD ./Core/Src/can.o
LOAD ./Core/Src/dma.o
LOAD ./Core/Src/gpio.o
LOAD ./Core/Src/main.o
LOAD ./Core/Src/stm32f1xx_hal_msp.o
LOAD ./Core/Src/stm32f1xx_it.o
LOAD ./Core/Src/syscalls.o
LOAD ./Core/Src/sysmem.o
LOAD ./Core/Src/system_stm32f1xx.o
LOAD ./Core/Src/tim.o
LOAD ./Core/Src/usart.o
LOAD ./Core/Src/conf/ndsconf.o
LOAD ./Core/Src/eeprom/eeprom.o
LOAD ./Core/Src/io/CO_fifo.o
LOAD ./Core/Src/io/canport.o
LOAD ./Core/Src/io/process.o
LOAD ./Core/Src/io/usartport.o
LOAD ./Core/Src/sensors/gpioexti.o
LOAD ./Core/Src/sensors/hx711.o
LOAD ./Core/Src/sensors/modbus.o
LOAD ./Core/Src/sensors/tof.o
LOAD ./Core/Startup/startup_stm32f103cbtx.o
LOAD ./Drivers/STM32F1xx_HAL_Driver/Src/stm32f1xx_hal.o
LOAD ./Drivers/STM32F1xx_HAL_Driver/Src/stm32f1xx_hal_adc.o
LOAD ./Drivers/STM32F1xx_HAL_Driver/Src/stm32f1xx_hal_adc_ex.o
LOAD ./Drivers/STM32F1xx_HAL_Driver/Src/stm32f1xx_hal_can.o
LOAD ./Drivers/STM32F1xx_HAL_Driver/Src/stm32f1xx_hal_cortex.o
LOAD ./Drivers/STM32F1xx_HAL_Driver/Src/stm32f1xx_hal_dma.o
LOAD ./Drivers/STM32F1xx_HAL_Driver/Src/stm32f1xx_hal_exti.o
LOAD ./Drivers/STM32F1xx_HAL_Driver/Src/stm32f1xx_hal_flash.o
LOAD ./Drivers/STM32F1xx_HAL_Driver/Src/stm32f1xx_hal_flash_ex.o
LOAD ./Drivers/STM32F1xx_HAL_Driver/Src/stm32f1xx_hal_gpio.o
LOAD ./Drivers/STM32F1xx_HAL_Driver/Src/stm32f1xx_hal_gpio_ex.o
LOAD ./Drivers/STM32F1xx_HAL_Driver/Src/stm32f1xx_hal_pwr.o
LOAD ./Drivers/STM32F1xx_HAL_Driver/Src/stm32f1xx_hal_rcc.o
LOAD ./Drivers/STM32F1xx_HAL_Driver/Src/stm32f1xx_hal_rcc_ex.o
LOAD ./Drivers/STM32F1xx_HAL_Driver/Src/stm32f1xx_hal_tim.o
LOAD ./Drivers/STM32F1xx_HAL_Driver/Src/stm32f1xx_hal_tim_ex.o
LOAD ./Drivers/STM32F1xx_HAL_Driver/Src/stm32f1xx_hal_uart.o
START GROUP
LOAD D:/tools/ST/STM32CubeIDE_2.0.0/STM32CubeIDE/plugins/com.st.stm32cube.ide.mcu.externaltools.gnu-tools-for-stm32.13.3.rel1.win32_1.0.100.202509120712/tools/bin/../lib/gcc/arm-none-eabi/13.3.1/../../../../arm-none-eabi/lib/thumb/v7-m/nofp\libc_nano.a
LOAD D:/tools/ST/STM32CubeIDE_2.0.0/STM32CubeIDE/plugins/com.st.stm32cube.ide.mcu.externaltools.gnu-tools-for-stm32.13.3.rel1.win32_1.0.100.202509120712/tools/bin/../lib/gcc/arm-none-eabi/13.3.1/../../../../arm-none-eabi/lib/thumb/v7-m/nofp\libm.a
END GROUP
START GROUP
LOAD D:/tools/ST/STM32CubeIDE_2.0.0/STM32CubeIDE/plugins/com.st.stm32cube.ide.mcu.externaltools.gnu-tools-for-stm32.13.3.rel1.win32_1.0.100.202509120712/tools/bin/../lib/gcc/arm-none-eabi/13.3.1/thumb/v7-m/nofp\libgcc.a
LOAD D:/tools/ST/STM32CubeIDE_2.0.0/STM32CubeIDE/plugins/com.st.stm32cube.ide.mcu.externaltools.gnu-tools-for-stm32.13.3.rel1.win32_1.0.100.202509120712/tools/bin/../lib/gcc/arm-none-eabi/13.3.1/../../../../arm-none-eabi/lib/thumb/v7-m/nofp\libc_nano.a
END GROUP
START GROUP
LOAD D:/tools/ST/STM32CubeIDE_2.0.0/STM32CubeIDE/plugins/com.st.stm32cube.ide.mcu.externaltools.gnu-tools-for-stm32.13.3.rel1.win32_1.0.100.202509120712/tools/bin/../lib/gcc/arm-none-eabi/13.3.1/thumb/v7-m/nofp\libgcc.a
LOAD D:/tools/ST/STM32CubeIDE_2.0.0/STM32CubeIDE/plugins/com.st.stm32cube.ide.mcu.externaltools.gnu-tools-for-stm32.13.3.rel1.win32_1.0.100.202509120712/tools/bin/../lib/gcc/arm-none-eabi/13.3.1/../../../../arm-none-eabi/lib/thumb/v7-m/nofp\libc_nano.a
LOAD D:/tools/ST/STM32CubeIDE_2.0.0/STM32CubeIDE/plugins/com.st.stm32cube.ide.mcu.externaltools.gnu-tools-for-stm32.13.3.rel1.win32_1.0.100.202509120712/tools/bin/../lib/gcc/arm-none-eabi/13.3.1/../../../../arm-none-eabi/lib/thumb/v7-m/nofp\libnosys.a
END GROUP
START GROUP
LOAD D:/tools/ST/STM32CubeIDE_2.0.0/STM32CubeIDE/plugins/com.st.stm32cube.ide.mcu.externaltools.gnu-tools-for-stm32.13.3.rel1.win32_1.0.100.202509120712/tools/bin/../lib/gcc/arm-none-eabi/13.3.1/thumb/v7-m/nofp\libgcc.a
LOAD D:/tools/ST/STM32CubeIDE_2.0.0/STM32CubeIDE/plugins/com.st.stm32cube.ide.mcu.externaltools.gnu-tools-for-stm32.13.3.rel1.win32_1.0.100.202509120712/tools/bin/../lib/gcc/arm-none-eabi/13.3.1/../../../../arm-none-eabi/lib/thumb/v7-m/nofp\libc_nano.a
LOAD D:/tools/ST/STM32CubeIDE_2.0.0/STM32CubeIDE/plugins/com.st.stm32cube.ide.mcu.externaltools.gnu-tools-for-stm32.13.3.rel1.win32_1.0.100.202509120712/tools/bin/../lib/gcc/arm-none-eabi/13.3.1/../../../../arm-none-eabi/lib/thumb/v7-m/nofp\libnosys.a
END GROUP
LOAD D:/tools/ST/STM32CubeIDE_2.0.0/STM32CubeIDE/plugins/com.st.stm32cube.ide.mcu.externaltools.gnu-tools-for-stm32.13.3.rel1.win32_1.0.100.202509120712/tools/bin/../lib/gcc/arm-none-eabi/13.3.1/thumb/v7-m/nofp/crtend.o
LOAD D:/tools/ST/STM32CubeIDE_2.0.0/STM32CubeIDE/plugins/com.st.stm32cube.ide.mcu.externaltools.gnu-tools-for-stm32.13.3.rel1.win32_1.0.100.202509120712/tools/bin/../lib/gcc/arm-none-eabi/13.3.1/thumb/v7-m/nofp/crtn.o
                0x20005000                        _estack = (ORIGIN (RAM) + LENGTH (RAM))
                0x00000200                        _Min_Heap_Size = 0x200
                0x00000400                        _Min_Stack_Size = 0x400

.isr_vector     0x08000000      0x10c
                0x08000000                        . = ALIGN (0x4)
 *(.isr_vector)
 .isr_vector    0x08000000      0x10c ./Core/Startup/startup_stm32f103cbtx.o
                0x08000000                g_pfnVectors
                0x0800010c                        . = ALIGN (0x4)

.text           0x08000110     0x7cc0
                0x08000110                        . = ALIGN (0x4)
 *(.text)
 .text          0x08000110       0x40 D:/tools/ST/STM32CubeIDE_2.0.0/STM32CubeIDE/plugins/com.st.stm32cube.ide.mcu.externaltools.gnu-tools-for-stm32.13.3.rel1.win32_1.0.100.202509120712/tools/bin/../lib/gcc/arm-none-eabi/13.3.1/thumb/v7-m/nofp/crtbegin.o
 .text          0x08000150       0x10 D:/tools/ST/STM32CubeIDE_2.0.0/STM32CubeIDE/plugins/com.st.stm32cube.ide.mcu.externaltools.gnu-tools-for-stm32.13.3.rel1.win32_1.0.100.202509120712/tools/bin/../lib/gcc/arm-none-eabi/13.3.1/../../../../arm-none-eabi/lib/thumb/v7-m/nofp\libc_nano.a(libc_a-strlen.o)
                0x08000150                strlen
 .text          0x08000160      0x378 D:/tools/ST/STM32CubeIDE_2.0.0/STM32CubeIDE/plugins/com.st.stm32cube.ide.mcu.externaltools.gnu-tools-for-stm32.13.3.rel1.win32_1.0.100.202509120712/tools/bin/../lib/gcc/arm-none-eabi/13.3.1/thumb/v7-m/nofp\libgcc.a(_arm_addsubdf3.o)
                0x08000160                __aeabi_drsub
                0x08000168                __aeabi_dsub
                0x08000168                __subdf3
                0x0800016c                __aeabi_dadd
                0x0800016c                __adddf3
                0x080003e4                __floatunsidf
                0x080003e4                __aeabi_ui2d
                0x08000404                __floatsidf
                0x08000404                __aeabi_i2d
                0x08000428                __aeabi_f2d
                0x08000428                __extendsfdf2
                0x0800046c                __floatundidf
                0x0800046c                __aeabi_ul2d
                0x0800047c                __floatdidf
                0x0800047c                __aeabi_l2d
 .text          0x080004d8      0x424 D:/tools/ST/STM32CubeIDE_2.0.0/STM32CubeIDE/plugins/com.st.stm32cube.ide.mcu.externaltools.gnu-tools-for-stm32.13.3.rel1.win32_1.0.100.202509120712/tools/bin/../lib/gcc/arm-none-eabi/13.3.1/thumb/v7-m/nofp\libgcc.a(_arm_muldivdf3.o)
                0x080004d8                __aeabi_dmul
                0x080004d8                __muldf3
                0x0800072c                __divdf3
                0x0800072c                __aeabi_ddiv
 .text          0x080008fc      0x110 D:/tools/ST/STM32CubeIDE_2.0.0/STM32CubeIDE/plugins/com.st.stm32cube.ide.mcu.externaltools.gnu-tools-for-stm32.13.3.rel1.win32_1.0.100.202509120712/tools/bin/../lib/gcc/arm-none-eabi/13.3.1/thumb/v7-m/nofp\libgcc.a(_arm_cmpdf2.o)
                0x080008fc                __gtdf2
                0x080008fc                __gedf2
                0x08000904                __ltdf2
                0x08000904                __ledf2
                0x0800090c                __nedf2
                0x0800090c                __eqdf2
                0x0800090c                __cmpdf2
                0x08000988                __aeabi_cdrcmple
                0x08000998                __aeabi_cdcmpeq
                0x08000998                __aeabi_cdcmple
                0x080009a8                __aeabi_dcmpeq
                0x080009bc                __aeabi_dcmplt
                0x080009d0                __aeabi_dcmple
                0x080009e4                __aeabi_dcmpge
                0x080009f8                __aeabi_dcmpgt
 .text          0x08000a0c       0x2c D:/tools/ST/STM32CubeIDE_2.0.0/STM32CubeIDE/plugins/com.st.stm32cube.ide.mcu.externaltools.gnu-tools-for-stm32.13.3.rel1.win32_1.0.100.202509120712/tools/bin/../lib/gcc/arm-none-eabi/13.3.1/thumb/v7-m/nofp\libgcc.a(_arm_unorddf2.o)
                0x08000a0c                __unorddf2
                0x08000a0c                __aeabi_dcmpun
 .text          0x08000a38       0x50 D:/tools/ST/STM32CubeIDE_2.0.0/STM32CubeIDE/plugins/com.st.stm32cube.ide.mcu.externaltools.gnu-tools-for-stm32.13.3.rel1.win32_1.0.100.202509120712/tools/bin/../lib/gcc/arm-none-eabi/13.3.1/thumb/v7-m/nofp\libgcc.a(_arm_fixdfsi.o)
                0x08000a38                __aeabi_d2iz
                0x08000a38                __fixdfsi
 .text          0x08000a88      0x21c D:/tools/ST/STM32CubeIDE_2.0.0/STM32CubeIDE/plugins/com.st.stm32cube.ide.mcu.externaltools.gnu-tools-for-stm32.13.3.rel1.win32_1.0.100.202509120712/tools/bin/../lib/gcc/arm-none-eabi/13.3.1/thumb/v7-m/nofp\libgcc.a(_arm_addsubsf3.o)
                0x08000a88                __aeabi_frsub
                0x08000a90                __subsf3
                0x08000a90                __aeabi_fsub
                0x08000a94                __aeabi_fadd
                0x08000a94                __addsf3
                0x08000bf4                __aeabi_ui2f
                0x08000bf4                __floatunsisf
                0x08000bfc                __aeabi_i2f
                0x08000bfc                __floatsisf
                0x08000c18                __aeabi_ul2f
                0x08000c18                __floatundisf
                0x08000c28                __aeabi_l2f
                0x08000c28                __floatdisf
 .text          0x08000ca4      0x2a0 D:/tools/ST/STM32CubeIDE_2.0.0/STM32CubeIDE/plugins/com.st.stm32cube.ide.mcu.externaltools.gnu-tools-for-stm32.13.3.rel1.win32_1.0.100.202509120712/tools/bin/../lib/gcc/arm-none-eabi/13.3.1/thumb/v7-m/nofp\libgcc.a(_arm_muldivsf3.o)
                0x08000ca4                __mulsf3
                0x08000ca4                __aeabi_fmul
                0x08000e0c                __aeabi_fdiv
                0x08000e0c                __divsf3
 .text          0x08000f44       0xec D:/tools/ST/STM32CubeIDE_2.0.0/STM32CubeIDE/plugins/com.st.stm32cube.ide.mcu.externaltools.gnu-tools-for-stm32.13.3.rel1.win32_1.0.100.202509120712/tools/bin/../lib/gcc/arm-none-eabi/13.3.1/thumb/v7-m/nofp\libgcc.a(_arm_cmpsf2.o)
                0x08000f44                __gesf2
                0x08000f44                __gtsf2
                0x08000f4c                __lesf2
                0x08000f4c                __ltsf2
                0x08000f54                __nesf2
                0x08000f54                __eqsf2
                0x08000f54                __cmpsf2
                0x08000fb4                __aeabi_cfrcmple
                0x08000fbc                __aeabi_cfcmpeq
                0x08000fbc                __aeabi_cfcmple
                0x08000fcc                __aeabi_fcmpeq
                0x08000fe0                __aeabi_fcmplt
                0x08000ff4                __aeabi_fcmple
                0x08001008                __aeabi_fcmpge
                0x0800101c                __aeabi_fcmpgt
 .text          0x08001030       0x4c D:/tools/ST/STM32CubeIDE_2.0.0/STM32CubeIDE/plugins/com.st.stm32cube.ide.mcu.externaltools.gnu-tools-for-stm32.13.3.rel1.win32_1.0.100.202509120712/tools/bin/../lib/gcc/arm-none-eabi/13.3.1/thumb/v7-m/nofp\libgcc.a(_arm_fixsfsi.o)
                0x08001030                __aeabi_f2iz
                0x08001030                __fixsfsi
 *(.text*)
 .text.MX_ADC1_Init
                0x0800107c       0x50 ./Core/Src/adc.o
                0x0800107c                MX_ADC1_Init
 .text.HAL_ADC_MspInit
                0x080010cc       0x98 ./Core/Src/adc.o
                0x080010cc                HAL_ADC_MspInit
 .text.MX_CAN_Init
                0x08001164       0x44 ./Core/Src/can.o
                0x08001164                MX_CAN_Init
 .text.HAL_CAN_MspInit
                0x080011a8       0xa0 ./Core/Src/can.o
                0x080011a8                HAL_CAN_MspInit
 .text.MX_DMA_Init
                0x08001248       0x30 ./Core/Src/dma.o
                0x08001248                MX_DMA_Init
 .text.MX_GPIO_Init
                0x08001278       0xcc ./Core/Src/gpio.o
                0x08001278                MX_GPIO_Init
 .text.SystemClock_Config
                0x08001344       0x7e ./Core/Src/main.o
                0x08001344                SystemClock_Config
 *fill*         0x080013c2        0x2 
 .text.startup.main
                0x080013c4       0x8c ./Core/Src/main.o
                0x080013c4                main
 .text.Error_Handler
                0x08001450        0x4 ./Core/Src/main.o
                0x08001450                Error_Handler
 .text.HAL_MspInit
                0x08001454       0x44 ./Core/Src/stm32f1xx_hal_msp.o
                0x08001454                HAL_MspInit
 .text.NMI_Handler
                0x08001498        0x2 ./Core/Src/stm32f1xx_it.o
                0x08001498                NMI_Handler
 .text.HardFault_Handler
                0x0800149a        0x2 ./Core/Src/stm32f1xx_it.o
                0x0800149a                HardFault_Handler
 .text.MemManage_Handler
                0x0800149c        0x2 ./Core/Src/stm32f1xx_it.o
                0x0800149c                MemManage_Handler
 .text.BusFault_Handler
                0x0800149e        0x2 ./Core/Src/stm32f1xx_it.o
                0x0800149e                BusFault_Handler
 .text.UsageFault_Handler
                0x080014a0        0x2 ./Core/Src/stm32f1xx_it.o
                0x080014a0                UsageFault_Handler
 .text.SVC_Handler
                0x080014a2        0x2 ./Core/Src/stm32f1xx_it.o
                0x080014a2                SVC_Handler
 .text.DebugMon_Handler
                0x080014a4        0x2 ./Core/Src/stm32f1xx_it.o
                0x080014a4                DebugMon_Handler
 .text.PendSV_Handler
                0x080014a6        0x2 ./Core/Src/stm32f1xx_it.o
                0x080014a6                PendSV_Handler
 .text.SysTick_Handler
                0x080014a8        0x4 ./Core/Src/stm32f1xx_it.o
                0x080014a8                SysTick_Handler
 .text.DMA1_Channel1_IRQHandler
                0x080014ac        0xc ./Core/Src/stm32f1xx_it.o
                0x080014ac                DMA1_Channel1_IRQHandler
 .text.USB_LP_CAN1_RX0_IRQHandler
                0x080014b8        0xc ./Core/Src/stm32f1xx_it.o
                0x080014b8                USB_LP_CAN1_RX0_IRQHandler
 .text.CAN1_RX1_IRQHandler
                0x080014c4        0x4 ./Core/Src/stm32f1xx_it.o
                0x080014c4                CAN1_RX1_IRQHandler
 .text.CAN1_SCE_IRQHandler
                0x080014c8        0x4 ./Core/Src/stm32f1xx_it.o
                0x080014c8                CAN1_SCE_IRQHandler
 .text.TIM2_IRQHandler
                0x080014cc        0xc ./Core/Src/stm32f1xx_it.o
                0x080014cc                TIM2_IRQHandler
 .text.TIM4_IRQHandler
                0x080014d8        0xc ./Core/Src/stm32f1xx_it.o
                0x080014d8                TIM4_IRQHandler
 .text.USART1_IRQHandler
                0x080014e4        0xc ./Core/Src/stm32f1xx_it.o
                0x080014e4                USART1_IRQHandler
 .text.USART2_IRQHandler
                0x080014f0        0xc ./Core/Src/stm32f1xx_it.o
                0x080014f0                USART2_IRQHandler
 .text.USART3_IRQHandler
                0x080014fc        0xc ./Core/Src/stm32f1xx_it.o
                0x080014fc                USART3_IRQHandler
 .text.EXTI15_10_IRQHandler
                0x08001508       0x1e ./Core/Src/stm32f1xx_it.o
                0x08001508                EXTI15_10_IRQHandler
 .text._getpid  0x08001526        0x4 ./Core/Src/syscalls.o
                0x08001526                _getpid
 .text._kill    0x0800152a       0x10 ./Core/Src/syscalls.o
                0x0800152a                _kill
 .text._exit    0x0800153a        0xc ./Core/Src/syscalls.o
                0x0800153a                _exit
 .text._read    0x08001546       0x1c ./Core/Src/syscalls.o
                0x08001546                _read
 .text._write   0x08001562       0x1c ./Core/Src/syscalls.o
                0x08001562                _write
 .text._close   0x0800157e        0x6 ./Core/Src/syscalls.o
                0x0800157e                _close
 .text._fstat   0x08001584        0xa ./Core/Src/syscalls.o
                0x08001584                _fstat
 .text._isatty  0x0800158e        0x4 ./Core/Src/syscalls.o
                0x0800158e                _isatty
 .text._lseek   0x08001592        0x4 ./Core/Src/syscalls.o
                0x08001592                _lseek
 *fill*         0x08001596        0x2 
 .text._sbrk    0x08001598       0x40 ./Core/Src/sysmem.o
                0x08001598                _sbrk
 .text.SystemInit
                0x080015d8        0x2 ./Core/Src/system_stm32f1xx.o
                0x080015d8                SystemInit
 *fill*         0x080015da        0x2 
 .text.MX_TIM2_Init
                0x080015dc       0x6c ./Core/Src/tim.o
                0x080015dc                MX_TIM2_Init
 .text.MX_TIM4_Init
                0x08001648       0x6c ./Core/Src/tim.o
                0x08001648                MX_TIM4_Init
 .text.HAL_TIM_PWM_MspInit
                0x080016b4       0x28 ./Core/Src/tim.o
                0x080016b4                HAL_TIM_PWM_MspInit
 .text.HAL_TIM_Base_MspInit
                0x080016dc       0x6c ./Core/Src/tim.o
                0x080016dc                HAL_TIM_Base_MspInit
 .text.HAL_TIM_MspPostInit
                0x08001748       0x50 ./Core/Src/tim.o
                0x08001748                HAL_TIM_MspPostInit
 .text.MX_TIM1_Init
                0x08001798       0xa8 ./Core/Src/tim.o
                0x08001798                MX_TIM1_Init
 .text.MX_USART1_UART_Init
                0x08001840       0x38 ./Core/Src/usart.o
                0x08001840                MX_USART1_UART_Init
 .text.MX_USART2_UART_Init
                0x08001878       0x38 ./Core/Src/usart.o
                0x08001878                MX_USART2_UART_Init
 .text.MX_USART3_UART_Init
                0x080018b0       0x38 ./Core/Src/usart.o
                0x080018b0                MX_USART3_UART_Init
 .text.HAL_UART_MspInit
                0x080018e8      0x158 ./Core/Src/usart.o
                0x080018e8                HAL_UART_MspInit
 .text.CONF_init
                0x08001a40       0x2c ./Core/Src/conf/ndsconf.o
                0x08001a40                CONF_init
 .text.CONF_load
                0x08001a6c      0x1a0 ./Core/Src/conf/ndsconf.o
                0x08001a6c                CONF_load
 .text.CONF_setID
                0x08001c0c       0x2c ./Core/Src/conf/ndsconf.o
                0x08001c0c                CONF_setID
 .text.EE_VerifyPageFullyErased
                0x08001c38       0x24 ./Core/Src/eeprom/eeprom.o
 .text.EE_VerifyPageFullWriteVariable
                0x08001c5c       0x78 ./Core/Src/eeprom/eeprom.o
 .text.EE_Format
                0x08001cd4       0x5c ./Core/Src/eeprom/eeprom.o
 .text.EE_ReadVariable
                0x08001d30       0x50 ./Core/Src/eeprom/eeprom.o
                0x08001d30                EE_ReadVariable
 .text.EE_Init  0x08001d80      0x198 ./Core/Src/eeprom/eeprom.o
                0x08001d80                EE_Init
 .text.EE_WriteVariable
                0x08001f18       0xec ./Core/Src/eeprom/eeprom.o
                0x08001f18                EE_WriteVariable
 .text.CO_fifo_init
                0x08002004       0x14 ./Core/Src/io/CO_fifo.o
                0x08002004                CO_fifo_init
 .text.CO_fifo_write
                0x08002018       0x50 ./Core/Src/io/CO_fifo.o
                0x08002018                CO_fifo_write
 .text.CO_fifo_read
                0x08002068       0x50 ./Core/Src/io/CO_fifo.o
                0x08002068                CO_fifo_read
 .text.prv_send_can_message
                0x080020b8       0x48 ./Core/Src/io/canport.o
 .text.prv_read_can_received_msg.constprop.0
                0x08002100       0x5c ./Core/Src/io/canport.o
 .text.CANsetNormalMode
                0x0800215c       0x18 ./Core/Src/io/canport.o
                0x0800215c                CANsetNormalMode
 .text.CANmodule_init
                0x08002174       0x94 ./Core/Src/io/canport.o
                0x08002174                CANmodule_init
 .text.CANsend  0x08002208       0x54 ./Core/Src/io/canport.o
                0x08002208                CANsend
 .text.CANclearPendingSync
                0x0800225c       0x58 ./Core/Src/io/canport.o
                0x0800225c                CANclearPendingSync
 .text.CANmodule_process
                0x080022b4       0x4c ./Core/Src/io/canport.o
                0x080022b4                CANmodule_process
 .text.HAL_CAN_RxFifo0MsgPendingCallback
                0x08002300       0x14 ./Core/Src/io/canport.o
                0x08002300                HAL_CAN_RxFifo0MsgPendingCallback
 .text.HAL_CAN_RxFifo1MsgPendingCallback
                0x08002314       0x14 ./Core/Src/io/canport.o
                0x08002314                HAL_CAN_RxFifo1MsgPendingCallback
 .text.CANinterrupt_TX
                0x08002328       0x54 ./Core/Src/io/canport.o
                0x08002328                CANinterrupt_TX
 .text.HAL_CAN_TxMailbox0CompleteCallback
                0x0800237c        0x6 ./Core/Src/io/canport.o
                0x0800237c                HAL_CAN_TxMailbox0CompleteCallback
 .text.HAL_CAN_TxMailbox1CompleteCallback
                0x08002382        0x4 ./Core/Src/io/canport.o
                0x08002382                HAL_CAN_TxMailbox1CompleteCallback
 .text.HAL_CAN_TxMailbox2CompleteCallback
                0x08002386        0x4 ./Core/Src/io/canport.o
                0x08002386                HAL_CAN_TxMailbox2CompleteCallback
 *fill*         0x0800238a        0x2 
 .text.CANreadMsg
                0x0800238c       0x38 ./Core/Src/io/canport.o
                0x0800238c                CANreadMsg
 .text.Proc_init
                0x080023c4       0x24 ./Core/Src/io/process.o
                0x080023c4                Proc_init
 .text.Proc_report_strength
                0x080023e8       0x30 ./Core/Src/io/process.o
                0x080023e8                Proc_report_strength
 .text.Proc_report_touched
                0x08002418       0x48 ./Core/Src/io/process.o
                0x08002418                Proc_report_touched
 .text.Proc_report_stationAng
                0x08002460       0xd8 ./Core/Src/io/process.o
                0x08002460                Proc_report_stationAng
 .text.Proc_report_axisAng
                0x08002538       0xa4 ./Core/Src/io/process.o
                0x08002538                Proc_report_axisAng
 .text.Proc_report_distance
                0x080025dc       0x3c ./Core/Src/io/process.o
                0x080025dc                Proc_report_distance
 .text.Proc_handle_encoder_ctrl
                0x08002618       0x72 ./Core/Src/io/process.o
                0x08002618                Proc_handle_encoder_ctrl
 *fill*         0x0800268a        0x2 
 .text.Proc_handle
                0x0800268c       0xdc ./Core/Src/io/process.o
                0x0800268c                Proc_handle
 .text.Proc_loop
                0x08002768       0xdc ./Core/Src/io/process.o
                0x08002768                Proc_loop
 .text.HAL_UART_RxCpltCallback
                0x08002844       0x4c ./Core/Src/io/usartport.o
                0x08002844                HAL_UART_RxCpltCallback
 .text.HAL_UART_ErrorCallback
                0x08002890       0x4c ./Core/Src/io/usartport.o
                0x08002890                HAL_UART_ErrorCallback
 .text.GPIO_updateTouchedState
                0x080028dc       0x4c ./Core/Src/sensors/gpioexti.o
                0x080028dc                GPIO_updateTouchedState
 .text.HAL_GPIO_EXTI_Callback
                0x08002928       0x2c ./Core/Src/sensors/gpioexti.o
                0x08002928                HAL_GPIO_EXTI_Callback
 .text.hx711_delay_us
                0x08002954       0x14 ./Core/Src/sensors/hx711.o
                0x08002954                hx711_delay_us
 .text.hx711_init
                0x08002968       0x84 ./Core/Src/sensors/hx711.o
                0x08002968                hx711_init
 .text.hx711_value
                0x080029ec       0x7a ./Core/Src/sensors/hx711.o
                0x080029ec                hx711_value
 .text.hx711_is_ready
                0x08002a66       0x12 ./Core/Src/sensors/hx711.o
                0x08002a66                hx711_is_ready
 .text.hx711_proc
                0x08002a78       0x68 ./Core/Src/sensors/hx711.o
                0x08002a78                hx711_proc
 .text.modbus_crc16
                0x08002ae0       0x34 ./Core/Src/sensors/modbus.o
                0x08002ae0                modbus_crc16
 .text.Modbus_init
                0x08002b14       0xb0 ./Core/Src/sensors/modbus.o
                0x08002b14                Modbus_init
 .text.HAL_TIM_PeriodElapsedCallback
                0x08002bc4       0x3c ./Core/Src/sensors/modbus.o
                0x08002bc4                HAL_TIM_PeriodElapsedCallback
 .text.HAL_UARTEx_RxEventCallback
                0x08002c00       0x34 ./Core/Src/sensors/modbus.o
                0x08002c00                HAL_UARTEx_RxEventCallback
 .text.Process_Modbus_Frame
                0x08002c34       0x94 ./Core/Src/sensors/modbus.o
                0x08002c34                Process_Modbus_Frame
 .text.Modbus_proc
                0x08002cc8       0x30 ./Core/Src/sensors/modbus.o
                0x08002cc8                Modbus_proc
 .text.Modbus_resetEncoder
                0x08002cf8       0xb4 ./Core/Src/sensors/modbus.o
                0x08002cf8                Modbus_resetEncoder
 .text.Modbus_restartEncoder
                0x08002dac       0x5c ./Core/Src/sensors/modbus.o
                0x08002dac                Modbus_restartEncoder
 .text.TOF_resetUart
                0x08002e08       0x6c ./Core/Src/sensors/tof.o
 .text.TOF_init
                0x08002e74       0x50 ./Core/Src/sensors/tof.o
                0x08002e74                TOF_init
 .text.TOF_proc
                0x08002ec4       0xc8 ./Core/Src/sensors/tof.o
                0x08002ec4                TOF_proc
 .text.TOF_RxCallback
                0x08002f8c       0x60 ./Core/Src/sensors/tof.o
                0x08002f8c                TOF_RxCallback
 .text.Reset_Handler
                0x08002fec       0x48 ./Core/Startup/startup_stm32f103cbtx.o
                0x08002fec                Reset_Handler
 .text.Default_Handler
                0x08003034        0x2 ./Core/Startup/startup_stm32f103cbtx.o
                0x08003034                RTC_Alarm_IRQHandler
                0x08003034                EXTI2_IRQHandler
                0x08003034                TIM1_CC_IRQHandler
                0x08003034                PVD_IRQHandler
                0x08003034                EXTI3_IRQHandler
                0x08003034                EXTI0_IRQHandler
                0x08003034                I2C2_EV_IRQHandler
                0x08003034                ADC1_2_IRQHandler
                0x08003034                SPI1_IRQHandler
                0x08003034                TAMPER_IRQHandler
                0x08003034                DMA1_Channel4_IRQHandler
                0x08003034                RTC_IRQHandler
                0x08003034                DMA1_Channel7_IRQHandler
                0x08003034                I2C1_EV_IRQHandler
                0x08003034                DMA1_Channel6_IRQHandler
                0x08003034                TIM3_IRQHandler
                0x08003034                RCC_IRQHandler
                0x08003034                TIM1_TRG_COM_IRQHandler
                0x08003034                Default_Handler
                0x08003034                EXTI9_5_IRQHandler
                0x08003034                SPI2_IRQHandler
                0x08003034                DMA1_Channel5_IRQHandler
                0x08003034                EXTI4_IRQHandler
                0x08003034                USB_HP_CAN1_TX_IRQHandler
                0x08003034                DMA1_Channel3_IRQHandler
                0x08003034                TIM1_UP_IRQHandler
                0x08003034                WWDG_IRQHandler
                0x08003034                TIM1_BRK_IRQHandler
                0x08003034                EXTI1_IRQHandler
                0x08003034                I2C2_ER_IRQHandler
                0x08003034                DMA1_Channel2_IRQHandler
                0x08003034                FLASH_IRQHandler
                0x08003034                I2C1_ER_IRQHandler
                0x08003034                USBWakeUp_IRQHandler
 *fill*         0x08003036        0x2 
 .text.HAL_InitTick
                0x08003038       0x48 ./Drivers/STM32F1xx_HAL_Driver/Src/stm32f1xx_hal.o
                0x08003038                HAL_InitTick
 .text.HAL_Init
                0x08003080       0x24 ./Drivers/STM32F1xx_HAL_Driver/Src/stm32f1xx_hal.o
                0x08003080                HAL_Init
 .text.HAL_IncTick
                0x080030a4       0x18 ./Drivers/STM32F1xx_HAL_Driver/Src/stm32f1xx_hal.o
                0x080030a4                HAL_IncTick
 .text.HAL_GetTick
                0x080030bc        0xc ./Drivers/STM32F1xx_HAL_Driver/Src/stm32f1xx_hal.o
                0x080030bc                HAL_GetTick
 .text.HAL_Delay
                0x080030c8       0x24 ./Drivers/STM32F1xx_HAL_Driver/Src/stm32f1xx_hal.o
                0x080030c8                HAL_Delay
 .text.HAL_ADC_ConfigChannel
                0x080030ec       0xfc ./Drivers/STM32F1xx_HAL_Driver/Src/stm32f1xx_hal_adc.o
                0x080030ec                HAL_ADC_ConfigChannel
 .text.ADC_ConversionStop_Disable
                0x080031e8       0x4c ./Drivers/STM32F1xx_HAL_Driver/Src/stm32f1xx_hal_adc.o
                0x080031e8                ADC_ConversionStop_Disable
 .text.HAL_ADC_Init
                0x08003234       0xfc ./Drivers/STM32F1xx_HAL_Driver/Src/stm32f1xx_hal_adc.o
                0x08003234                HAL_ADC_Init
 .text.HAL_CAN_Init
                0x08003330       0xf6 ./Drivers/STM32F1xx_HAL_Driver/Src/stm32f1xx_hal_can.o
                0x08003330                HAL_CAN_Init
 .text.HAL_CAN_ConfigFilter
                0x08003426       0xe0 ./Drivers/STM32F1xx_HAL_Driver/Src/stm32f1xx_hal_can.o
                0x08003426                HAL_CAN_ConfigFilter
 .text.HAL_CAN_Start
                0x08003506       0x56 ./Drivers/STM32F1xx_HAL_Driver/Src/stm32f1xx_hal_can.o
                0x08003506                HAL_CAN_Start
 .text.HAL_CAN_AddTxMessage
                0x0800355c       0x92 ./Drivers/STM32F1xx_HAL_Driver/Src/stm32f1xx_hal_can.o
                0x0800355c                HAL_CAN_AddTxMessage
 .text.HAL_CAN_GetTxMailboxesFreeLevel
                0x080035ee       0x28 ./Drivers/STM32F1xx_HAL_Driver/Src/stm32f1xx_hal_can.o
                0x080035ee                HAL_CAN_GetTxMailboxesFreeLevel
 .text.HAL_CAN_GetRxMessage
                0x08003616       0xf8 ./Drivers/STM32F1xx_HAL_Driver/Src/stm32f1xx_hal_can.o
                0x08003616                HAL_CAN_GetRxMessage
 .text.HAL_CAN_ActivateNotification
                0x0800370e       0x22 ./Drivers/STM32F1xx_HAL_Driver/Src/stm32f1xx_hal_can.o
                0x0800370e                HAL_CAN_ActivateNotification
 .text.HAL_CAN_TxMailbox0AbortCallback
                0x08003730        0x2 ./Drivers/STM32F1xx_HAL_Driver/Src/stm32f1xx_hal_can.o
                0x08003730                HAL_CAN_TxMailbox0AbortCallback
 .text.HAL_CAN_TxMailbox1AbortCallback
                0x08003732        0x2 ./Drivers/STM32F1xx_HAL_Driver/Src/stm32f1xx_hal_can.o
                0x08003732                HAL_CAN_TxMailbox1AbortCallback
 .text.HAL_CAN_TxMailbox2AbortCallback
                0x08003734        0x2 ./Drivers/STM32F1xx_HAL_Driver/Src/stm32f1xx_hal_can.o
                0x08003734                HAL_CAN_TxMailbox2AbortCallback
 .text.HAL_CAN_RxFifo0FullCallback
                0x08003736        0x2 ./Drivers/STM32F1xx_HAL_Driver/Src/stm32f1xx_hal_can.o
                0x08003736                HAL_CAN_RxFifo0FullCallback
 .text.HAL_CAN_RxFifo1FullCallback
                0x08003738        0x2 ./Drivers/STM32F1xx_HAL_Driver/Src/stm32f1xx_hal_can.o
                0x08003738                HAL_CAN_RxFifo1FullCallback
 .text.HAL_CAN_SleepCallback
                0x0800373a        0x2 ./Drivers/STM32F1xx_HAL_Driver/Src/stm32f1xx_hal_can.o
                0x0800373a                HAL_CAN_SleepCallback
 .text.HAL_CAN_WakeUpFromRxMsgCallback
                0x0800373c        0x2 ./Drivers/STM32F1xx_HAL_Driver/Src/stm32f1xx_hal_can.o
                0x0800373c                HAL_CAN_WakeUpFromRxMsgCallback
 .text.HAL_CAN_ErrorCallback
                0x0800373e        0x2 ./Drivers/STM32F1xx_HAL_Driver/Src/stm32f1xx_hal_can.o
                0x0800373e                HAL_CAN_ErrorCallback
 .text.HAL_CAN_IRQHandler
                0x08003740      0x208 ./Drivers/STM32F1xx_HAL_Driver/Src/stm32f1xx_hal_can.o
                0x08003740                HAL_CAN_IRQHandler
 .text.HAL_NVIC_SetPriorityGrouping
                0x08003948       0x24 ./Drivers/STM32F1xx_HAL_Driver/Src/stm32f1xx_hal_cortex.o
                0x08003948                HAL_NVIC_SetPriorityGrouping
 .text.HAL_NVIC_SetPriority
                0x0800396c       0x60 ./Drivers/STM32F1xx_HAL_Driver/Src/stm32f1xx_hal_cortex.o
                0x0800396c                HAL_NVIC_SetPriority
 .text.HAL_NVIC_EnableIRQ
                0x080039cc       0x1c ./Drivers/STM32F1xx_HAL_Driver/Src/stm32f1xx_hal_cortex.o
                0x080039cc                HAL_NVIC_EnableIRQ
 .text.HAL_SYSTICK_Config
                0x080039e8       0x28 ./Drivers/STM32F1xx_HAL_Driver/Src/stm32f1xx_hal_cortex.o
                0x080039e8                HAL_SYSTICK_Config
 .text.HAL_DMA_Init
                0x08003a10       0x60 ./Drivers/STM32F1xx_HAL_Driver/Src/stm32f1xx_hal_dma.o
                0x08003a10                HAL_DMA_Init
 .text.HAL_DMA_Abort
                0x08003a70       0x3e ./Drivers/STM32F1xx_HAL_Driver/Src/stm32f1xx_hal_dma.o
                0x08003a70                HAL_DMA_Abort
 *fill*         0x08003aae        0x2 
 .text.HAL_DMA_Abort_IT
                0x08003ab0       0x8c ./Drivers/STM32F1xx_HAL_Driver/Src/stm32f1xx_hal_dma.o
                0x08003ab0                HAL_DMA_Abort_IT
 .text.HAL_DMA_IRQHandler
                0x08003b3c      0x128 ./Drivers/STM32F1xx_HAL_Driver/Src/stm32f1xx_hal_dma.o
                0x08003b3c                HAL_DMA_IRQHandler
 .text.HAL_DMA_GetError
                0x08003c64        0x4 ./Drivers/STM32F1xx_HAL_Driver/Src/stm32f1xx_hal_dma.o
                0x08003c64                HAL_DMA_GetError
 .text.FLASH_SetErrorCode
                0x08003c68       0x50 ./Drivers/STM32F1xx_HAL_Driver/Src/stm32f1xx_hal_flash.o
 .text.HAL_FLASH_Unlock
                0x08003cb8       0x24 ./Drivers/STM32F1xx_HAL_Driver/Src/stm32f1xx_hal_flash.o
                0x08003cb8                HAL_FLASH_Unlock
 .text.HAL_FLASH_Lock
                0x08003cdc       0x14 ./Drivers/STM32F1xx_HAL_Driver/Src/stm32f1xx_hal_flash.o
                0x08003cdc                HAL_FLASH_Lock
 .text.FLASH_WaitForLastOperation
                0x08003cf0       0x54 ./Drivers/STM32F1xx_HAL_Driver/Src/stm32f1xx_hal_flash.o
                0x08003cf0                FLASH_WaitForLastOperation
 .text.HAL_FLASH_Program
                0x08003d44       0xa4 ./Drivers/STM32F1xx_HAL_Driver/Src/stm32f1xx_hal_flash.o
                0x08003d44                HAL_FLASH_Program
 .text.FLASH_PageErase
                0x08003de8       0x24 ./Drivers/STM32F1xx_HAL_Driver/Src/stm32f1xx_hal_flash_ex.o
                0x08003de8                FLASH_PageErase
 .text.HAL_FLASHEx_Erase
                0x08003e0c       0xa8 ./Drivers/STM32F1xx_HAL_Driver/Src/stm32f1xx_hal_flash_ex.o
                0x08003e0c                HAL_FLASHEx_Erase
 .text.HAL_GPIO_Init
                0x08003eb4      0x1a8 ./Drivers/STM32F1xx_HAL_Driver/Src/stm32f1xx_hal_gpio.o
                0x08003eb4                HAL_GPIO_Init
 .text.HAL_GPIO_ReadPin
                0x0800405c        0xc ./Drivers/STM32F1xx_HAL_Driver/Src/stm32f1xx_hal_gpio.o
                0x0800405c                HAL_GPIO_ReadPin
 .text.HAL_GPIO_WritePin
                0x08004068        0xa ./Drivers/STM32F1xx_HAL_Driver/Src/stm32f1xx_hal_gpio.o
                0x08004068                HAL_GPIO_WritePin
 .text.HAL_GPIO_TogglePin
                0x08004072       0x12 ./Drivers/STM32F1xx_HAL_Driver/Src/stm32f1xx_hal_gpio.o
                0x08004072                HAL_GPIO_TogglePin
 .text.HAL_GPIO_EXTI_IRQHandler
                0x08004084       0x18 ./Drivers/STM32F1xx_HAL_Driver/Src/stm32f1xx_hal_gpio.o
                0x08004084                HAL_GPIO_EXTI_IRQHandler
 .text.HAL_RCC_OscConfig
                0x0800409c      0x338 ./Drivers/STM32F1xx_HAL_Driver/Src/stm32f1xx_hal_rcc.o
                0x0800409c                HAL_RCC_OscConfig
 .text.HAL_RCC_GetSysClockFreq
                0x080043d4       0x4c ./Drivers/STM32F1xx_HAL_Driver/Src/stm32f1xx_hal_rcc.o
                0x080043d4                HAL_RCC_GetSysClockFreq
 .text.HAL_RCC_ClockConfig
                0x08004420      0x138 ./Drivers/STM32F1xx_HAL_Driver/Src/stm32f1xx_hal_rcc.o
                0x08004420                HAL_RCC_ClockConfig
 .text.HAL_RCC_GetPCLK1Freq
                0x08004558       0x20 ./Drivers/STM32F1xx_HAL_Driver/Src/stm32f1xx_hal_rcc.o
                0x08004558                HAL_RCC_GetPCLK1Freq
 .text.HAL_RCC_GetPCLK2Freq
                0x08004578       0x20 ./Drivers/STM32F1xx_HAL_Driver/Src/stm32f1xx_hal_rcc.o
                0x08004578                HAL_RCC_GetPCLK2Freq
 .text.HAL_RCCEx_PeriphCLKConfig
                0x08004598       0xf4 ./Drivers/STM32F1xx_HAL_Driver/Src/stm32f1xx_hal_rcc_ex.o
                0x08004598                HAL_RCCEx_PeriphCLKConfig
 .text.TIM_OC1_SetConfig
                0x0800468c       0x50 ./Drivers/STM32F1xx_HAL_Driver/Src/stm32f1xx_hal_tim.o
 .text.TIM_OC3_SetConfig
                0x080046dc       0x54 ./Drivers/STM32F1xx_HAL_Driver/Src/stm32f1xx_hal_tim.o
 .text.TIM_OC4_SetConfig
                0x08004730       0x44 ./Drivers/STM32F1xx_HAL_Driver/Src/stm32f1xx_hal_tim.o
 .text.HAL_TIM_Base_Start
                0x08004774       0x4c ./Drivers/STM32F1xx_HAL_Driver/Src/stm32f1xx_hal_tim.o
                0x08004774                HAL_TIM_Base_Start
 .text.HAL_TIM_Base_Start_IT
                0x080047c0       0x54 ./Drivers/STM32F1xx_HAL_Driver/Src/stm32f1xx_hal_tim.o
                0x080047c0                HAL_TIM_Base_Start_IT
 .text.HAL_TIM_Base_Stop_IT
                0x08004814       0x30 ./Drivers/STM32F1xx_HAL_Driver/Src/stm32f1xx_hal_tim.o
                0x08004814                HAL_TIM_Base_Stop_IT
 .text.HAL_TIM_OC_DelayElapsedCallback
                0x08004844        0x2 ./Drivers/STM32F1xx_HAL_Driver/Src/stm32f1xx_hal_tim.o
                0x08004844                HAL_TIM_OC_DelayElapsedCallback
 .text.HAL_TIM_IC_CaptureCallback
                0x08004846        0x2 ./Drivers/STM32F1xx_HAL_Driver/Src/stm32f1xx_hal_tim.o
                0x08004846                HAL_TIM_IC_CaptureCallback
 .text.HAL_TIM_PWM_PulseFinishedCallback
                0x08004848        0x2 ./Drivers/STM32F1xx_HAL_Driver/Src/stm32f1xx_hal_tim.o
                0x08004848                HAL_TIM_PWM_PulseFinishedCallback
 .text.HAL_TIM_TriggerCallback
                0x0800484a        0x2 ./Drivers/STM32F1xx_HAL_Driver/Src/stm32f1xx_hal_tim.o
                0x0800484a                HAL_TIM_TriggerCallback
 .text.HAL_TIM_IRQHandler
                0x0800484c      0x128 ./Drivers/STM32F1xx_HAL_Driver/Src/stm32f1xx_hal_tim.o
                0x0800484c                HAL_TIM_IRQHandler
 .text.TIM_Base_SetConfig
                0x08004974       0x64 ./Drivers/STM32F1xx_HAL_Driver/Src/stm32f1xx_hal_tim.o
                0x08004974                TIM_Base_SetConfig
 .text.HAL_TIM_Base_Init
                0x080049d8       0x58 ./Drivers/STM32F1xx_HAL_Driver/Src/stm32f1xx_hal_tim.o
                0x080049d8                HAL_TIM_Base_Init
 .text.HAL_TIM_PWM_Init
                0x08004a30       0x58 ./Drivers/STM32F1xx_HAL_Driver/Src/stm32f1xx_hal_tim.o
                0x08004a30                HAL_TIM_PWM_Init
 .text.TIM_OC2_SetConfig
                0x08004a88       0x58 ./Drivers/STM32F1xx_HAL_Driver/Src/stm32f1xx_hal_tim.o
                0x08004a88                TIM_OC2_SetConfig
 .text.HAL_TIM_PWM_ConfigChannel
                0x08004ae0       0xb0 ./Drivers/STM32F1xx_HAL_Driver/Src/stm32f1xx_hal_tim.o
                0x08004ae0                HAL_TIM_PWM_ConfigChannel
 .text.TIM_ETR_SetConfig
                0x08004b90       0x14 ./Drivers/STM32F1xx_HAL_Driver/Src/stm32f1xx_hal_tim.o
                0x08004b90                TIM_ETR_SetConfig
 .text.HAL_TIM_ConfigClockSource
                0x08004ba4      0x132 ./Drivers/STM32F1xx_HAL_Driver/Src/stm32f1xx_hal_tim.o
                0x08004ba4                HAL_TIM_ConfigClockSource
 *fill*         0x08004cd6        0x2 
 .text.HAL_TIMEx_MasterConfigSynchronization
                0x08004cd8       0x5c ./Drivers/STM32F1xx_HAL_Driver/Src/stm32f1xx_hal_tim_ex.o
                0x08004cd8                HAL_TIMEx_MasterConfigSynchronization
 .text.HAL_TIMEx_ConfigBreakDeadTime
                0x08004d34       0x4c ./Drivers/STM32F1xx_HAL_Driver/Src/stm32f1xx_hal_tim_ex.o
                0x08004d34                HAL_TIMEx_ConfigBreakDeadTime
 .text.HAL_TIMEx_CommutCallback
                0x08004d80        0x2 ./Drivers/STM32F1xx_HAL_Driver/Src/stm32f1xx_hal_tim_ex.o
                0x08004d80                HAL_TIMEx_CommutCallback
 .text.HAL_TIMEx_BreakCallback
                0x08004d82        0x2 ./Drivers/STM32F1xx_HAL_Driver/Src/stm32f1xx_hal_tim_ex.o
                0x08004d82                HAL_TIMEx_BreakCallback
 .text.UART_EndRxTransfer
                0x08004d84       0x5c ./Drivers/STM32F1xx_HAL_Driver/Src/stm32f1xx_hal_uart.o
 .text.UART_SetConfig
                0x08004de0       0x74 ./Drivers/STM32F1xx_HAL_Driver/Src/stm32f1xx_hal_uart.o
 .text.UART_WaitOnFlagUntilTimeout.constprop.0
                0x08004e54       0x64 ./Drivers/STM32F1xx_HAL_Driver/Src/stm32f1xx_hal_uart.o
 .text.HAL_UART_Init
                0x08004eb8       0x5e ./Drivers/STM32F1xx_HAL_Driver/Src/stm32f1xx_hal_uart.o
                0x08004eb8                HAL_UART_Init
 .text.HAL_UART_Transmit
                0x08004f16       0x9c ./Drivers/STM32F1xx_HAL_Driver/Src/stm32f1xx_hal_uart.o
                0x08004f16                HAL_UART_Transmit
 .text.HAL_UART_Abort
                0x08004fb2       0xdc ./Drivers/STM32F1xx_HAL_Driver/Src/stm32f1xx_hal_uart.o
                0x08004fb2                HAL_UART_Abort
 .text.HAL_UART_TxCpltCallback
                0x0800508e        0x2 ./Drivers/STM32F1xx_HAL_Driver/Src/stm32f1xx_hal_uart.o
                0x0800508e                HAL_UART_TxCpltCallback
 .text.UART_DMAAbortOnError
                0x08005090       0x10 ./Drivers/STM32F1xx_HAL_Driver/Src/stm32f1xx_hal_uart.o
 .text.UART_Receive_IT.isra.0
                0x080050a0       0xb6 ./Drivers/STM32F1xx_HAL_Driver/Src/stm32f1xx_hal_uart.o
 *fill*         0x08005156        0x2 
 .text.HAL_UART_IRQHandler
                0x08005158      0x294 ./Drivers/STM32F1xx_HAL_Driver/Src/stm32f1xx_hal_uart.o
                0x08005158                HAL_UART_IRQHandler
 .text.UART_Start_Receive_IT
                0x080053ec       0x32 ./Drivers/STM32F1xx_HAL_Driver/Src/stm32f1xx_hal_uart.o
                0x080053ec                UART_Start_Receive_IT
 .text.HAL_UART_Receive_IT
                0x0800541e       0x22 ./Drivers/STM32F1xx_HAL_Driver/Src/stm32f1xx_hal_uart.o
                0x0800541e                HAL_UART_Receive_IT
 .text.HAL_UARTEx_ReceiveToIdle_IT
                0x08005440       0x5a ./Drivers/STM32F1xx_HAL_Driver/Src/stm32f1xx_hal_uart.o
                0x08005440                HAL_UARTEx_ReceiveToIdle_IT
 .text.__cvt    0x0800549a       0xc8 D:/tools/ST/STM32CubeIDE_2.0.0/STM32CubeIDE/plugins/com.st.stm32cube.ide.mcu.externaltools.gnu-tools-for-stm32.13.3.rel1.win32_1.0.100.202509120712/tools/bin/../lib/gcc/arm-none-eabi/13.3.1/../../../../arm-none-eabi/lib/thumb/v7-m/nofp\libc_nano.a(libc_a-nano-vfprintf_float.o)
                0x0800549a                __cvt
 .text.__exponent
                0x08005562       0x74 D:/tools/ST/STM32CubeIDE_2.0.0/STM32CubeIDE/plugins/com.st.stm32cube.ide.mcu.externaltools.gnu-tools-for-stm32.13.3.rel1.win32_1.0.100.202509120712/tools/bin/../lib/gcc/arm-none-eabi/13.3.1/../../../../arm-none-eabi/lib/thumb/v7-m/nofp\libc_nano.a(libc_a-nano-vfprintf_float.o)
                0x08005562                __exponent
 *fill*         0x080055d6        0x2 
 .text._printf_float
                0x080055d8      0x458 D:/tools/ST/STM32CubeIDE_2.0.0/STM32CubeIDE/plugins/com.st.stm32cube.ide.mcu.externaltools.gnu-tools-for-stm32.13.3.rel1.win32_1.0.100.202509120712/tools/bin/../lib/gcc/arm-none-eabi/13.3.1/../../../../arm-none-eabi/lib/thumb/v7-m/nofp\libc_nano.a(libc_a-nano-vfprintf_float.o)
                0x080055d8                _printf_float
 .text._printf_common
                0x08005a30       0xe4 D:/tools/ST/STM32CubeIDE_2.0.0/STM32CubeIDE/plugins/com.st.stm32cube.ide.mcu.externaltools.gnu-tools-for-stm32.13.3.rel1.win32_1.0.100.202509120712/tools/bin/../lib/gcc/arm-none-eabi/13.3.1/../../../../arm-none-eabi/lib/thumb/v7-m/nofp\libc_nano.a(libc_a-nano-vfprintf_i.o)
                0x08005a30                _printf_common
 .text._printf_i
                0x08005b14      0x23c D:/tools/ST/STM32CubeIDE_2.0.0/STM32CubeIDE/plugins/com.st.stm32cube.ide.mcu.externaltools.gnu-tools-for-stm32.13.3.rel1.win32_1.0.100.202509120712/tools/bin/../lib/gcc/arm-none-eabi/13.3.1/../../../../arm-none-eabi/lib/thumb/v7-m/nofp\libc_nano.a(libc_a-nano-vfprintf_i.o)
                0x08005b14                _printf_i
 .text.std      0x08005d50       0x6c D:/tools/ST/STM32CubeIDE_2.0.0/STM32CubeIDE/plugins/com.st.stm32cube.ide.mcu.externaltools.gnu-tools-for-stm32.13.3.rel1.win32_1.0.100.202509120712/tools/bin/../lib/gcc/arm-none-eabi/13.3.1/../../../../arm-none-eabi/lib/thumb/v7-m/nofp\libc_nano.a(libc_a-findfp.o)
 .text.stdio_exit_handler
                0x08005dbc       0x18 D:/tools/ST/STM32CubeIDE_2.0.0/STM32CubeIDE/plugins/com.st.stm32cube.ide.mcu.externaltools.gnu-tools-for-stm32.13.3.rel1.win32_1.0.100.202509120712/tools/bin/../lib/gcc/arm-none-eabi/13.3.1/../../../../arm-none-eabi/lib/thumb/v7-m/nofp\libc_nano.a(libc_a-findfp.o)
 .text.cleanup_stdio
                0x08005dd4       0x40 D:/tools/ST/STM32CubeIDE_2.0.0/STM32CubeIDE/plugins/com.st.stm32cube.ide.mcu.externaltools.gnu-tools-for-stm32.13.3.rel1.win32_1.0.100.202509120712/tools/bin/../lib/gcc/arm-none-eabi/13.3.1/../../../../arm-none-eabi/lib/thumb/v7-m/nofp\libc_nano.a(libc_a-findfp.o)
 .text.global_stdio_init.part.0
                0x08005e14       0x3c D:/tools/ST/STM32CubeIDE_2.0.0/STM32CubeIDE/plugins/com.st.stm32cube.ide.mcu.externaltools.gnu-tools-for-stm32.13.3.rel1.win32_1.0.100.202509120712/tools/bin/../lib/gcc/arm-none-eabi/13.3.1/../../../../arm-none-eabi/lib/thumb/v7-m/nofp\libc_nano.a(libc_a-findfp.o)
 .text.__sfp_lock_acquire
                0x08005e50        0xc D:/tools/ST/STM32CubeIDE_2.0.0/STM32CubeIDE/plugins/com.st.stm32cube.ide.mcu.externaltools.gnu-tools-for-stm32.13.3.rel1.win32_1.0.100.202509120712/tools/bin/../lib/gcc/arm-none-eabi/13.3.1/../../../../arm-none-eabi/lib/thumb/v7-m/nofp\libc_nano.a(libc_a-findfp.o)
                0x08005e50                __sfp_lock_acquire
 .text.__sfp_lock_release
                0x08005e5c        0xc D:/tools/ST/STM32CubeIDE_2.0.0/STM32CubeIDE/plugins/com.st.stm32cube.ide.mcu.externaltools.gnu-tools-for-stm32.13.3.rel1.win32_1.0.100.202509120712/tools/bin/../lib/gcc/arm-none-eabi/13.3.1/../../../../arm-none-eabi/lib/thumb/v7-m/nofp\libc_nano.a(libc_a-findfp.o)
                0x08005e5c                __sfp_lock_release
 .text.__sinit  0x08005e68       0x30 D:/tools/ST/STM32CubeIDE_2.0.0/STM32CubeIDE/plugins/com.st.stm32cube.ide.mcu.externaltools.gnu-tools-for-stm32.13.3.rel1.win32_1.0.100.202509120712/tools/bin/../lib/gcc/arm-none-eabi/13.3.1/../../../../arm-none-eabi/lib/thumb/v7-m/nofp\libc_nano.a(libc_a-findfp.o)
                0x08005e68                __sinit
 .text._fwalk_sglue
                0x08005e98       0x3c D:/tools/ST/STM32CubeIDE_2.0.0/STM32CubeIDE/plugins/com.st.stm32cube.ide.mcu.externaltools.gnu-tools-for-stm32.13.3.rel1.win32_1.0.100.202509120712/tools/bin/../lib/gcc/arm-none-eabi/13.3.1/../../../../arm-none-eabi/lib/thumb/v7-m/nofp\libc_nano.a(libc_a-fwalk.o)
                0x08005e98                _fwalk_sglue
 .text.__sread  0x08005ed4       0x22 D:/tools/ST/STM32CubeIDE_2.0.0/STM32CubeIDE/plugins/com.st.stm32cube.ide.mcu.externaltools.gnu-tools-for-stm32.13.3.rel1.win32_1.0.100.202509120712/tools/bin/../lib/gcc/arm-none-eabi/13.3.1/../../../../arm-none-eabi/lib/thumb/v7-m/nofp\libc_nano.a(libc_a-stdio.o)
                0x08005ed4                __sread
 .text.__swrite
                0x08005ef6       0x38 D:/tools/ST/STM32CubeIDE_2.0.0/STM32CubeIDE/plugins/com.st.stm32cube.ide.mcu.externaltools.gnu-tools-for-stm32.13.3.rel1.win32_1.0.100.202509120712/tools/bin/../lib/gcc/arm-none-eabi/13.3.1/../../../../arm-none-eabi/lib/thumb/v7-m/nofp\libc_nano.a(libc_a-stdio.o)
                0x08005ef6                __swrite
 .text.__sseek  0x08005f2e       0x24 D:/tools/ST/STM32CubeIDE_2.0.0/STM32CubeIDE/plugins/com.st.stm32cube.ide.mcu.externaltools.gnu-tools-for-stm32.13.3.rel1.win32_1.0.100.202509120712/tools/bin/../lib/gcc/arm-none-eabi/13.3.1/../../../../arm-none-eabi/lib/thumb/v7-m/nofp\libc_nano.a(libc_a-stdio.o)
                0x08005f2e                __sseek
 .text.__sclose
                0x08005f52        0x8 D:/tools/ST/STM32CubeIDE_2.0.0/STM32CubeIDE/plugins/com.st.stm32cube.ide.mcu.externaltools.gnu-tools-for-stm32.13.3.rel1.win32_1.0.100.202509120712/tools/bin/../lib/gcc/arm-none-eabi/13.3.1/../../../../arm-none-eabi/lib/thumb/v7-m/nofp\libc_nano.a(libc_a-stdio.o)
                0x08005f52                __sclose
 .text.memset   0x08005f5a       0x10 D:/tools/ST/STM32CubeIDE_2.0.0/STM32CubeIDE/plugins/com.st.stm32cube.ide.mcu.externaltools.gnu-tools-for-stm32.13.3.rel1.win32_1.0.100.202509120712/tools/bin/../lib/gcc/arm-none-eabi/13.3.1/../../../../arm-none-eabi/lib/thumb/v7-m/nofp\libc_nano.a(libc_a-memset.o)
                0x08005f5a                memset
 *fill*         0x08005f6a        0x2 
 .text._localeconv_r
                0x08005f6c        0x8 D:/tools/ST/STM32CubeIDE_2.0.0/STM32CubeIDE/plugins/com.st.stm32cube.ide.mcu.externaltools.gnu-tools-for-stm32.13.3.rel1.win32_1.0.100.202509120712/tools/bin/../lib/gcc/arm-none-eabi/13.3.1/../../../../arm-none-eabi/lib/thumb/v7-m/nofp\libc_nano.a(libc_a-localeconv.o)
                0x08005f6c                _localeconv_r
 .text._close_r
                0x08005f74       0x20 D:/tools/ST/STM32CubeIDE_2.0.0/STM32CubeIDE/plugins/com.st.stm32cube.ide.mcu.externaltools.gnu-tools-for-stm32.13.3.rel1.win32_1.0.100.202509120712/tools/bin/../lib/gcc/arm-none-eabi/13.3.1/../../../../arm-none-eabi/lib/thumb/v7-m/nofp\libc_nano.a(libc_a-closer.o)
                0x08005f74                _close_r
 .text._lseek_r
                0x08005f94       0x24 D:/tools/ST/STM32CubeIDE_2.0.0/STM32CubeIDE/plugins/com.st.stm32cube.ide.mcu.externaltools.gnu-tools-for-stm32.13.3.rel1.win32_1.0.100.202509120712/tools/bin/../lib/gcc/arm-none-eabi/13.3.1/../../../../arm-none-eabi/lib/thumb/v7-m/nofp\libc_nano.a(libc_a-lseekr.o)
                0x08005f94                _lseek_r
 .text._read_r  0x08005fb8       0x24 D:/tools/ST/STM32CubeIDE_2.0.0/STM32CubeIDE/plugins/com.st.stm32cube.ide.mcu.externaltools.gnu-tools-for-stm32.13.3.rel1.win32_1.0.100.202509120712/tools/bin/../lib/gcc/arm-none-eabi/13.3.1/../../../../arm-none-eabi/lib/thumb/v7-m/nofp\libc_nano.a(libc_a-readr.o)
                0x08005fb8                _read_r
 .text._write_r
                0x08005fdc       0x24 D:/tools/ST/STM32CubeIDE_2.0.0/STM32CubeIDE/plugins/com.st.stm32cube.ide.mcu.externaltools.gnu-tools-for-stm32.13.3.rel1.win32_1.0.100.202509120712/tools/bin/../lib/gcc/arm-none-eabi/13.3.1/../../../../arm-none-eabi/lib/thumb/v7-m/nofp\libc_nano.a(libc_a-writer.o)
                0x08005fdc                _write_r
 .text.__errno  0x08006000        0xc D:/tools/ST/STM32CubeIDE_2.0.0/STM32CubeIDE/plugins/com.st.stm32cube.ide.mcu.externaltools.gnu-tools-for-stm32.13.3.rel1.win32_1.0.100.202509120712/tools/bin/../lib/gcc/arm-none-eabi/13.3.1/../../../../arm-none-eabi/lib/thumb/v7-m/nofp\libc_nano.a(libc_a-errno.o)
                0x08006000                __errno
 .text.__libc_init_array
                0x0800600c       0x48 D:/tools/ST/STM32CubeIDE_2.0.0/STM32CubeIDE/plugins/com.st.stm32cube.ide.mcu.externaltools.gnu-tools-for-stm32.13.3.rel1.win32_1.0.100.202509120712/tools/bin/../lib/gcc/arm-none-eabi/13.3.1/../../../../arm-none-eabi/lib/thumb/v7-m/nofp\libc_nano.a(libc_a-init.o)
                0x0800600c                __libc_init_array
 .text.__retarget_lock_init_recursive
                0x08006054        0x2 D:/tools/ST/STM32CubeIDE_2.0.0/STM32CubeIDE/plugins/com.st.stm32cube.ide.mcu.externaltools.gnu-tools-for-stm32.13.3.rel1.win32_1.0.100.202509120712/tools/bin/../lib/gcc/arm-none-eabi/13.3.1/../../../../arm-none-eabi/lib/thumb/v7-m/nofp\libc_nano.a(libc_a-lock.o)
                0x08006054                __retarget_lock_init_recursive
 .text.__retarget_lock_acquire_recursive
                0x08006056        0x2 D:/tools/ST/STM32CubeIDE_2.0.0/STM32CubeIDE/plugins/com.st.stm32cube.ide.mcu.externaltools.gnu-tools-for-stm32.13.3.rel1.win32_1.0.100.202509120712/tools/bin/../lib/gcc/arm-none-eabi/13.3.1/../../../../arm-none-eabi/lib/thumb/v7-m/nofp\libc_nano.a(libc_a-lock.o)
                0x08006056                __retarget_lock_acquire_recursive
 .text.__retarget_lock_release_recursive
                0x08006058        0x2 D:/tools/ST/STM32CubeIDE_2.0.0/STM32CubeIDE/plugins/com.st.stm32cube.ide.mcu.externaltools.gnu-tools-for-stm32.13.3.rel1.win32_1.0.100.202509120712/tools/bin/../lib/gcc/arm-none-eabi/13.3.1/../../../../arm-none-eabi/lib/thumb/v7-m/nofp\libc_nano.a(libc_a-lock.o)
                0x08006058                __retarget_lock_release_recursive
 .text.memchr   0x0800605a       0x1c D:/tools/ST/STM32CubeIDE_2.0.0/STM32CubeIDE/plugins/com.st.stm32cube.ide.mcu.externaltools.gnu-tools-for-stm32.13.3.rel1.win32_1.0.100.202509120712/tools/bin/../lib/gcc/arm-none-eabi/13.3.1/../../../../arm-none-eabi/lib/thumb/v7-m/nofp\libc_nano.a(libc_a-memchr-stub.o)
                0x0800605a                memchr
 .text.quorem   0x08006076      0x110 D:/tools/ST/STM32CubeIDE_2.0.0/STM32CubeIDE/plugins/com.st.stm32cube.ide.mcu.externaltools.gnu-tools-for-stm32.13.3.rel1.win32_1.0.100.202509120712/tools/bin/../lib/gcc/arm-none-eabi/13.3.1/../../../../arm-none-eabi/lib/thumb/v7-m/nofp\libc_nano.a(libc_a-dtoa.o)
 *fill*         0x08006186        0x2 
 .text._dtoa_r  0x08006188      0xba8 D:/tools/ST/STM32CubeIDE_2.0.0/STM32CubeIDE/plugins/com.st.stm32cube.ide.mcu.externaltools.gnu-tools-for-stm32.13.3.rel1.win32_1.0.100.202509120712/tools/bin/../lib/gcc/arm-none-eabi/13.3.1/../../../../arm-none-eabi/lib/thumb/v7-m/nofp\libc_nano.a(libc_a-dtoa.o)
                0x08006188                _dtoa_r
 .text._free_r  0x08006d30       0x90 D:/tools/ST/STM32CubeIDE_2.0.0/STM32CubeIDE/plugins/com.st.stm32cube.ide.mcu.externaltools.gnu-tools-for-stm32.13.3.rel1.win32_1.0.100.202509120712/tools/bin/../lib/gcc/arm-none-eabi/13.3.1/../../../../arm-none-eabi/lib/thumb/v7-m/nofp\libc_nano.a(libc_a-freer.o)
                0x08006d30                _free_r
 .text.malloc   0x08006dc0       0x10 D:/tools/ST/STM32CubeIDE_2.0.0/STM32CubeIDE/plugins/com.st.stm32cube.ide.mcu.externaltools.gnu-tools-for-stm32.13.3.rel1.win32_1.0.100.202509120712/tools/bin/../lib/gcc/arm-none-eabi/13.3.1/../../../../arm-none-eabi/lib/thumb/v7-m/nofp\libc_nano.a(libc_a-malloc.o)
                0x08006dc0                malloc
 .text.sbrk_aligned
                0x08006dd0       0x44 D:/tools/ST/STM32CubeIDE_2.0.0/STM32CubeIDE/plugins/com.st.stm32cube.ide.mcu.externaltools.gnu-tools-for-stm32.13.3.rel1.win32_1.0.100.202509120712/tools/bin/../lib/gcc/arm-none-eabi/13.3.1/../../../../arm-none-eabi/lib/thumb/v7-m/nofp\libc_nano.a(libc_a-mallocr.o)
 .text._malloc_r
                0x08006e14      0x100 D:/tools/ST/STM32CubeIDE_2.0.0/STM32CubeIDE/plugins/com.st.stm32cube.ide.mcu.externaltools.gnu-tools-for-stm32.13.3.rel1.win32_1.0.100.202509120712/tools/bin/../lib/gcc/arm-none-eabi/13.3.1/../../../../arm-none-eabi/lib/thumb/v7-m/nofp\libc_nano.a(libc_a-mallocr.o)
                0x08006e14                _malloc_r
 .text.__malloc_lock
                0x08006f14        0xc D:/tools/ST/STM32CubeIDE_2.0.0/STM32CubeIDE/plugins/com.st.stm32cube.ide.mcu.externaltools.gnu-tools-for-stm32.13.3.rel1.win32_1.0.100.202509120712/tools/bin/../lib/gcc/arm-none-eabi/13.3.1/../../../../arm-none-eabi/lib/thumb/v7-m/nofp\libc_nano.a(libc_a-mlock.o)
                0x08006f14                __malloc_lock
 .text.__malloc_unlock
                0x08006f20        0xc D:/tools/ST/STM32CubeIDE_2.0.0/STM32CubeIDE/plugins/com.st.stm32cube.ide.mcu.externaltools.gnu-tools-for-stm32.13.3.rel1.win32_1.0.100.202509120712/tools/bin/../lib/gcc/arm-none-eabi/13.3.1/../../../../arm-none-eabi/lib/thumb/v7-m/nofp\libc_nano.a(libc_a-mlock.o)
                0x08006f20                __malloc_unlock
 .text._Balloc  0x08006f2c       0x80 D:/tools/ST/STM32CubeIDE_2.0.0/STM32CubeIDE/plugins/com.st.stm32cube.ide.mcu.externaltools.gnu-tools-for-stm32.13.3.rel1.win32_1.0.100.202509120712/tools/bin/../lib/gcc/arm-none-eabi/13.3.1/../../../../arm-none-eabi/lib/thumb/v7-m/nofp\libc_nano.a(libc_a-mprec.o)
                0x08006f2c                _Balloc
 .text._Bfree   0x08006fac       0x44 D:/tools/ST/STM32CubeIDE_2.0.0/STM32CubeIDE/plugins/com.st.stm32cube.ide.mcu.externaltools.gnu-tools-for-stm32.13.3.rel1.win32_1.0.100.202509120712/tools/bin/../lib/gcc/arm-none-eabi/13.3.1/../../../../arm-none-eabi/lib/thumb/v7-m/nofp\libc_nano.a(libc_a-mprec.o)
                0x08006fac                _Bfree
 .text.__multadd
                0x08006ff0       0x8c D:/tools/ST/STM32CubeIDE_2.0.0/STM32CubeIDE/plugins/com.st.stm32cube.ide.mcu.externaltools.gnu-tools-for-stm32.13.3.rel1.win32_1.0.100.202509120712/tools/bin/../lib/gcc/arm-none-eabi/13.3.1/../../../../arm-none-eabi/lib/thumb/v7-m/nofp\libc_nano.a(libc_a-mprec.o)
                0x08006ff0                __multadd
 .text.__hi0bits
                0x0800707c       0x3e D:/tools/ST/STM32CubeIDE_2.0.0/STM32CubeIDE/plugins/com.st.stm32cube.ide.mcu.externaltools.gnu-tools-for-stm32.13.3.rel1.win32_1.0.100.202509120712/tools/bin/../lib/gcc/arm-none-eabi/13.3.1/../../../../arm-none-eabi/lib/thumb/v7-m/nofp\libc_nano.a(libc_a-mprec.o)
                0x0800707c                __hi0bits
 .text.__lo0bits
                0x080070ba       0x5a D:/tools/ST/STM32CubeIDE_2.0.0/STM32CubeIDE/plugins/com.st.stm32cube.ide.mcu.externaltools.gnu-tools-for-stm32.13.3.rel1.win32_1.0.100.202509120712/tools/bin/../lib/gcc/arm-none-eabi/13.3.1/../../../../arm-none-eabi/lib/thumb/v7-m/nofp\libc_nano.a(libc_a-mprec.o)
                0x080070ba                __lo0bits
 .text.__i2b    0x08007114       0x2c D:/tools/ST/STM32CubeIDE_2.0.0/STM32CubeIDE/plugins/com.st.stm32cube.ide.mcu.externaltools.gnu-tools-for-stm32.13.3.rel1.win32_1.0.100.202509120712/tools/bin/../lib/gcc/arm-none-eabi/13.3.1/../../../../arm-none-eabi/lib/thumb/v7-m/nofp\libc_nano.a(libc_a-mprec.o)
                0x08007114                __i2b
 .text.__multiply
                0x08007140      0x144 D:/tools/ST/STM32CubeIDE_2.0.0/STM32CubeIDE/plugins/com.st.stm32cube.ide.mcu.externaltools.gnu-tools-for-stm32.13.3.rel1.win32_1.0.100.202509120712/tools/bin/../lib/gcc/arm-none-eabi/13.3.1/../../../../arm-none-eabi/lib/thumb/v7-m/nofp\libc_nano.a(libc_a-mprec.o)
                0x08007140                __multiply
 .text.__pow5mult
                0x08007284       0xb4 D:/tools/ST/STM32CubeIDE_2.0.0/STM32CubeIDE/plugins/com.st.stm32cube.ide.mcu.externaltools.gnu-tools-for-stm32.13.3.rel1.win32_1.0.100.202509120712/tools/bin/../lib/gcc/arm-none-eabi/13.3.1/../../../../arm-none-eabi/lib/thumb/v7-m/nofp\libc_nano.a(libc_a-mprec.o)
                0x08007284                __pow5mult
 .text.__lshift
                0x08007338       0xd8 D:/tools/ST/STM32CubeIDE_2.0.0/STM32CubeIDE/plugins/com.st.stm32cube.ide.mcu.externaltools.gnu-tools-for-stm32.13.3.rel1.win32_1.0.100.202509120712/tools/bin/../lib/gcc/arm-none-eabi/13.3.1/../../../../arm-none-eabi/lib/thumb/v7-m/nofp\libc_nano.a(libc_a-mprec.o)
                0x08007338                __lshift
 .text.__mcmp   0x08007410       0x36 D:/tools/ST/STM32CubeIDE_2.0.0/STM32CubeIDE/plugins/com.st.stm32cube.ide.mcu.externaltools.gnu-tools-for-stm32.13.3.rel1.win32_1.0.100.202509120712/tools/bin/../lib/gcc/arm-none-eabi/13.3.1/../../../../arm-none-eabi/lib/thumb/v7-m/nofp\libc_nano.a(libc_a-mprec.o)
                0x08007410                __mcmp
 *fill*         0x08007446        0x2 
 .text.__mdiff  0x08007448      0x128 D:/tools/ST/STM32CubeIDE_2.0.0/STM32CubeIDE/plugins/com.st.stm32cube.ide.mcu.externaltools.gnu-tools-for-stm32.13.3.rel1.win32_1.0.100.202509120712/tools/bin/../lib/gcc/arm-none-eabi/13.3.1/../../../../arm-none-eabi/lib/thumb/v7-m/nofp\libc_nano.a(libc_a-mprec.o)
                0x08007448                __mdiff
 .text.__d2b    0x08007570       0xb0 D:/tools/ST/STM32CubeIDE_2.0.0/STM32CubeIDE/plugins/com.st.stm32cube.ide.mcu.externaltools.gnu-tools-for-stm32.13.3.rel1.win32_1.0.100.202509120712/tools/bin/../lib/gcc/arm-none-eabi/13.3.1/../../../../arm-none-eabi/lib/thumb/v7-m/nofp\libc_nano.a(libc_a-mprec.o)
                0x08007570                __d2b
 .text.__sflush_r
                0x08007620      0x100 D:/tools/ST/STM32CubeIDE_2.0.0/STM32CubeIDE/plugins/com.st.stm32cube.ide.mcu.externaltools.gnu-tools-for-stm32.13.3.rel1.win32_1.0.100.202509120712/tools/bin/../lib/gcc/arm-none-eabi/13.3.1/../../../../arm-none-eabi/lib/thumb/v7-m/nofp\libc_nano.a(libc_a-fflush.o)
                0x08007620                __sflush_r
 .text._fflush_r
                0x08007720       0x50 D:/tools/ST/STM32CubeIDE_2.0.0/STM32CubeIDE/plugins/com.st.stm32cube.ide.mcu.externaltools.gnu-tools-for-stm32.13.3.rel1.win32_1.0.100.202509120712/tools/bin/../lib/gcc/arm-none-eabi/13.3.1/../../../../arm-none-eabi/lib/thumb/v7-m/nofp\libc_nano.a(libc_a-fflush.o)
                0x08007720                _fflush_r
 .text._sbrk_r  0x08007770       0x20 D:/tools/ST/STM32CubeIDE_2.0.0/STM32CubeIDE/plugins/com.st.stm32cube.ide.mcu.externaltools.gnu-tools-for-stm32.13.3.rel1.win32_1.0.100.202509120712/tools/bin/../lib/gcc/arm-none-eabi/13.3.1/../../../../arm-none-eabi/lib/thumb/v7-m/nofp\libc_nano.a(libc_a-sbrkr.o)
                0x08007770                _sbrk_r
 .text.memcpy   0x08007790       0x1c D:/tools/ST/STM32CubeIDE_2.0.0/STM32CubeIDE/plugins/com.st.stm32cube.ide.mcu.externaltools.gnu-tools-for-stm32.13.3.rel1.win32_1.0.100.202509120712/tools/bin/../lib/gcc/arm-none-eabi/13.3.1/../../../../arm-none-eabi/lib/thumb/v7-m/nofp\libc_nano.a(libc_a-memcpy-stub.o)
                0x08007790                memcpy
 .text.__assert_func
                0x080077ac       0x3c D:/tools/ST/STM32CubeIDE_2.0.0/STM32CubeIDE/plugins/com.st.stm32cube.ide.mcu.externaltools.gnu-tools-for-stm32.13.3.rel1.win32_1.0.100.202509120712/tools/bin/../lib/gcc/arm-none-eabi/13.3.1/../../../../arm-none-eabi/lib/thumb/v7-m/nofp\libc_nano.a(libc_a-assert.o)
                0x080077ac                __assert_func
 .text._calloc_r
                0x080077e8       0x28 D:/tools/ST/STM32CubeIDE_2.0.0/STM32CubeIDE/plugins/com.st.stm32cube.ide.mcu.externaltools.gnu-tools-for-stm32.13.3.rel1.win32_1.0.100.202509120712/tools/bin/../lib/gcc/arm-none-eabi/13.3.1/../../../../arm-none-eabi/lib/thumb/v7-m/nofp\libc_nano.a(libc_a-callocr.o)
                0x080077e8                _calloc_r
 .text.__ascii_mbtowc
                0x08007810       0x24 D:/tools/ST/STM32CubeIDE_2.0.0/STM32CubeIDE/plugins/com.st.stm32cube.ide.mcu.externaltools.gnu-tools-for-stm32.13.3.rel1.win32_1.0.100.202509120712/tools/bin/../lib/gcc/arm-none-eabi/13.3.1/../../../../arm-none-eabi/lib/thumb/v7-m/nofp\libc_nano.a(libc_a-mbtowc_r.o)
                0x08007810                __ascii_mbtowc
 .text.__ascii_wctomb
                0x08007834       0x1a D:/tools/ST/STM32CubeIDE_2.0.0/STM32CubeIDE/plugins/com.st.stm32cube.ide.mcu.externaltools.gnu-tools-for-stm32.13.3.rel1.win32_1.0.100.202509120712/tools/bin/../lib/gcc/arm-none-eabi/13.3.1/../../../../arm-none-eabi/lib/thumb/v7-m/nofp\libc_nano.a(libc_a-wctomb_r.o)
                0x08007834                __ascii_wctomb
 *fill*         0x0800784e        0x2 
 .text.fprintf  0x08007850       0x24 D:/tools/ST/STM32CubeIDE_2.0.0/STM32CubeIDE/plugins/com.st.stm32cube.ide.mcu.externaltools.gnu-tools-for-stm32.13.3.rel1.win32_1.0.100.202509120712/tools/bin/../lib/gcc/arm-none-eabi/13.3.1/../../../../arm-none-eabi/lib/thumb/v7-m/nofp\libc_nano.a(libc_a-fprintf.o)
                0x08007850                fiprintf
                0x08007850                fprintf
 .text.abort    0x08007874        0xe D:/tools/ST/STM32CubeIDE_2.0.0/STM32CubeIDE/plugins/com.st.stm32cube.ide.mcu.externaltools.gnu-tools-for-stm32.13.3.rel1.win32_1.0.100.202509120712/tools/bin/../lib/gcc/arm-none-eabi/13.3.1/../../../../arm-none-eabi/lib/thumb/v7-m/nofp\libc_nano.a(libc_a-abort.o)
                0x08007874                abort
 .text.__sfputc_r
                0x08007882       0x2a D:/tools/ST/STM32CubeIDE_2.0.0/STM32CubeIDE/plugins/com.st.stm32cube.ide.mcu.externaltools.gnu-tools-for-stm32.13.3.rel1.win32_1.0.100.202509120712/tools/bin/../lib/gcc/arm-none-eabi/13.3.1/../../../../arm-none-eabi/lib/thumb/v7-m/nofp\libc_nano.a(libc_a-nano-vfprintf.o)
 .text.__sfputs_r
                0x080078ac       0x24 D:/tools/ST/STM32CubeIDE_2.0.0/STM32CubeIDE/plugins/com.st.stm32cube.ide.mcu.externaltools.gnu-tools-for-stm32.13.3.rel1.win32_1.0.100.202509120712/tools/bin/../lib/gcc/arm-none-eabi/13.3.1/../../../../arm-none-eabi/lib/thumb/v7-m/nofp\libc_nano.a(libc_a-nano-vfprintf.o)
                0x080078ac                __sfputs_r
 .text._vfprintf_r
                0x080078d0      0x230 D:/tools/ST/STM32CubeIDE_2.0.0/STM32CubeIDE/plugins/com.st.stm32cube.ide.mcu.externaltools.gnu-tools-for-stm32.13.3.rel1.win32_1.0.100.202509120712/tools/bin/../lib/gcc/arm-none-eabi/13.3.1/../../../../arm-none-eabi/lib/thumb/v7-m/nofp\libc_nano.a(libc_a-nano-vfprintf.o)
                0x080078d0                _vfprintf_r
                0x080078d0                _vfiprintf_r
 .text.__swbuf_r
                0x08007b00       0x7c D:/tools/ST/STM32CubeIDE_2.0.0/STM32CubeIDE/plugins/com.st.stm32cube.ide.mcu.externaltools.gnu-tools-for-stm32.13.3.rel1.win32_1.0.100.202509120712/tools/bin/../lib/gcc/arm-none-eabi/13.3.1/../../../../arm-none-eabi/lib/thumb/v7-m/nofp\libc_nano.a(libc_a-wbuf.o)
                0x08007b00                __swbuf_r
 .text.__swsetup_r
                0x08007b7c       0xac D:/tools/ST/STM32CubeIDE_2.0.0/STM32CubeIDE/plugins/com.st.stm32cube.ide.mcu.externaltools.gnu-tools-for-stm32.13.3.rel1.win32_1.0.100.202509120712/tools/bin/../lib/gcc/arm-none-eabi/13.3.1/../../../../arm-none-eabi/lib/thumb/v7-m/nofp\libc_nano.a(libc_a-wsetup.o)
                0x08007b7c                __swsetup_r
 .text._raise_r
                0x08007c28       0x50 D:/tools/ST/STM32CubeIDE_2.0.0/STM32CubeIDE/plugins/com.st.stm32cube.ide.mcu.externaltools.gnu-tools-for-stm32.13.3.rel1.win32_1.0.100.202509120712/tools/bin/../lib/gcc/arm-none-eabi/13.3.1/../../../../arm-none-eabi/lib/thumb/v7-m/nofp\libc_nano.a(libc_a-signal.o)
                0x08007c28                _raise_r
 .text.raise    0x08007c78       0x10 D:/tools/ST/STM32CubeIDE_2.0.0/STM32CubeIDE/plugins/com.st.stm32cube.ide.mcu.externaltools.gnu-tools-for-stm32.13.3.rel1.win32_1.0.100.202509120712/tools/bin/../lib/gcc/arm-none-eabi/13.3.1/../../../../arm-none-eabi/lib/thumb/v7-m/nofp\libc_nano.a(libc_a-signal.o)
                0x08007c78                raise
 .text._kill_r  0x08007c88       0x24 D:/tools/ST/STM32CubeIDE_2.0.0/STM32CubeIDE/plugins/com.st.stm32cube.ide.mcu.externaltools.gnu-tools-for-stm32.13.3.rel1.win32_1.0.100.202509120712/tools/bin/../lib/gcc/arm-none-eabi/13.3.1/../../../../arm-none-eabi/lib/thumb/v7-m/nofp\libc_nano.a(libc_a-signalr.o)
                0x08007c88                _kill_r
 .text._getpid_r
                0x08007cac        0x4 D:/tools/ST/STM32CubeIDE_2.0.0/STM32CubeIDE/plugins/com.st.stm32cube.ide.mcu.externaltools.gnu-tools-for-stm32.13.3.rel1.win32_1.0.100.202509120712/tools/bin/../lib/gcc/arm-none-eabi/13.3.1/../../../../arm-none-eabi/lib/thumb/v7-m/nofp\libc_nano.a(libc_a-signalr.o)
                0x08007cac                _getpid_r
 .text.__swhatbuf_r
                0x08007cb0       0x4a D:/tools/ST/STM32CubeIDE_2.0.0/STM32CubeIDE/plugins/com.st.stm32cube.ide.mcu.externaltools.gnu-tools-for-stm32.13.3.rel1.win32_1.0.100.202509120712/tools/bin/../lib/gcc/arm-none-eabi/13.3.1/../../../../arm-none-eabi/lib/thumb/v7-m/nofp\libc_nano.a(libc_a-makebuf.o)
                0x08007cb0                __swhatbuf_r
 .text.__smakebuf_r
                0x08007cfa       0x78 D:/tools/ST/STM32CubeIDE_2.0.0/STM32CubeIDE/plugins/com.st.stm32cube.ide.mcu.externaltools.gnu-tools-for-stm32.13.3.rel1.win32_1.0.100.202509120712/tools/bin/../lib/gcc/arm-none-eabi/13.3.1/../../../../arm-none-eabi/lib/thumb/v7-m/nofp\libc_nano.a(libc_a-makebuf.o)
                0x08007cfa                __smakebuf_r
 *fill*         0x08007d72        0x2 
 .text._fstat_r
                0x08007d74       0x24 D:/tools/ST/STM32CubeIDE_2.0.0/STM32CubeIDE/plugins/com.st.stm32cube.ide.mcu.externaltools.gnu-tools-for-stm32.13.3.rel1.win32_1.0.100.202509120712/tools/bin/../lib/gcc/arm-none-eabi/13.3.1/../../../../arm-none-eabi/lib/thumb/v7-m/nofp\libc_nano.a(libc_a-fstatr.o)
                0x08007d74                _fstat_r
 .text._isatty_r
                0x08007d98       0x20 D:/tools/ST/STM32CubeIDE_2.0.0/STM32CubeIDE/plugins/com.st.stm32cube.ide.mcu.externaltools.gnu-tools-for-stm32.13.3.rel1.win32_1.0.100.202509120712/tools/bin/../lib/gcc/arm-none-eabi/13.3.1/../../../../arm-none-eabi/lib/thumb/v7-m/nofp\libc_nano.a(libc_a-isattyr.o)
                0x08007d98                _isatty_r
 *(.glue_7)
 .glue_7        0x08007db8        0x0 linker stubs
 *(.glue_7t)
 .glue_7t       0x08007db8        0x0 linker stubs
 *(.eh_frame)
 .eh_frame      0x08007db8        0x0 D:/tools/ST/STM32CubeIDE_2.0.0/STM32CubeIDE/plugins/com.st.stm32cube.ide.mcu.externaltools.gnu-tools-for-stm32.13.3.rel1.win32_1.0.100.202509120712/tools/bin/../lib/gcc/arm-none-eabi/13.3.1/thumb/v7-m/nofp/crtbegin.o
 *(.init)
 .init          0x08007db8        0x4 D:/tools/ST/STM32CubeIDE_2.0.0/STM32CubeIDE/plugins/com.st.stm32cube.ide.mcu.externaltools.gnu-tools-for-stm32.13.3.rel1.win32_1.0.100.202509120712/tools/bin/../lib/gcc/arm-none-eabi/13.3.1/thumb/v7-m/nofp/crti.o
                0x08007db8                _init
 .init          0x08007dbc        0x8 D:/tools/ST/STM32CubeIDE_2.0.0/STM32CubeIDE/plugins/com.st.stm32cube.ide.mcu.externaltools.gnu-tools-for-stm32.13.3.rel1.win32_1.0.100.202509120712/tools/bin/../lib/gcc/arm-none-eabi/13.3.1/thumb/v7-m/nofp/crtn.o
 *(.fini)
 .fini          0x08007dc4        0x4 D:/tools/ST/STM32CubeIDE_2.0.0/STM32CubeIDE/plugins/com.st.stm32cube.ide.mcu.externaltools.gnu-tools-for-stm32.13.3.rel1.win32_1.0.100.202509120712/tools/bin/../lib/gcc/arm-none-eabi/13.3.1/thumb/v7-m/nofp/crti.o
                0x08007dc4                _fini
 .fini          0x08007dc8        0x8 D:/tools/ST/STM32CubeIDE_2.0.0/STM32CubeIDE/plugins/com.st.stm32cube.ide.mcu.externaltools.gnu-tools-for-stm32.13.3.rel1.win32_1.0.100.202509120712/tools/bin/../lib/gcc/arm-none-eabi/13.3.1/thumb/v7-m/nofp/crtn.o
                0x08007dd0                        . = ALIGN (0x4)
                0x08007dd0                        _etext = .

.vfp11_veneer   0x08007dd0        0x0
 .vfp11_veneer  0x08007dd0        0x0 linker stubs

.v4_bx          0x08007dd0        0x0
 .v4_bx         0x08007dd0        0x0 linker stubs

.iplt           0x08007dd0        0x0
 .iplt          0x08007dd0        0x0 D:/tools/ST/STM32CubeIDE_2.0.0/STM32CubeIDE/plugins/com.st.stm32cube.ide.mcu.externaltools.gnu-tools-for-stm32.13.3.rel1.win32_1.0.100.202509120712/tools/bin/../lib/gcc/arm-none-eabi/13.3.1/thumb/v7-m/nofp/crtbegin.o

.rodata         0x08007dd0      0x3ac
                0x08007dd0                        . = ALIGN (0x4)
 *(.rodata)
 *(.rodata*)
 .rodata.APBPrescTable
                0x08007dd0        0x8 ./Core/Src/system_stm32f1xx.o
                0x08007dd0                APBPrescTable
 .rodata.AHBPrescTable
                0x08007dd8       0x10 ./Core/Src/system_stm32f1xx.o
                0x08007dd8                AHBPrescTable
 .rodata.CSWTCH.37
                0x08007de8        0xa ./Core/Src/io/process.o
 .rodata.aPredivFactorTable.0
                0x08007df2        0x2 ./Drivers/STM32F1xx_HAL_Driver/Src/stm32f1xx_hal_rcc.o
 .rodata.aPLLMULFactorTable.1
                0x08007df4       0x10 ./Drivers/STM32F1xx_HAL_Driver/Src/stm32f1xx_hal_rcc.o
 .rodata._printf_float.str1.1
                0x08007e04      0x171 D:/tools/ST/STM32CubeIDE_2.0.0/STM32CubeIDE/plugins/com.st.stm32cube.ide.mcu.externaltools.gnu-tools-for-stm32.13.3.rel1.win32_1.0.100.202509120712/tools/bin/../lib/gcc/arm-none-eabi/13.3.1/../../../../arm-none-eabi/lib/thumb/v7-m/nofp\libc_nano.a(libc_a-nano-vfprintf_float.o)
                                 0x12 (size before relaxing)
 .rodata._printf_i.str1.1
                0x08007f75        0x0 D:/tools/ST/STM32CubeIDE_2.0.0/STM32CubeIDE/plugins/com.st.stm32cube.ide.mcu.externaltools.gnu-tools-for-stm32.13.3.rel1.win32_1.0.100.202509120712/tools/bin/../lib/gcc/arm-none-eabi/13.3.1/../../../../arm-none-eabi/lib/thumb/v7-m/nofp\libc_nano.a(libc_a-nano-vfprintf_i.o)
                                 0x22 (size before relaxing)
 .rodata._dtoa_r.str1.1
                0x08007f75        0x0 D:/tools/ST/STM32CubeIDE_2.0.0/STM32CubeIDE/plugins/com.st.stm32cube.ide.mcu.externaltools.gnu-tools-for-stm32.13.3.rel1.win32_1.0.100.202509120712/tools/bin/../lib/gcc/arm-none-eabi/13.3.1/../../../../arm-none-eabi/lib/thumb/v7-m/nofp\libc_nano.a(libc_a-dtoa.o)
                                 0x8f (size before relaxing)
 .rodata._Balloc.str1.1
                0x08007f75        0x0 D:/tools/ST/STM32CubeIDE_2.0.0/STM32CubeIDE/plugins/com.st.stm32cube.ide.mcu.externaltools.gnu-tools-for-stm32.13.3.rel1.win32_1.0.100.202509120712/tools/bin/../lib/gcc/arm-none-eabi/13.3.1/../../../../arm-none-eabi/lib/thumb/v7-m/nofp\libc_nano.a(libc_a-mprec.o)
                                 0x70 (size before relaxing)
 .rodata.__multadd.str1.1
                0x08007f75        0x0 D:/tools/ST/STM32CubeIDE_2.0.0/STM32CubeIDE/plugins/com.st.stm32cube.ide.mcu.externaltools.gnu-tools-for-stm32.13.3.rel1.win32_1.0.100.202509120712/tools/bin/../lib/gcc/arm-none-eabi/13.3.1/../../../../arm-none-eabi/lib/thumb/v7-m/nofp\libc_nano.a(libc_a-mprec.o)
                                 0x11 (size before relaxing)
 *fill*         0x08007f75        0x3 
 .rodata.p05.0  0x08007f78        0xc D:/tools/ST/STM32CubeIDE_2.0.0/STM32CubeIDE/plugins/com.st.stm32cube.ide.mcu.externaltools.gnu-tools-for-stm32.13.3.rel1.win32_1.0.100.202509120712/tools/bin/../lib/gcc/arm-none-eabi/13.3.1/../../../../arm-none-eabi/lib/thumb/v7-m/nofp\libc_nano.a(libc_a-mprec.o)
 *fill*         0x08007f84        0x4 
 .rodata.__mprec_bigtens
                0x08007f88       0x28 D:/tools/ST/STM32CubeIDE_2.0.0/STM32CubeIDE/plugins/com.st.stm32cube.ide.mcu.externaltools.gnu-tools-for-stm32.13.3.rel1.win32_1.0.100.202509120712/tools/bin/../lib/gcc/arm-none-eabi/13.3.1/../../../../arm-none-eabi/lib/thumb/v7-m/nofp\libc_nano.a(libc_a-mprec.o)
                0x08007f88                __mprec_bigtens
 .rodata.__mprec_tens
                0x08007fb0       0xc8 D:/tools/ST/STM32CubeIDE_2.0.0/STM32CubeIDE/plugins/com.st.stm32cube.ide.mcu.externaltools.gnu-tools-for-stm32.13.3.rel1.win32_1.0.100.202509120712/tools/bin/../lib/gcc/arm-none-eabi/13.3.1/../../../../arm-none-eabi/lib/thumb/v7-m/nofp\libc_nano.a(libc_a-mprec.o)
                0x08007fb0                __mprec_tens
 .rodata._setlocale_r.str1.1
                0x08008078        0x0 D:/tools/ST/STM32CubeIDE_2.0.0/STM32CubeIDE/plugins/com.st.stm32cube.ide.mcu.externaltools.gnu-tools-for-stm32.13.3.rel1.win32_1.0.100.202509120712/tools/bin/../lib/gcc/arm-none-eabi/13.3.1/../../../../arm-none-eabi/lib/thumb/v7-m/nofp\libc_nano.a(libc_a-locale.o)
                                  0x9 (size before relaxing)
 .rodata.str1.1
                0x08008078        0x0 D:/tools/ST/STM32CubeIDE_2.0.0/STM32CubeIDE/plugins/com.st.stm32cube.ide.mcu.externaltools.gnu-tools-for-stm32.13.3.rel1.win32_1.0.100.202509120712/tools/bin/../lib/gcc/arm-none-eabi/13.3.1/../../../../arm-none-eabi/lib/thumb/v7-m/nofp\libc_nano.a(libc_a-locale.o)
                                  0x2 (size before relaxing)
 .rodata.__assert_func.str1.1
                0x08008078        0x0 D:/tools/ST/STM32CubeIDE_2.0.0/STM32CubeIDE/plugins/com.st.stm32cube.ide.mcu.externaltools.gnu-tools-for-stm32.13.3.rel1.win32_1.0.100.202509120712/tools/bin/../lib/gcc/arm-none-eabi/13.3.1/../../../../arm-none-eabi/lib/thumb/v7-m/nofp\libc_nano.a(libc_a-assert.o)
                                 0x3d (size before relaxing)
 .rodata._ctype_
                0x08008078      0x101 D:/tools/ST/STM32CubeIDE_2.0.0/STM32CubeIDE/plugins/com.st.stm32cube.ide.mcu.externaltools.gnu-tools-for-stm32.13.3.rel1.win32_1.0.100.202509120712/tools/bin/../lib/gcc/arm-none-eabi/13.3.1/../../../../arm-none-eabi/lib/thumb/v7-m/nofp\libc_nano.a(libc_a-ctype_.o)
                0x08008078                _ctype_
 .rodata._vfprintf_r.str1.1
                0x08008179        0x0 D:/tools/ST/STM32CubeIDE_2.0.0/STM32CubeIDE/plugins/com.st.stm32cube.ide.mcu.externaltools.gnu-tools-for-stm32.13.3.rel1.win32_1.0.100.202509120712/tools/bin/../lib/gcc/arm-none-eabi/13.3.1/../../../../arm-none-eabi/lib/thumb/v7-m/nofp\libc_nano.a(libc_a-nano-vfprintf.o)
                                 0x11 (size before relaxing)
                0x0800817c                        . = ALIGN (0x4)
 *fill*         0x08008179        0x3 

.ARM.extab      0x0800817c        0x0
                0x0800817c                        . = ALIGN (0x4)
 *(.ARM.extab* .gnu.linkonce.armextab.*)
                0x0800817c                        . = ALIGN (0x4)

.ARM            0x0800817c        0x8
                0x0800817c                        . = ALIGN (0x4)
                0x0800817c                        __exidx_start = .
 *(.ARM.exidx*)
 .ARM.exidx     0x0800817c        0x8 D:/tools/ST/STM32CubeIDE_2.0.0/STM32CubeIDE/plugins/com.st.stm32cube.ide.mcu.externaltools.gnu-tools-for-stm32.13.3.rel1.win32_1.0.100.202509120712/tools/bin/../lib/gcc/arm-none-eabi/13.3.1/../../../../arm-none-eabi/lib/thumb/v7-m/nofp\libc_nano.a(libc_a-strlen.o)
                0x08008184                        __exidx_end = .
                0x08008184                        . = ALIGN (0x4)

.rel.dyn        0x08008184        0x0
 .rel.iplt      0x08008184        0x0 D:/tools/ST/STM32CubeIDE_2.0.0/STM32CubeIDE/plugins/com.st.stm32cube.ide.mcu.externaltools.gnu-tools-for-stm32.13.3.rel1.win32_1.0.100.202509120712/tools/bin/../lib/gcc/arm-none-eabi/13.3.1/thumb/v7-m/nofp/crtbegin.o

.preinit_array  0x08008184        0x0
                0x08008184                        . = ALIGN (0x4)
                0x08008184                        PROVIDE (__preinit_array_start = .)
 *(.preinit_array*)
                0x08008184                        PROVIDE (__preinit_array_end = .)
                0x08008184                        . = ALIGN (0x4)

.init_array     0x08008184        0x4
                0x08008184                        . = ALIGN (0x4)
                0x08008184                        PROVIDE (__init_array_start = .)
 *(SORT_BY_NAME(.init_array.*))
 *(.init_array*)
 .init_array    0x08008184        0x4 D:/tools/ST/STM32CubeIDE_2.0.0/STM32CubeIDE/plugins/com.st.stm32cube.ide.mcu.externaltools.gnu-tools-for-stm32.13.3.rel1.win32_1.0.100.202509120712/tools/bin/../lib/gcc/arm-none-eabi/13.3.1/thumb/v7-m/nofp/crtbegin.o
                0x08008188                        PROVIDE (__init_array_end = .)
                0x08008188                        . = ALIGN (0x4)

.fini_array     0x08008188        0x4
                0x08008188                        . = ALIGN (0x4)
                [!provide]                        PROVIDE (__fini_array_start = .)
 *(SORT_BY_NAME(.fini_array.*))
 *(.fini_array*)
 .fini_array    0x08008188        0x4 D:/tools/ST/STM32CubeIDE_2.0.0/STM32CubeIDE/plugins/com.st.stm32cube.ide.mcu.externaltools.gnu-tools-for-stm32.13.3.rel1.win32_1.0.100.202509120712/tools/bin/../lib/gcc/arm-none-eabi/13.3.1/thumb/v7-m/nofp/crtbegin.o
                [!provide]                        PROVIDE (__fini_array_end = .)
                0x0800818c                        . = ALIGN (0x4)
                0x0800818c                        _sidata = LOADADDR (.data)

.data           0x20000000      0x278 load address 0x0800818c
                0x20000000                        . = ALIGN (0x4)
                0x20000000                        _sdata = .
 *(.data)
 *(.data*)
 .data.SystemCoreClock
                0x20000000        0x4 ./Core/Src/system_stm32f1xx.o
                0x20000000                SystemCoreClock
 .data.rom_virtaddr
                0x20000004       0x50 ./Core/Src/conf/ndsconf.o
                0x20000004                rom_virtaddr
 .data.nds_conf
                0x20000054       0x4a ./Core/Src/conf/ndsconf.o
                0x20000054                nds_conf
 .data.report_distance_sth
                0x2000009e        0x2 ./Core/Src/io/process.o
                0x2000009e                report_distance_sth
 .data.report_axisAng_sth
                0x200000a0        0x2 ./Core/Src/io/process.o
                0x200000a0                report_axisAng_sth
 .data.report_stationAng_sth
                0x200000a2        0x2 ./Core/Src/io/process.o
                0x200000a2                report_stationAng_sth
 .data.report_touched_sth
                0x200000a4        0x2 ./Core/Src/io/process.o
                0x200000a4                report_touched_sth
 .data.report_strength_sth
                0x200000a6        0x2 ./Core/Src/io/process.o
                0x200000a6                report_strength_sth
 .data.control_dur
                0x200000a8        0x2 ./Core/Src/io/process.o
                0x200000a8                control_dur
 .data.uwTickFreq
                0x200000aa        0x1 ./Drivers/STM32F1xx_HAL_Driver/Src/stm32f1xx_hal.o
                0x200000aa                uwTickFreq
 *fill*         0x200000ab        0x1 
 .data.uwTickPrio
                0x200000ac        0x4 ./Drivers/STM32F1xx_HAL_Driver/Src/stm32f1xx_hal.o
                0x200000ac                uwTickPrio
 .data.__sglue  0x200000b0        0xc D:/tools/ST/STM32CubeIDE_2.0.0/STM32CubeIDE/plugins/com.st.stm32cube.ide.mcu.externaltools.gnu-tools-for-stm32.13.3.rel1.win32_1.0.100.202509120712/tools/bin/../lib/gcc/arm-none-eabi/13.3.1/../../../../arm-none-eabi/lib/thumb/v7-m/nofp\libc_nano.a(libc_a-findfp.o)
                0x200000b0                __sglue
 .data._impure_ptr
                0x200000bc        0x4 D:/tools/ST/STM32CubeIDE_2.0.0/STM32CubeIDE/plugins/com.st.stm32cube.ide.mcu.externaltools.gnu-tools-for-stm32.13.3.rel1.win32_1.0.100.202509120712/tools/bin/../lib/gcc/arm-none-eabi/13.3.1/../../../../arm-none-eabi/lib/thumb/v7-m/nofp\libc_nano.a(libc_a-impure.o)
                0x200000bc                _impure_ptr
 .data._impure_data
                0x200000c0       0x4c D:/tools/ST/STM32CubeIDE_2.0.0/STM32CubeIDE/plugins/com.st.stm32cube.ide.mcu.externaltools.gnu-tools-for-stm32.13.3.rel1.win32_1.0.100.202509120712/tools/bin/../lib/gcc/arm-none-eabi/13.3.1/../../../../arm-none-eabi/lib/thumb/v7-m/nofp\libc_nano.a(libc_a-impure.o)
                0x200000c0                _impure_data
 .data.__global_locale
                0x2000010c      0x16c D:/tools/ST/STM32CubeIDE_2.0.0/STM32CubeIDE/plugins/com.st.stm32cube.ide.mcu.externaltools.gnu-tools-for-stm32.13.3.rel1.win32_1.0.100.202509120712/tools/bin/../lib/gcc/arm-none-eabi/13.3.1/../../../../arm-none-eabi/lib/thumb/v7-m/nofp\libc_nano.a(libc_a-locale.o)
                0x2000010c                __global_locale
 *(.RamFunc)
 *(.RamFunc*)
                0x20000278                        . = ALIGN (0x4)
                0x20000278                        _edata = .

.igot.plt       0x20000278        0x0 load address 0x08008404
 .igot.plt      0x20000278        0x0 D:/tools/ST/STM32CubeIDE_2.0.0/STM32CubeIDE/plugins/com.st.stm32cube.ide.mcu.externaltools.gnu-tools-for-stm32.13.3.rel1.win32_1.0.100.202509120712/tools/bin/../lib/gcc/arm-none-eabi/13.3.1/thumb/v7-m/nofp/crtbegin.o
                0x20000278                        . = ALIGN (0x4)

.bss            0x20000278      0x7a4 load address 0x08008404
                0x20000278                        _sbss = .
                0x20000278                        __bss_start__ = _sbss
 *(.bss)
 .bss           0x20000278       0x1c D:/tools/ST/STM32CubeIDE_2.0.0/STM32CubeIDE/plugins/com.st.stm32cube.ide.mcu.externaltools.gnu-tools-for-stm32.13.3.rel1.win32_1.0.100.202509120712/tools/bin/../lib/gcc/arm-none-eabi/13.3.1/thumb/v7-m/nofp/crtbegin.o
 *(.bss*)
 .bss.hdma_adc1
                0x20000294       0x44 ./Core/Src/adc.o
                0x20000294                hdma_adc1
 .bss.hadc1     0x200002d8       0x30 ./Core/Src/adc.o
                0x200002d8                hadc1
 .bss.hcan      0x20000308       0x28 ./Core/Src/can.o
                0x20000308                hcan
 .bss.__sbrk_heap_end
                0x20000330        0x4 ./Core/Src/sysmem.o
 .bss.htim4     0x20000334       0x48 ./Core/Src/tim.o
                0x20000334                htim4
 .bss.htim2     0x2000037c       0x48 ./Core/Src/tim.o
                0x2000037c                htim2
 .bss.htim1     0x200003c4       0x48 ./Core/Src/tim.o
                0x200003c4                htim1
 .bss.huart3    0x2000040c       0x48 ./Core/Src/usart.o
                0x2000040c                huart3
 .bss.huart2    0x20000454       0x48 ./Core/Src/usart.o
                0x20000454                huart2
 .bss.huart1    0x2000049c       0x48 ./Core/Src/usart.o
                0x2000049c                huart1
 .bss.NumbOfVar
                0x200004e4        0x2 ./Core/Src/conf/ndsconf.o
                0x200004e4                NumbOfVar
 *fill*         0x200004e6        0x2 
 .bss.VirtAddVarTab
                0x200004e8        0x4 ./Core/Src/conf/ndsconf.o
                0x200004e8                VirtAddVarTab
 .bss.DataVar   0x200004ec        0x2 ./Core/Src/eeprom/eeprom.o
                0x200004ec                DataVar
 *fill*         0x200004ee        0x2 
 .bss.rx_hdr.0  0x200004f0       0x1c ./Core/Src/io/canport.o
 .bss.tx_hdr.1  0x2000050c       0x18 ./Core/Src/io/canport.o
 .bss.canport   0x20000524       0x70 ./Core/Src/io/canport.o
                0x20000524                canport
 .bss.CANDataBuf
                0x20000594      0x12c ./Core/Src/io/canport.o
                0x20000594                CANDataBuf
 .bss.lastEventTick.0
                0x200006c0        0x4 ./Core/Src/io/process.o
 .bss.loop_tick.1
                0x200006c4        0x4 ./Core/Src/io/process.o
 .bss.portHdl   0x200006c8        0x4 ./Core/Src/io/usartport.o
                0x200006c8                portHdl
 .bss.rcvPort   0x200006cc       0x14 ./Core/Src/io/usartport.o
                0x200006cc                rcvPort
 .bss.usart_rcvData
                0x200006e0        0x1 ./Core/Src/io/usartport.o
                0x200006e0                usart_rcvData
 .bss.g_touchedState
                0x200006e1        0x3 ./Core/Src/sensors/gpioexti.o
                0x200006e1                g_touchedState
 .bss.g_touchedEvent
                0x200006e4        0x1 ./Core/Src/sensors/gpioexti.o
                0x200006e4                g_touchedEvent
 *fill*         0x200006e5        0x3 
 .bss.samples.0
                0x200006e8        0x4 ./Core/Src/sensors/hx711.o
 .bss.lastTick.1
                0x200006ec        0x4 ./Core/Src/sensors/hx711.o
 .bss.hx711_eo_data
                0x200006f0        0x4 ./Core/Src/sensors/hx711.o
                0x200006f0                hx711_eo_data
 .bss.hx711_ave_samples
                0x200006f4        0x4 ./Core/Src/sensors/hx711.o
                0x200006f4                hx711_ave_samples
 .bss.hx711_value_sum
                0x200006f8        0x4 ./Core/Src/sensors/hx711.o
                0x200006f8                hx711_value_sum
 .bss.g_hx711   0x200006fc       0x18 ./Core/Src/sensors/hx711.o
                0x200006fc                g_hx711
 .bss.txIdx.0   0x20000714        0x1 ./Core/Src/sensors/modbus.o
 *fill*         0x20000715        0x3 
 .bss.deviceSpeed
                0x20000718       0x14 ./Core/Src/sensors/modbus.o
                0x20000718                deviceSpeed
 .bss.deviceAngle
                0x2000072c       0x14 ./Core/Src/sensors/modbus.o
                0x2000072c                deviceAngle
 .bss.mb_frameReceived
                0x20000740        0x1 ./Core/Src/sensors/modbus.o
                0x20000740                mb_frameReceived
 *fill*         0x20000741        0x1 
 .bss.mb_rxLen  0x20000742        0x2 ./Core/Src/sensors/modbus.o
                0x20000742                mb_rxLen
 .bss.mb_txBuffer
                0x20000744       0x28 ./Core/Src/sensors/modbus.o
                0x20000744                mb_txBuffer
 .bss.mb_rxBuffer
                0x2000076c      0x100 ./Core/Src/sensors/modbus.o
                0x2000076c                mb_rxBuffer
 .bss.tof_debugErrCount
                0x2000086c        0x4 ./Core/Src/sensors/tof.o
                0x2000086c                tof_debugErrCount
 .bss.tof_debugFrameCount
                0x20000870        0x4 ./Core/Src/sensors/tof.o
                0x20000870                tof_debugFrameCount
 .bss.tof_debugRxCount
                0x20000874        0x4 ./Core/Src/sensors/tof.o
                0x20000874                tof_debugRxCount
 .bss.distanceValid
                0x20000878        0x1 ./Core/Src/sensors/tof.o
                0x20000878                distanceValid
 *fill*         0x20000879        0x1 
 .bss.deviceDistance
                0x2000087a        0x2 ./Core/Src/sensors/tof.o
                0x2000087a                deviceDistance
 .bss.tof_lastRxTick
                0x2000087c        0x4 ./Core/Src/sensors/tof.o
                0x2000087c                tof_lastRxTick
 .bss.tof_rxIndex
                0x20000880        0x1 ./Core/Src/sensors/tof.o
                0x20000880                tof_rxIndex
 .bss.tof_frameReceived
                0x20000881        0x1 ./Core/Src/sensors/tof.o
                0x20000881                tof_frameReceived
 .bss.tof_rxLen
                0x20000882        0x2 ./Core/Src/sensors/tof.o
                0x20000882                tof_rxLen
 .bss.tof_rxByte
                0x20000884        0x1 ./Core/Src/sensors/tof.o
                0x20000884                tof_rxByte
 .bss.tof_rxBuffer
                0x20000885       0x20 ./Core/Src/sensors/tof.o
                0x20000885                tof_rxBuffer
 *fill*         0x200008a5        0x3 
 .bss.uwTick    0x200008a8        0x4 ./Drivers/STM32F1xx_HAL_Driver/Src/stm32f1xx_hal.o
                0x200008a8                uwTick
 *fill*         0x200008ac        0x4 
 .bss.pFlash    0x200008b0       0x20 ./Drivers/STM32F1xx_HAL_Driver/Src/stm32f1xx_hal_flash.o
                0x200008b0                pFlash
 .bss.__sf      0x200008d0      0x138 D:/tools/ST/STM32CubeIDE_2.0.0/STM32CubeIDE/plugins/com.st.stm32cube.ide.mcu.externaltools.gnu-tools-for-stm32.13.3.rel1.win32_1.0.100.202509120712/tools/bin/../lib/gcc/arm-none-eabi/13.3.1/../../../../arm-none-eabi/lib/thumb/v7-m/nofp\libc_nano.a(libc_a-findfp.o)
                0x200008d0                __sf
 .bss.__stdio_exit_handler
                0x20000a08        0x4 D:/tools/ST/STM32CubeIDE_2.0.0/STM32CubeIDE/plugins/com.st.stm32cube.ide.mcu.externaltools.gnu-tools-for-stm32.13.3.rel1.win32_1.0.100.202509120712/tools/bin/../lib/gcc/arm-none-eabi/13.3.1/../../../../arm-none-eabi/lib/thumb/v7-m/nofp\libc_nano.a(libc_a-findfp.o)