../Core/Src/sensors/hx711.c:23:6:hx711_delay_us	0	static
../Core/Src/sensors/hx711.c:29:6:hx711_init	48	static
../Core/Src/sensors/hx711.c:61:9:hx711_value	16	static
../Core/Src/sensors/hx711.c:97:9:hx711_value_ave	24	static
../Core/Src/sensors/hx711.c:110:6:hx711_setGain	0	static
../Core/Src/sensors/hx711.c:117:6:hx711_tare	24	static
../Core/Src/sensors/hx711.c:128:6:hx711_calibration	16	static
../Core/Src/sensors/hx711.c:134:7:hx711_weight	24	static
../Core/Src/sensors/hx711.c:148:9:hx711_is_ready	8	static
../Core/Src/sensors/hx711.c:154:6:hx711_coef_set	0	static
../Core/Src/sensors/hx711.c:159:7:hx711_coef_get	0	static
../Core/Src/sensors/hx711.c:164:6:hx711_power_down	8	static
../Core/Src/sensors/hx711.c:171:6:hx711_power_up	0	static
../Core/Src/sensors/hx711.c:176:6:hx711_proc	16	static
